Archive member included to satisfy reference by file (symbol)

c:/progra~1/raspbe~1/picosd~1.1/gcc-ar~1/bin/../lib/gcc/arm-none-eabi/10.3.1/thumb/v6-m/nofp\libgcc.a(_dvmd_tls.o)
                              CMakeFiles/book_kbd.dir/C_/SRC/pico-sdk/src/rp2_common/pico_divider/divider.S.obj (__aeabi_idiv0)
c:/progra~1/raspbe~1/picosd~1.1/gcc-ar~1/bin/../lib/gcc/arm-none-eabi/10.3.1/../../../../arm-none-eabi/lib/thumb/v6-m/nofp\libc.a(lib_a-calloc.o)
                              CMakeFiles/book_kbd.dir/C_/SRC/pico-sdk/src/rp2_common/pico_malloc/pico_malloc.c.obj (calloc)
c:/progra~1/raspbe~1/picosd~1.1/gcc-ar~1/bin/../lib/gcc/arm-none-eabi/10.3.1/../../../../arm-none-eabi/lib/thumb/v6-m/nofp\libc.a(lib_a-callocr.o)
                              c:/progra~1/raspbe~1/picosd~1.1/gcc-ar~1/bin/../lib/gcc/arm-none-eabi/10.3.1/../../../../arm-none-eabi/lib/thumb/v6-m/nofp\libc.a(lib_a-calloc.o) (_calloc_r)
c:/progra~1/raspbe~1/picosd~1.1/gcc-ar~1/bin/../lib/gcc/arm-none-eabi/10.3.1/../../../../arm-none-eabi/lib/thumb/v6-m/nofp\libc.a(lib_a-errno.o)
                              c:/progra~1/raspbe~1/picosd~1.1/gcc-ar~1/bin/../lib/gcc/arm-none-eabi/10.3.1/../../../../arm-none-eabi/lib/thumb/v6-m/nofp\libc.a(lib_a-callocr.o) (__errno)
c:/progra~1/raspbe~1/picosd~1.1/gcc-ar~1/bin/../lib/gcc/arm-none-eabi/10.3.1/../../../../arm-none-eabi/lib/thumb/v6-m/nofp\libc.a(lib_a-impure.o)
                              c:/progra~1/raspbe~1/picosd~1.1/gcc-ar~1/bin/../lib/gcc/arm-none-eabi/10.3.1/../../../../arm-none-eabi/lib/thumb/v6-m/nofp\libc.a(lib_a-calloc.o) (_impure_ptr)
c:/progra~1/raspbe~1/picosd~1.1/gcc-ar~1/bin/../lib/gcc/arm-none-eabi/10.3.1/../../../../arm-none-eabi/lib/thumb/v6-m/nofp\libc.a(lib_a-init.o)
                              c:/progra~1/raspbe~1/picosd~1.1/gcc-ar~1/bin/../lib/gcc/arm-none-eabi/10.3.1/../../../../arm-none-eabi/lib/thumb/v6-m/nofp/crt0.o (__libc_init_array)
c:/progra~1/raspbe~1/picosd~1.1/gcc-ar~1/bin/../lib/gcc/arm-none-eabi/10.3.1/../../../../arm-none-eabi/lib/thumb/v6-m/nofp\libc.a(lib_a-malloc.o)
                              CMakeFiles/book_kbd.dir/C_/SRC/pico-sdk/src/rp2_common/pico_malloc/pico_malloc.c.obj (malloc)
c:/progra~1/raspbe~1/picosd~1.1/gcc-ar~1/bin/../lib/gcc/arm-none-eabi/10.3.1/../../../../arm-none-eabi/lib/thumb/v6-m/nofp\libc.a(lib_a-mallocr.o)
                              c:/progra~1/raspbe~1/picosd~1.1/gcc-ar~1/bin/../lib/gcc/arm-none-eabi/10.3.1/../../../../arm-none-eabi/lib/thumb/v6-m/nofp\libc.a(lib_a-callocr.o) (_malloc_r)
c:/progra~1/raspbe~1/picosd~1.1/gcc-ar~1/bin/../lib/gcc/arm-none-eabi/10.3.1/../../../../arm-none-eabi/lib/thumb/v6-m/nofp\libc.a(lib_a-memmove.o)
                              CMakeFiles/book_kbd.dir/book_kbd.c.obj (memmove)
c:/progra~1/raspbe~1/picosd~1.1/gcc-ar~1/bin/../lib/gcc/arm-none-eabi/10.3.1/../../../../arm-none-eabi/lib/thumb/v6-m/nofp\libc.a(lib_a-mlock.o)
                              c:/progra~1/raspbe~1/picosd~1.1/gcc-ar~1/bin/../lib/gcc/arm-none-eabi/10.3.1/../../../../arm-none-eabi/lib/thumb/v6-m/nofp\libc.a(lib_a-mallocr.o) (__malloc_lock)
c:/progra~1/raspbe~1/picosd~1.1/gcc-ar~1/bin/../lib/gcc/arm-none-eabi/10.3.1/../../../../arm-none-eabi/lib/thumb/v6-m/nofp\libc.a(lib_a-realloc.o)
                              CMakeFiles/book_kbd.dir/C_/SRC/pico-sdk/src/rp2_common/pico_malloc/pico_malloc.c.obj (realloc)
c:/progra~1/raspbe~1/picosd~1.1/gcc-ar~1/bin/../lib/gcc/arm-none-eabi/10.3.1/../../../../arm-none-eabi/lib/thumb/v6-m/nofp\libc.a(lib_a-reallocr.o)
                              c:/progra~1/raspbe~1/picosd~1.1/gcc-ar~1/bin/../lib/gcc/arm-none-eabi/10.3.1/../../../../arm-none-eabi/lib/thumb/v6-m/nofp\libc.a(lib_a-realloc.o) (_realloc_r)
c:/progra~1/raspbe~1/picosd~1.1/gcc-ar~1/bin/../lib/gcc/arm-none-eabi/10.3.1/../../../../arm-none-eabi/lib/thumb/v6-m/nofp\libc.a(lib_a-sbrkr.o)
                              c:/progra~1/raspbe~1/picosd~1.1/gcc-ar~1/bin/../lib/gcc/arm-none-eabi/10.3.1/../../../../arm-none-eabi/lib/thumb/v6-m/nofp\libc.a(lib_a-mallocr.o) (_sbrk_r)
c:/progra~1/raspbe~1/picosd~1.1/gcc-ar~1/bin/../lib/gcc/arm-none-eabi/10.3.1/../../../../arm-none-eabi/lib/thumb/v6-m/nofp\libc.a(lib_a-strlen-stub.o)
                              CMakeFiles/book_kbd.dir/C_/SRC/pico-sdk/src/rp2_common/pico_stdio/stdio.c.obj (strlen)
c:/progra~1/raspbe~1/picosd~1.1/gcc-ar~1/bin/../lib/gcc/arm-none-eabi/10.3.1/../../../../arm-none-eabi/lib/thumb/v6-m/nofp\libc.a(lib_a-freer.o)
                              c:/progra~1/raspbe~1/picosd~1.1/gcc-ar~1/bin/../lib/gcc/arm-none-eabi/10.3.1/../../../../arm-none-eabi/lib/thumb/v6-m/nofp\libc.a(lib_a-malloc.o) (_free_r)
c:/progra~1/raspbe~1/picosd~1.1/gcc-ar~1/bin/../lib/gcc/arm-none-eabi/10.3.1/../../../../arm-none-eabi/lib/thumb/v6-m/nofp\libc.a(lib_a-lock.o)
                              c:/progra~1/raspbe~1/picosd~1.1/gcc-ar~1/bin/../lib/gcc/arm-none-eabi/10.3.1/../../../../arm-none-eabi/lib/thumb/v6-m/nofp\libc.a(lib_a-mlock.o) (__retarget_lock_acquire_recursive)
[...]
Memory Configuration

Name             Origin             Length             Attributes
FLASH            0x10000000         0x00200000         xr
RAM              0x20000000         0x00040000         xrw
SCRATCH_X        0x20040000         0x00001000         xrw
SCRATCH_Y        0x20041000         0x00001000         xrw
*default*        0x00000000         0xffffffff

Linker script and memory map

LOAD c:/progra~1/raspbe~1/picosd~1.1/gcc-ar~1/bin/../lib/gcc/arm-none-eabi/10.3.1/thumb/v6-m/nofp/crti.o
LOAD c:/progra~1/raspbe~1/picosd~1.1/gcc-ar~1/bin/../lib/gcc/arm-none-eabi/10.3.1/thumb/v6-m/nofp/crtbegin.o
LOAD c:/progra~1/raspbe~1/picosd~1.1/gcc-ar~1/bin/../lib/gcc/arm-none-eabi/10.3.1/../../../../arm-none-eabi/lib/thumb/v6-m/nofp/crt0.o

.flash_begin    0x10000000        0x0
                0x10000000                __flash_binary_start = .

.boot2          0x10000000      0x100
                0x10000000                __boot2_start__ = .
 *(.boot2)
 .boot2         0x10000000      0x100 C:\Users\n0p\AppData\Local\Temp\ccmTbk3t.o
                0x10000100                __boot2_end__ = .
                0x00000001                ASSERT (((__boot2_end__ - __boot2_start__) == 0x100), ERROR: Pico second stage bootloader must be 256 bytes in size)

.text           0x10000100     0x9400
                0x10000100                __logical_binary_start = .
 *(.vectors)
 .vectors       0x10000100       0xd4 CMakeFiles/book_kbd.dir/C_/SRC/pico-sdk/src/rp2_common/pico_standard_link/crt0.S.obj
                0x10000100                __VECTOR_TABLE
                0x10000100                __vectors
                0x100001c0                isr_invalid
                0x100001c0                __default_isrs_start
                0x100001c2                isr_nmi
                0x100001c4                isr_hardfault
                0x100001c6                isr_svcall
                0x100001c8                isr_pendsv
                0x100001ca                isr_systick
                0x100001cc                isr_irq23
                0x100001cc                isr_irq18
                0x100001cc                isr_irq11
                0x100001cc                isr_irq28
                0x100001cc                isr_irq19
                0x100001cc                isr_irq0
                0x100001cc                isr_irq6
                0x100001cc                isr_irq5
                0x100001cc                isr_irq12
                0x100001cc                isr_irq22
                0x100001cc                isr_irq31
                0x100001cc                isr_irq17
                0x100001cc                isr_irq27
                0x100001cc                isr_irq30
                0x100001cc                isr_irq2
                0x100001cc                isr_irq10
                0x100001cc                isr_irq8
                0x100001cc                isr_irq24
                0x100001cc                isr_irq1
                0x100001cc                isr_irq7
                0x100001cc                isr_irq21
                0x100001cc                isr_irq20
                0x100001cc                isr_irq15
                0x100001cc                isr_irq25
                0x100001cc                isr_irq13
                0x100001cc                __unhandled_user_irq
                0x100001cc                isr_irq4
                0x100001cc                isr_irq16
                0x100001cc                isr_irq29
                0x100001cc                isr_irq26
                0x100001cc                __default_isrs_end
                0x100001cc                isr_irq3
                0x100001cc                isr_irq14
                0x100001cc                isr_irq9
                0x100001d2                unhandled_user_irq_num_in_r0
 *(.binary_info_header)
 .binary_info_header
                0x100001d4       0x14 CMakeFiles/book_kbd.dir/C_/SRC/pico-sdk/src/rp2_common/pico_standard_link/crt0.S.obj
                0x100001e8                __binary_info_header_end = .
 *(.reset)
 .reset         0x100001e8       0xa0 CMakeFiles/book_kbd.dir/C_/SRC/pico-sdk/src/rp2_common/pico_standard_link/crt0.S.obj
                0x100001e8                _entry_point
 .reset         0x10000288       0x30 CMakeFiles/book_kbd.dir/C_/SRC/pico-sdk/src/rp2_common/pico_standard_link/binary_info.c.obj
 *(.init)
 .init          0x100002b8        0x4 c:/progra~1/raspbe~1/picosd~1.1/gcc-ar~1/bin/../lib/gcc/arm-none-eabi/10.3.1/thumb/v6-m/nofp/crti.o
                0x100002b8                _init
 *(EXCLUDE_FILE(*libm.a: *libc.a:*lib_a-mem*.o *libgcc.a:) .text*)
 .text          0x100002bc       0x48 c:/progra~1/raspbe~1/picosd~1.1/gcc-ar~1/bin/../lib/gcc/arm-none-eabi/10.3.1/thumb/v6-m/nofp/crtbegin.o
 .text.send_key.part.0
                0x10000304       0xb4 CMakeFiles/book_kbd.dir/book_kbd.c.obj
 .text.main_cycle
                0x100003b8      0x130 CMakeFiles/book_kbd.dir/book_kbd.c.obj
                0x100003b8                main_cycle
 .text.startup.main
                0x100004e8      0x29c CMakeFiles/book_kbd.dir/book_kbd.c.obj
                0x100004e8                main
 .text.tuh_mount_cb
                0x10000784        0x4 CMakeFiles/book_kbd.dir/book_kbd.c.obj
                0x10000784                tuh_mount_cb
 .text.tuh_umount_cb
                0x10000788        0x4 CMakeFiles/book_kbd.dir/book_kbd.c.obj
                0x10000788                tuh_umount_cb
 .text.tuh_hid_mount_cb
                0x1000078c       0xb0 CMakeFiles/book_kbd.dir/book_kbd.c.obj
                0x1000078c                tuh_hid_mount_cb
 .text.tuh_hid_umount_cb
                0x1000083c       0x88 CMakeFiles/book_kbd.dir/book_kbd.c.obj
                0x1000083c                tuh_hid_umount_cb
 .text.tuh_hid_report_received_cb
                0x100008c4      0x4d0 CMakeFiles/book_kbd.dir/book_kbd.c.obj
                0x100008c4                tuh_hid_report_received_cb
 .text.gpio_set_function
                0x10000d94       0x30 CMakeFiles/book_kbd.dir/C_/SRC/pico-sdk/src/rp2_common/hardware_gpio/gpio.c.obj
                0x10000d94                gpio_set_function
 .text.gpio_init
                0x10000dc4       0x3c CMakeFiles/book_kbd.dir/C_/SRC/pico-sdk/src/rp2_common/hardware_gpio/gpio.c.obj
                0x10000dc4                gpio_init
 .text.running_on_fpga
                0x10000e00       0x10 CMakeFiles/book_kbd.dir/C_/SRC/pico-sdk/src/rp2_common/pico_platform/platform.c.obj
                0x10000e00                running_on_fpga
 .text.hw_claim_or_assert
                0x10000e10       0x44 CMakeFiles/book_kbd.dir/C_/SRC/pico-sdk/src/rp2_common/hardware_claim/claim.c.obj
                0x10000e10                hw_claim_or_assert
 .text.hw_claim_unused_from_range
                0x10000e54       0x9c CMakeFiles/book_kbd.dir/C_/SRC/pico-sdk/src/rp2_common/hardware_claim/claim.c.obj
                0x10000e54                hw_claim_unused_from_range
 .text.spin_locks_reset
                0x10000ef0       0x1c CMakeFiles/book_kbd.dir/C_/SRC/pico-sdk/src/rp2_common/hardware_sync/sync.c.obj
                0x10000ef0                spin_locks_reset
 .text.next_striped_spin_lock_num
                0x10000f0c       0x18 CMakeFiles/book_kbd.dir/C_/SRC/pico-sdk/src/rp2_common/hardware_sync/sync.c.obj
                0x10000f0c                next_striped_spin_lock_num
 .text.spin_lock_claim_unused
                0x10000f24       0x20 CMakeFiles/book_kbd.dir/C_/SRC/pico-sdk/src/rp2_common/hardware_sync/sync.c.obj
                0x10000f24                spin_lock_claim_unused
 .text.irq_set_enabled
                0x10000f44       0x24 CMakeFiles/book_kbd.dir/C_/SRC/pico-sdk/src/rp2_common/hardware_irq/irq.c.obj
                0x10000f44                irq_set_enabled
 .text.irq_get_vtable_handler
                0x10000f68       0x10 CMakeFiles/book_kbd.dir/C_/SRC/pico-sdk/src/rp2_common/hardware_irq/irq.c.obj
                0x10000f68                irq_get_vtable_handler
 .text.irq_set_exclusive_handler
                0x10000f78       0x54 CMakeFiles/book_kbd.dir/C_/SRC/pico-sdk/src/rp2_common/hardware_irq/irq.c.obj
                0x10000f78                irq_set_exclusive_handler
 .text.irq_add_shared_handler
                0x10000fcc      0x1e8 CMakeFiles/book_kbd.dir/C_/SRC/pico-sdk/src/rp2_common/hardware_irq/irq.c.obj
                0x10000fcc                irq_add_shared_handler
 .text.irq_remove_handler
                0x100011b4      0x1b0 CMakeFiles/book_kbd.dir/C_/SRC/pico-sdk/src/rp2_common/hardware_irq/irq.c.obj
                0x100011b4                irq_remove_handler
 .text.irq_add_tail_to_free_list
                0x10001364       0xb4 CMakeFiles/book_kbd.dir/C_/SRC/pico-sdk/src/rp2_common/hardware_irq/irq.c.obj
                0x10001364                irq_add_tail_to_free_list
 .text.irq_init_priorities
                0x10001418       0x24 CMakeFiles/book_kbd.dir/C_/SRC/pico-sdk/src/rp2_common/hardware_irq/irq.c.obj
                0x10001418                irq_init_priorities
 .text.lock_init
                0x1000143c       0x10 CMakeFiles/book_kbd.dir/C_/SRC/pico-sdk/src/common/pico_sync/lock_core.c.obj
                0x1000143c                lock_init
 .text.mutex_init
                0x1000144c       0x1c CMakeFiles/book_kbd.dir/C_/SRC/pico-sdk/src/common/pico_sync/mutex.c.obj
                0x1000144c                mutex_init
 .text.recursive_mutex_init
                0x10001468       0x1c CMakeFiles/book_kbd.dir/C_/SRC/pico-sdk/src/common/pico_sync/mutex.c.obj
                0x10001468                recursive_mutex_init
 .text.critical_section_init
                0x10001484       0x20 CMakeFiles/book_kbd.dir/C_/SRC/pico-sdk/src/common/pico_sync/critical_section.c.obj
                0x10001484                critical_section_init
 .text.timer_pool_entry_comparator
                0x100014a4       0x34 CMakeFiles/book_kbd.dir/C_/SRC/pico-sdk/src/common/pico_time/time.c.obj
                0x100014a4                timer_pool_entry_comparator
 .text.sleep_until_callback
                0x100014d8       0x30 CMakeFiles/book_kbd.dir/C_/SRC/pico-sdk/src/common/pico_time/time.c.obj
 .text.add_alarm_under_lock.isra.0
                0x10001508      0x100 CMakeFiles/book_kbd.dir/C_/SRC/pico-sdk/src/common/pico_time/time.c.obj
 .text.alarm_pool_alarm_callback
                0x10001608      0x1bc CMakeFiles/book_kbd.dir/C_/SRC/pico-sdk/src/common/pico_time/time.c.obj
 .text.alarm_pool_init_default
                0x100017c4       0x6c CMakeFiles/book_kbd.dir/C_/SRC/pico-sdk/src/common/pico_time/time.c.obj
                0x100017c4                alarm_pool_init_default
 .text.alarm_pool_add_alarm_at
                0x10001830      0x178 CMakeFiles/book_kbd.dir/C_/SRC/pico-sdk/src/common/pico_time/time.c.obj
                0x10001830                alarm_pool_add_alarm_at
 .text.sleep_until
                0x100019a8       0xc4 CMakeFiles/book_kbd.dir/C_/SRC/pico-sdk/src/common/pico_time/time.c.obj
                0x100019a8                sleep_until
 .text.sleep_us
                0x10001a6c       0x24 CMakeFiles/book_kbd.dir/C_/SRC/pico-sdk/src/common/pico_time/time.c.obj
                0x10001a6c                sleep_us
 .text.sleep_ms
                0x10001a90       0x34 CMakeFiles/book_kbd.dir/C_/SRC/pico-sdk/src/common/pico_time/time.c.obj
                0x10001a90                sleep_ms
 .text.best_effort_wfe_or_timeout
                0x10001ac4       0xd4 CMakeFiles/book_kbd.dir/C_/SRC/pico-sdk/src/common/pico_time/time.c.obj
                0x10001ac4                best_effort_wfe_or_timeout
 .text.hardware_alarm_irq_handler
                0x10001b98       0xbc CMakeFiles/book_kbd.dir/C_/SRC/pico-sdk/src/rp2_common/hardware_timer/timer.c.obj
 .text.hardware_alarm_claim
                0x10001c54       0x18 CMakeFiles/book_kbd.dir/C_/SRC/pico-sdk/src/rp2_common/hardware_timer/timer.c.obj
                0x10001c54                hardware_alarm_claim
 .text.time_us_64
                0x10001c6c       0x14 CMakeFiles/book_kbd.dir/C_/SRC/pico-sdk/src/rp2_common/hardware_timer/timer.c.obj
                0x10001c6c                time_us_64
 .text.busy_wait_us
                0x10001c80       0x54 CMakeFiles/book_kbd.dir/C_/SRC/pico-sdk/src/rp2_common/hardware_timer/timer.c.obj
                0x10001c80                busy_wait_us
 .text.busy_wait_until
                0x10001cd4       0x20 CMakeFiles/book_kbd.dir/C_/SRC/pico-sdk/src/rp2_common/hardware_timer/timer.c.obj
                0x10001cd4                busy_wait_until
 .text.hardware_alarm_set_callback
                0x10001cf4       0x8c CMakeFiles/book_kbd.dir/C_/SRC/pico-sdk/src/rp2_common/hardware_timer/timer.c.obj
                0x10001cf4                hardware_alarm_set_callback
 .text.hardware_alarm_set_target
                0x10001d80       0xd4 CMakeFiles/book_kbd.dir/C_/SRC/pico-sdk/src/rp2_common/hardware_timer/timer.c.obj
                0x10001d80                hardware_alarm_set_target
 .text.hardware_alarm_cancel
                0x10001e54       0x3c CMakeFiles/book_kbd.dir/C_/SRC/pico-sdk/src/rp2_common/hardware_timer/timer.c.obj
                0x10001e54                hardware_alarm_cancel
 .text.ph_merge_nodes
                0x10001e90       0x68 CMakeFiles/book_kbd.dir/C_/SRC/pico-sdk/src/common/pico_util/pheap.c.obj
 .text.ph_post_alloc_init
                0x10001ef8       0x3c CMakeFiles/book_kbd.dir/C_/SRC/pico-sdk/src/common/pico_util/pheap.c.obj
                0x10001ef8                ph_post_alloc_init
 .text.ph_merge_two_pass
                0x10001f34       0x90 CMakeFiles/book_kbd.dir/C_/SRC/pico-sdk/src/common/pico_util/pheap.c.obj
                0x10001f34                ph_merge_two_pass
 .text.ph_remove_any_head
                0x10001fc4      0x100 CMakeFiles/book_kbd.dir/C_/SRC/pico-sdk/src/common/pico_util/pheap.c.obj
 .text.ph_remove_head
                0x100020c4      0x104 CMakeFiles/book_kbd.dir/C_/SRC/pico-sdk/src/common/pico_util/pheap.c.obj
                0x100020c4                ph_remove_head
 .text.ph_remove_and_free_node
                0x100021c8       0x7c CMakeFiles/book_kbd.dir/C_/SRC/pico-sdk/src/common/pico_util/pheap.c.obj
                0x100021c8                ph_remove_and_free_node
 .text.uart_init
                0x10002244      0x188 CMakeFiles/book_kbd.dir/C_/SRC/pico-sdk/src/rp2_common/hardware_uart/uart.c.obj
                0x10002244                uart_init
 .text.clocks_init
                0x100023cc      0x2d0 CMakeFiles/book_kbd.dir/C_/SRC/pico-sdk/src/rp2_common/hardware_clocks/clocks.c.obj
                0x100023cc                clocks_init
 .text.clock_get_hz
                0x1000269c        0xc CMakeFiles/book_kbd.dir/C_/SRC/pico-sdk/src/rp2_common/hardware_clocks/clocks.c.obj
                0x1000269c                clock_get_hz
 .text.pll_init
                0x100026a8       0xa0 CMakeFiles/book_kbd.dir/C_/SRC/pico-sdk/src/rp2_common/hardware_pll/pll.c.obj
                0x100026a8                pll_init
 .text.watchdog_start_tick
                0x10002748       0x10 CMakeFiles/book_kbd.dir/C_/SRC/pico-sdk/src/rp2_common/hardware_watchdog/watchdog.c.obj
                0x10002748                watchdog_start_tick
 .text.xosc_init
                0x10002758       0x28 CMakeFiles/book_kbd.dir/C_/SRC/pico-sdk/src/rp2_common/hardware_xosc/xosc.c.obj
                0x10002758                xosc_init
 .text.runtime_init
                0x10002780       0xf0 CMakeFiles/book_kbd.dir/C_/SRC/pico-sdk/src/rp2_common/pico_runtime/runtime.c.obj
                0x10002780                runtime_init
 .text._exit    0x10002870        0x4 CMakeFiles/book_kbd.dir/C_/SRC/pico-sdk/src/rp2_common/pico_runtime/runtime.c.obj
                0x10002870                _exit
 .text.exit     0x10002874        0x8 CMakeFiles/book_kbd.dir/C_/SRC/pico-sdk/src/rp2_common/pico_runtime/runtime.c.obj
                0x10002874                exit
 .text.panic    0x1000287c       0x30 CMakeFiles/book_kbd.dir/C_/SRC/pico-sdk/src/rp2_common/pico_runtime/runtime.c.obj
                0x1000287c                panic
 .text.hard_assertion_failure
                0x100028ac        0xc CMakeFiles/book_kbd.dir/C_/SRC/pico-sdk/src/rp2_common/pico_runtime/runtime.c.obj
                0x100028ac                hard_assertion_failure
 .text._out_null
                0x100028b8        0x4 CMakeFiles/book_kbd.dir/C_/SRC/pico-sdk/src/rp2_common/pico_printf/printf.c.obj
 .text._out_rev
                0x100028bc       0x9c CMakeFiles/book_kbd.dir/C_/SRC/pico-sdk/src/rp2_common/pico_printf/printf.c.obj
 .text._ntoa_format
                0x10002958      0x1cc CMakeFiles/book_kbd.dir/C_/SRC/pico-sdk/src/rp2_common/pico_printf/printf.c.obj
 .text._out_char
                0x10002b24       0x10 CMakeFiles/book_kbd.dir/C_/SRC/pico-sdk/src/rp2_common/pico_printf/printf.c.obj
 .text._out_fct
                0x10002b34       0x10 CMakeFiles/book_kbd.dir/C_/SRC/pico-sdk/src/rp2_common/pico_printf/printf.c.obj
 .text._etoa    0x10002b44      0x44c CMakeFiles/book_kbd.dir/C_/SRC/pico-sdk/src/rp2_common/pico_printf/printf.c.obj
 .text._ftoa    0x10002f90      0x398 CMakeFiles/book_kbd.dir/C_/SRC/pico-sdk/src/rp2_common/pico_printf/printf.c.obj
 .text._vsnprintf
                0x10003328      0xb04 CMakeFiles/book_kbd.dir/C_/SRC/pico-sdk/src/rp2_common/pico_printf/printf.c.obj
 .text.vfctprintf
                0x10003e2c       0x20 CMakeFiles/book_kbd.dir/C_/SRC/pico-sdk/src/rp2_common/pico_printf/printf.c.obj
                0x10003e2c                vfctprintf
 .text.weak_raw_vprintf
                0x10003e4c       0x30 CMakeFiles/book_kbd.dir/C_/SRC/pico-sdk/src/rp2_common/pico_printf/printf.c.obj
                0x10003e4c                weak_raw_vprintf
 .text          0x10003e7c       0x10 CMakeFiles/book_kbd.dir/C_/SRC/pico-sdk/src/rp2_common/pico_bit_ops/bit_ops_aeabi.S.obj
 .text.rom_func_lookup
                0x10003e8c       0x10 CMakeFiles/book_kbd.dir/C_/SRC/pico-sdk/src/rp2_common/pico_bootrom/bootrom.c.obj
                0x10003e8c                rom_func_lookup
 .text.rom_data_lookup
                0x10003e9c       0x10 CMakeFiles/book_kbd.dir/C_/SRC/pico-sdk/src/rp2_common/pico_bootrom/bootrom.c.obj
                0x10003e9c                rom_data_lookup
 .text.rom_funcs_lookup
                0x10003eac       0x44 CMakeFiles/book_kbd.dir/C_/SRC/pico-sdk/src/rp2_common/pico_bootrom/bootrom.c.obj
                0x10003eac                rom_funcs_lookup
 .text.__wrap___aeabi_idiv
                0x10003ef0       0x50 CMakeFiles/book_kbd.dir/C_/SRC/pico-sdk/src/rp2_common/pico_divider/divider.S.obj
                0x10003ef0                __wrap___aeabi_idivmod
                0x10003ef0                divmod_s32s32
                0x10003ef0                div_s32s32
                0x10003ef0                __wrap___aeabi_idiv
                0x10003ef8                divmod_s32s32_unsafe
                0x10003f24                divmod_s32s32_savestate
 .text.__wrap___aeabi_uidiv
                0x10003f40       0x4c CMakeFiles/book_kbd.dir/C_/SRC/pico-sdk/src/rp2_common/pico_divider/divider.S.obj
                0x10003f40                __wrap___aeabi_uidiv
                0x10003f40                __wrap___aeabi_uidivmod
                0x10003f40                div_u32u32
                0x10003f40                divmod_u32u32
                0x10003f48                divmod_u32u32_unsafe
                0x10003f70                divmod_u32u32_savestate
 .text.__wrap___aeabi_ldiv
                0x10003f8c      0x424 CMakeFiles/book_kbd.dir/C_/SRC/pico-sdk/src/rp2_common/pico_divider/divider.S.obj
                0x10003f8c                div_s64s64
                0x10003f8c                divmod_s64s64
                0x10003f8c                __wrap___aeabi_ldivmod
                0x10003fbc                divmod_u64u64
                0x10003fbc                div_u64u64
                0x10003fbc                __wrap___aeabi_uldivmod
                0x10003fcc                divmod_u64u64_savestate
                0x10003fec                divmod_s64s64_unsafe
                0x10004074                divmod_u64u64_unsafe
 .text.__wrap___aeabi_darithmetic
                0x100043b0       0x80 CMakeFiles/book_kbd.dir/C_/SRC/pico-sdk/src/rp2_common/pico_double/double_aeabi.S.obj
                0x100043b0                __wrap___aeabi_drsub
                0x100043b6                __wrap___aeabi_dsub
                0x100043c8                __wrap___aeabi_dadd
                0x100043da                __wrap___aeabi_ddiv
                0x10004416                __wrap___aeabi_dmul
 .text.__wrap___aeabi_cdcmple
                0x10004430       0x6c CMakeFiles/book_kbd.dir/C_/SRC/pico-sdk/src/rp2_common/pico_double/double_aeabi.S.obj
                0x10004430                __wrap___aeabi_cdrcmple
                0x10004440                __wrap___aeabi_cdcmpeq
                0x10004440                __wrap___aeabi_cdcmple
 .text.__wrap___aeabi_dcmplt
                0x1000449c        0xc CMakeFiles/book_kbd.dir/C_/SRC/pico-sdk/src/rp2_common/pico_double/double_aeabi.S.obj
                0x1000449c                __wrap___aeabi_dcmplt
 .text.__wrap___aeabi_dcmple
                0x100044a8       0x10 CMakeFiles/book_kbd.dir/C_/SRC/pico-sdk/src/rp2_common/pico_double/double_aeabi.S.obj
                0x100044a8                __wrap___aeabi_dcmple
 .text.__wrap___aeabi_dcmpge
                0x100044b8       0x10 CMakeFiles/book_kbd.dir/C_/SRC/pico-sdk/src/rp2_common/pico_double/double_aeabi.S.obj
                0x100044b8                __wrap___aeabi_dcmpge
 .text.__wrap___aeabi_dcmpgt
                0x100044c8        0xa CMakeFiles/book_kbd.dir/C_/SRC/pico-sdk/src/rp2_common/pico_double/double_aeabi.S.obj
                0x100044c8                __wrap___aeabi_dcmpgt
 .text.__wrap___aeabi_dcmpun
                0x100044d2       0x1c CMakeFiles/book_kbd.dir/C_/SRC/pico-sdk/src/rp2_common/pico_double/double_aeabi.S.obj
                0x100044d2                __wrap___aeabi_dcmpun
 *fill*         0x100044ee        0x2 
 .text.__wrap___aeabi_i2d
                0x100044f0       0x38 CMakeFiles/book_kbd.dir/C_/SRC/pico-sdk/src/rp2_common/pico_double/double_aeabi.S.obj
                0x100044f0                __wrap___aeabi_ui2d
                0x100044f8                __wrap___aeabi_i2d
 .text.__wrap___aeabi_d2iz
                0x10004528       0x48 CMakeFiles/book_kbd.dir/C_/SRC/pico-sdk/src/rp2_common/pico_double/double_aeabi.S.obj
                0x10004528                double2int_z
                0x10004528                __wrap___aeabi_d2iz
 .text.__wrap___aeabi_d2uiz
                0x10004570       0x18 CMakeFiles/book_kbd.dir/C_/SRC/pico-sdk/src/rp2_common/pico_double/double_aeabi.S.obj
                0x10004570                __wrap___aeabi_d2uiz
                0x10004570                double2uint
 .text.__aeabi_double_init
                0x10004588       0x94 CMakeFiles/book_kbd.dir/C_/SRC/pico-sdk/src/rp2_common/pico_double/double_init_rom.c.obj
                0x10004588                __aeabi_double_init
 .text.double_table_shim_on_use_helper
                0x1000461c       0x2c CMakeFiles/book_kbd.dir/C_/SRC/pico-sdk/src/rp2_common/pico_double/double_v1_rom_shim.S.obj
                0x1000461c                double_table_shim_on_use_helper
 .text.__wrap___aeabi_dsub
                0x10004648       0x10 CMakeFiles/book_kbd.dir/C_/SRC/pico-sdk/src/rp2_common/pico_double/double_v1_rom_shim.S.obj
                0x10004648                drsub_shim
                0x1000464e                dsub_shim
 .text.dadd_shim
                0x10004658      0x15c CMakeFiles/book_kbd.dir/C_/SRC/pico-sdk/src/rp2_common/pico_double/double_v1_rom_shim.S.obj
                0x10004658                dadd_shim
 .text.dmul_shim
                0x100047b4      0x15c CMakeFiles/book_kbd.dir/C_/SRC/pico-sdk/src/rp2_common/pico_double/double_v1_rom_shim.S.obj
                0x100047b4                dmul_shim
 .text.ddiv_shim
                0x10004910      0x1b0 CMakeFiles/book_kbd.dir/C_/SRC/pico-sdk/src/rp2_common/pico_double/double_v1_rom_shim.S.obj
                0x10004910                ddiv_shim
 .text.double2uint_shim
                0x10004ac0        0xe CMakeFiles/book_kbd.dir/C_/SRC/pico-sdk/src/rp2_common/pico_double/double_v1_rom_shim.S.obj
                0x10004ac0                double2uint_shim
                0x10004ac2                double2ufix_shim
 *fill*         0x10004ace        0x2 
 .text.double2uint64_shim
                0x10004ad0       0x70 CMakeFiles/book_kbd.dir/C_/SRC/pico-sdk/src/rp2_common/pico_double/double_v1_rom_shim.S.obj
                0x10004ad0                double2uint64_shim
                0x10004ad2                double2ufix64_shim
                0x10004af2                d2fix_a
 .text.dunpacks
                0x10004b40       0x3c CMakeFiles/book_kbd.dir/C_/SRC/pico-sdk/src/rp2_common/pico_double/double_v1_rom_shim.S.obj
                0x10004b40                dunpacks
 .text.__aeabi_lmul
                0x10004b7c       0x32 CMakeFiles/book_kbd.dir/C_/SRC/pico-sdk/src/rp2_common/pico_int64_ops/pico_int64_ops_aeabi.S.obj
                0x10004b7c                __wrap___aeabi_lmul
 *fill*         0x10004bae        0x2 
 .text.__aeabi_float_init
                0x10004bb0       0x64 CMakeFiles/book_kbd.dir/C_/SRC/pico-sdk/src/rp2_common/pico_float/float_init_rom.c.obj
                0x10004bb0                __aeabi_float_init
 .text.float_table_shim_on_use_helper
                0x10004c14       0x2c CMakeFiles/book_kbd.dir/C_/SRC/pico-sdk/src/rp2_common/pico_float/float_v1_rom_shim.S.obj
                0x10004c14                float_table_shim_on_use_helper
 .text          0x10004c40       0x10 CMakeFiles/book_kbd.dir/C_/SRC/pico-sdk/src/rp2_common/pico_mem_ops/mem_ops_aeabi.S.obj
                0x10004c40                __aeabi_mem_init
 .text.memset   0x10004c50        0xc CMakeFiles/book_kbd.dir/C_/SRC/pico-sdk/src/rp2_common/pico_mem_ops/mem_ops_aeabi.S.obj
                0x10004c50                __wrap_memset
 .text.memcpy   0x10004c5c        0xc CMakeFiles/book_kbd.dir/C_/SRC/pico-sdk/src/rp2_common/pico_mem_ops/mem_ops_aeabi.S.obj
                0x10004c5c                __wrap_memcpy
                0x10004c5c                __wrap___aeabi_memcpy
 .text.stdio_out_chars_no_crlf
                0x10004c68       0x10 CMakeFiles/book_kbd.dir/C_/SRC/pico-sdk/src/rp2_common/pico_stdio/stdio.c.obj
 .text.stdio_out_chars_crlf
                0x10004c78       0xb4 CMakeFiles/book_kbd.dir/C_/SRC/pico-sdk/src/rp2_common/pico_stdio/stdio.c.obj
 .text.stdio_buffered_printer
                0x10004d2c       0x64 CMakeFiles/book_kbd.dir/C_/SRC/pico-sdk/src/rp2_common/pico_stdio/stdio.c.obj
 .text.stdio_put_string.isra.0
                0x10004d90       0xfc CMakeFiles/book_kbd.dir/C_/SRC/pico-sdk/src/rp2_common/pico_stdio/stdio.c.obj
 .text.__wrap_putchar
                0x10004e8c       0x98 CMakeFiles/book_kbd.dir/C_/SRC/pico-sdk/src/rp2_common/pico_stdio/stdio.c.obj
                0x10004e8c                __wrap_putchar
 .text.__wrap_puts
                0x10004f24       0x3c CMakeFiles/book_kbd.dir/C_/SRC/pico-sdk/src/rp2_common/pico_stdio/stdio.c.obj
                0x10004f24                __wrap_puts
 .text.stdio_set_driver_enabled
                0x10004f60       0x30 CMakeFiles/book_kbd.dir/C_/SRC/pico-sdk/src/rp2_common/pico_stdio/stdio.c.obj
                0x10004f60                stdio_set_driver_enabled
 .text.__wrap_vprintf
                0x10004f90       0xd8 CMakeFiles/book_kbd.dir/C_/SRC/pico-sdk/src/rp2_common/pico_stdio/stdio.c.obj
                0x10004f90                __wrap_vprintf
 .text.__wrap_printf
                0x10005068       0x18 CMakeFiles/book_kbd.dir/C_/SRC/pico-sdk/src/rp2_common/pico_stdio/stdio.c.obj
                0x10005068                __wrap_printf
 .text.stdio_uart_out_chars
                0x10005080       0x4c CMakeFiles/book_kbd.dir/C_/SRC/pico-sdk/src/rp2_common/pico_stdio_uart/stdio_uart.c.obj
 .text.stdio_uart_in_chars
                0x100050cc       0x84 CMakeFiles/book_kbd.dir/C_/SRC/pico-sdk/src/rp2_common/pico_stdio_uart/stdio_uart.c.obj
                0x100050cc                stdio_uart_in_chars
 .text.on_uart_rx
                0x10005150       0x28 CMakeFiles/book_kbd.dir/C_/SRC/pico-sdk/src/rp2_common/pico_stdio_uart/stdio_uart.c.obj
 .text.stdio_uart_set_chars_available_callback
                0x10005178       0x8c CMakeFiles/book_kbd.dir/C_/SRC/pico-sdk/src/rp2_common/pico_stdio_uart/stdio_uart.c.obj
 .text.stdio_uart_init_full
                0x10005204       0x3c CMakeFiles/book_kbd.dir/C_/SRC/pico-sdk/src/rp2_common/pico_stdio_uart/stdio_uart.c.obj
                0x10005204                stdio_uart_init_full
 .text.hcd_rp2040_irq
                0x10005240      0x34c CMakeFiles/book_kbd.dir/C_/SRC/pico-sdk/lib/tinyusb/src/portable/raspberrypi/rp2040/hcd_rp2040.c.obj
 .text.hcd_init
                0x1000558c       0x54 CMakeFiles/book_kbd.dir/C_/SRC/pico-sdk/lib/tinyusb/src/portable/raspberrypi/rp2040/hcd_rp2040.c.obj
                0x1000558c                hcd_init
 .text.hcd_port_reset
                0x100055e0        0x4 CMakeFiles/book_kbd.dir/C_/SRC/pico-sdk/lib/tinyusb/src/portable/raspberrypi/rp2040/hcd_rp2040.c.obj
                0x100055e0                hcd_port_reset
 .text.hcd_port_reset_end
                0x100055e4        0x4 CMakeFiles/book_kbd.dir/C_/SRC/pico-sdk/lib/tinyusb/src/portable/raspberrypi/rp2040/hcd_rp2040.c.obj
                0x100055e4                hcd_port_reset_end
 .text.hcd_port_connect_status
                0x100055e8       0x18 CMakeFiles/book_kbd.dir/C_/SRC/pico-sdk/lib/tinyusb/src/portable/raspberrypi/rp2040/hcd_rp2040.c.obj
                0x100055e8                hcd_port_connect_status
 .text.hcd_port_speed_get
                0x10005600       0x24 CMakeFiles/book_kbd.dir/C_/SRC/pico-sdk/lib/tinyusb/src/portable/raspberrypi/rp2040/hcd_rp2040.c.obj
                0x10005600                hcd_port_speed_get
 .text.hcd_device_close
                0x10005624      0x470 CMakeFiles/book_kbd.dir/C_/SRC/pico-sdk/lib/tinyusb/src/portable/raspberrypi/rp2040/hcd_rp2040.c.obj
                0x10005624                hcd_device_close
 .text.hcd_int_enable
                0x10005a94        0xc CMakeFiles/book_kbd.dir/C_/SRC/pico-sdk/lib/tinyusb/src/portable/raspberrypi/rp2040/hcd_rp2040.c.obj
                0x10005a94                hcd_int_enable
 .text.hcd_edpt_open
                0x10005aa0      0x230 CMakeFiles/book_kbd.dir/C_/SRC/pico-sdk/lib/tinyusb/src/portable/raspberrypi/rp2040/hcd_rp2040.c.obj
                0x10005aa0                hcd_edpt_open
 .text.hcd_edpt_xfer
                0x10005cd0      0x33c CMakeFiles/book_kbd.dir/C_/SRC/pico-sdk/lib/tinyusb/src/portable/raspberrypi/rp2040/hcd_rp2040.c.obj
                0x10005cd0                hcd_edpt_xfer
 .text.hcd_setup_send
                0x1000600c       0xa8 CMakeFiles/book_kbd.dir/C_/SRC/pico-sdk/lib/tinyusb/src/portable/raspberrypi/rp2040/hcd_rp2040.c.obj
                0x1000600c                hcd_setup_send
 .text._hw_endpoint_buffer_control_update32.part.0.isra.0
                0x100060b4       0x1c CMakeFiles/book_kbd.dir/C_/SRC/pico-sdk/lib/tinyusb/src/portable/raspberrypi/rp2040/rp2040_usb.c.obj
 .text.rp2040_usb_init
                0x100060d0       0x4c CMakeFiles/book_kbd.dir/C_/SRC/pico-sdk/lib/tinyusb/src/portable/raspberrypi/rp2040/rp2040_usb.c.obj
                0x100060d0                rp2040_usb_init
 .text.hw_endpoint_reset_transfer
                0x1000611c        0xc CMakeFiles/book_kbd.dir/C_/SRC/pico-sdk/lib/tinyusb/src/portable/raspberrypi/rp2040/rp2040_usb.c.obj
                0x1000611c                hw_endpoint_reset_transfer
 .text.hw_endpoint_start_next_buffer
                0x10006128      0x128 CMakeFiles/book_kbd.dir/C_/SRC/pico-sdk/lib/tinyusb/src/portable/raspberrypi/rp2040/rp2040_usb.c.obj
                0x10006128                hw_endpoint_start_next_buffer
 .text.hw_endpoint_xfer_start
                0x10006250      0x12c CMakeFiles/book_kbd.dir/C_/SRC/pico-sdk/lib/tinyusb/src/portable/raspberrypi/rp2040/rp2040_usb.c.obj
                0x10006250                hw_endpoint_xfer_start
 .text.hw_endpoint_xfer_continue
                0x1000637c       0xc0 CMakeFiles/book_kbd.dir/C_/SRC/pico-sdk/lib/tinyusb/src/portable/raspberrypi/rp2040/rp2040_usb.c.obj
                0x1000637c                hw_endpoint_xfer_continue
 .text._control_blocking_complete_cb
                0x1000643c        0x8 CMakeFiles/book_kbd.dir/C_/SRC/pico-sdk/lib/tinyusb/src/host/usbh.c.obj
 .text.process_device_unplugged
                0x10006444       0xf4 CMakeFiles/book_kbd.dir/C_/SRC/pico-sdk/lib/tinyusb/src/host/usbh.c.obj
 .text.usbh_control_xfer_cb.constprop.0.isra.0
                0x10006538      0x160 CMakeFiles/book_kbd.dir/C_/SRC/pico-sdk/lib/tinyusb/src/host/usbh.c.obj
 .text.tuh_task_ext.part.0
                0x10006698      0x1fc CMakeFiles/book_kbd.dir/C_/SRC/pico-sdk/lib/tinyusb/src/host/usbh.c.obj
 .text.tuh_control_xfer.part.0
                0x10006894       0xd8 CMakeFiles/book_kbd.dir/C_/SRC/pico-sdk/lib/tinyusb/src/host/usbh.c.obj
 .text.process_enumeration
                0x1000696c      0x570 CMakeFiles/book_kbd.dir/C_/SRC/pico-sdk/lib/tinyusb/src/host/usbh.c.obj
 .text.tuh_speed_get
                0x10006edc       0x24 CMakeFiles/book_kbd.dir/C_/SRC/pico-sdk/lib/tinyusb/src/host/usbh.c.obj
                0x10006edc                tuh_speed_get
 .text.tuh_inited
                0x10006f00       0x14 CMakeFiles/book_kbd.dir/C_/SRC/pico-sdk/lib/tinyusb/src/host/usbh.c.obj
                0x10006f00                tuh_inited
 .text.tuh_init
                0x10006f14       0xc8 CMakeFiles/book_kbd.dir/C_/SRC/pico-sdk/lib/tinyusb/src/host/usbh.c.obj
                0x10006f14                tuh_init
 .text.tuh_task_ext
                0x10006fdc       0x10 CMakeFiles/book_kbd.dir/C_/SRC/pico-sdk/lib/tinyusb/src/host/usbh.c.obj
                0x10006fdc                tuh_task_ext
 .text.tuh_control_xfer
                0x10006fec       0x2c CMakeFiles/book_kbd.dir/C_/SRC/pico-sdk/lib/tinyusb/src/host/usbh.c.obj
                0x10006fec                tuh_control_xfer
 .text.usbh_get_rhport
                0x10007018       0x20 CMakeFiles/book_kbd.dir/C_/SRC/pico-sdk/lib/tinyusb/src/host/usbh.c.obj
                0x10007018                usbh_get_rhport
 .text.usbh_get_enum_buf
                0x10007038        0x8 CMakeFiles/book_kbd.dir/C_/SRC/pico-sdk/lib/tinyusb/src/host/usbh.c.obj
                0x10007038                usbh_get_enum_buf
 .text.usbh_edpt_claim
                0x10007040       0x38 CMakeFiles/book_kbd.dir/C_/SRC/pico-sdk/lib/tinyusb/src/host/usbh.c.obj
                0x10007040                usbh_edpt_claim
 .text.usbh_edpt_release
                0x10007078       0x38 CMakeFiles/book_kbd.dir/C_/SRC/pico-sdk/lib/tinyusb/src/host/usbh.c.obj
                0x10007078                usbh_edpt_release
 .text.usbh_edpt_xfer_with_callback
                0x100070b0       0x78 CMakeFiles/book_kbd.dir/C_/SRC/pico-sdk/lib/tinyusb/src/host/usbh.c.obj
                0x100070b0                usbh_edpt_xfer_with_callback
 .text.tuh_edpt_open
                0x10007128       0x4c CMakeFiles/book_kbd.dir/C_/SRC/pico-sdk/lib/tinyusb/src/host/usbh.c.obj
                0x10007128                tuh_edpt_open
 .text.tuh_descriptor_get_hid_report
                0x10007174       0x68 CMakeFiles/book_kbd.dir/C_/SRC/pico-sdk/lib/tinyusb/src/host/usbh.c.obj
                0x10007174                tuh_descriptor_get_hid_report
 .text.usbh_driver_set_config_complete
                0x100071dc       0xe0 CMakeFiles/book_kbd.dir/C_/SRC/pico-sdk/lib/tinyusb/src/host/usbh.c.obj
                0x100071dc                usbh_driver_set_config_complete
 .text.connection_port_reset_complete
                0x100072bc       0x34 CMakeFiles/book_kbd.dir/C_/SRC/pico-sdk/lib/tinyusb/src/host/hub.c.obj
 .text.hub_clear_feature_complete_stub
                0x100072f0       0x30 CMakeFiles/book_kbd.dir/C_/SRC/pico-sdk/lib/tinyusb/src/host/hub.c.obj
 .text.config_set_port_power
                0x10007320       0x60 CMakeFiles/book_kbd.dir/C_/SRC/pico-sdk/lib/tinyusb/src/host/hub.c.obj
 .text.config_port_power_complete
                0x10007380       0x94 CMakeFiles/book_kbd.dir/C_/SRC/pico-sdk/lib/tinyusb/src/host/hub.c.obj
 .text.connection_clear_conn_change_complete
                0x10007414       0xa0 CMakeFiles/book_kbd.dir/C_/SRC/pico-sdk/lib/tinyusb/src/host/hub.c.obj
 .text.hub_get_status_complete
                0x100074b4       0x98 CMakeFiles/book_kbd.dir/C_/SRC/pico-sdk/lib/tinyusb/src/host/hub.c.obj
 .text.hub_port_get_status_complete
                0x1000754c      0x1c0 CMakeFiles/book_kbd.dir/C_/SRC/pico-sdk/lib/tinyusb/src/host/hub.c.obj
 .text.hub_port_clear_feature
                0x1000770c       0x4c CMakeFiles/book_kbd.dir/C_/SRC/pico-sdk/lib/tinyusb/src/host/hub.c.obj
                0x1000770c                hub_port_clear_feature
 .text.hub_port_get_status
                0x10007758       0x50 CMakeFiles/book_kbd.dir/C_/SRC/pico-sdk/lib/tinyusb/src/host/hub.c.obj
                0x10007758                hub_port_get_status
 .text.hub_init
                0x100077a8       0x14 CMakeFiles/book_kbd.dir/C_/SRC/pico-sdk/lib/tinyusb/src/host/hub.c.obj
                0x100077a8                hub_init
 .text.hub_open
                0x100077bc       0x58 CMakeFiles/book_kbd.dir/C_/SRC/pico-sdk/lib/tinyusb/src/host/hub.c.obj
                0x100077bc                hub_open
 .text.hub_close
                0x10007814       0x28 CMakeFiles/book_kbd.dir/C_/SRC/pico-sdk/lib/tinyusb/src/host/hub.c.obj
                0x10007814                hub_close
 .text.hub_edpt_status_xfer
                0x1000783c       0x2c CMakeFiles/book_kbd.dir/C_/SRC/pico-sdk/lib/tinyusb/src/host/hub.c.obj
                0x1000783c                hub_edpt_status_xfer
 .text.hub_set_config
                0x10007868       0x58 CMakeFiles/book_kbd.dir/C_/SRC/pico-sdk/lib/tinyusb/src/host/hub.c.obj
                0x10007868                hub_set_config
 .text.hub_xfer_cb
                0x100078c0      0x15c CMakeFiles/book_kbd.dir/C_/SRC/pico-sdk/lib/tinyusb/src/host/hub.c.obj
                0x100078c0                hub_xfer_cb
 .text.cdch_internal_control_complete
                0x10007a1c       0x60 CMakeFiles/book_kbd.dir/C_/SRC/pico-sdk/lib/tinyusb/src/class/cdc/cdc_host.c.obj
 .text.process_cdc_config
                0x10007a7c      0x124 CMakeFiles/book_kbd.dir/C_/SRC/pico-sdk/lib/tinyusb/src/class/cdc/cdc_host.c.obj
 .text.cdch_init
                0x10007ba0       0x58 CMakeFiles/book_kbd.dir/C_/SRC/pico-sdk/lib/tinyusb/src/class/cdc/cdc_host.c.obj
                0x10007ba0                cdch_init
 .text.cdch_close
                0x10007bf8       0x34 CMakeFiles/book_kbd.dir/C_/SRC/pico-sdk/lib/tinyusb/src/class/cdc/cdc_host.c.obj
                0x10007bf8                cdch_close
 .text.cdch_xfer_cb
                0x10007c2c       0xa4 CMakeFiles/book_kbd.dir/C_/SRC/pico-sdk/lib/tinyusb/src/class/cdc/cdc_host.c.obj
                0x10007c2c                cdch_xfer_cb
 .text.cdch_open
                0x10007cd0      0x13c CMakeFiles/book_kbd.dir/C_/SRC/pico-sdk/lib/tinyusb/src/class/cdc/cdc_host.c.obj
                0x10007cd0                cdch_open
 .text.cdch_set_config
                0x10007e0c       0x6c CMakeFiles/book_kbd.dir/C_/SRC/pico-sdk/lib/tinyusb/src/class/cdc/cdc_host.c.obj
                0x10007e0c                cdch_set_config
 .text.process_set_config
                0x10007e78      0x24c CMakeFiles/book_kbd.dir/C_/SRC/pico-sdk/lib/tinyusb/src/class/hid/hid_host.c.obj
 .text.set_report_complete
                0x100080c4      0x140 CMakeFiles/book_kbd.dir/C_/SRC/pico-sdk/lib/tinyusb/src/class/hid/hid_host.c.obj
 .text.tuh_hid_interface_protocol
                0x10008204       0x20 CMakeFiles/book_kbd.dir/C_/SRC/pico-sdk/lib/tinyusb/src/class/hid/hid_host.c.obj
                0x10008204                tuh_hid_interface_protocol
 .text.tuh_hid_set_report
                0x10008224       0x60 CMakeFiles/book_kbd.dir/C_/SRC/pico-sdk/lib/tinyusb/src/class/hid/hid_host.c.obj
                0x10008224                tuh_hid_set_report
 .text.tuh_hid_receive_report
                0x10008284       0x6c CMakeFiles/book_kbd.dir/C_/SRC/pico-sdk/lib/tinyusb/src/class/hid/hid_host.c.obj
                0x10008284                tuh_hid_receive_report
 .text.hidh_init
                0x100082f0       0x18 CMakeFiles/book_kbd.dir/C_/SRC/pico-sdk/lib/tinyusb/src/class/hid/hid_host.c.obj
                0x100082f0                hidh_init
 .text.hidh_xfer_cb
                0x10008308       0xe4 CMakeFiles/book_kbd.dir/C_/SRC/pico-sdk/lib/tinyusb/src/class/hid/hid_host.c.obj
                0x10008308                hidh_xfer_cb
 .text.hidh_close
                0x100083ec       0x5c CMakeFiles/book_kbd.dir/C_/SRC/pico-sdk/lib/tinyusb/src/class/hid/hid_host.c.obj
                0x100083ec                hidh_close
 .text.hidh_open
                0x10008448      0x134 CMakeFiles/book_kbd.dir/C_/SRC/pico-sdk/lib/tinyusb/src/class/hid/hid_host.c.obj
                0x10008448                hidh_open
 .text.hidh_set_config
                0x1000857c      0x11c CMakeFiles/book_kbd.dir/C_/SRC/pico-sdk/lib/tinyusb/src/class/hid/hid_host.c.obj
                0x1000857c                hidh_set_config
 .text.config_read_capacity_complete
                0x10008698       0x6c CMakeFiles/book_kbd.dir/C_/SRC/pico-sdk/lib/tinyusb/src/class/msc/msc_host.c.obj
 .text.config_get_maxlun_complete
                0x10008704       0xac CMakeFiles/book_kbd.dir/C_/SRC/pico-sdk/lib/tinyusb/src/class/msc/msc_host.c.obj
 .text.config_request_sense_complete
                0x100087b0       0xc4 CMakeFiles/book_kbd.dir/C_/SRC/pico-sdk/lib/tinyusb/src/class/msc/msc_host.c.obj
 .text.config_test_unit_ready_complete
                0x10008874      0x180 CMakeFiles/book_kbd.dir/C_/SRC/pico-sdk/lib/tinyusb/src/class/msc/msc_host.c.obj
 .text.msch_init
                0x100089f4       0x14 CMakeFiles/book_kbd.dir/C_/SRC/pico-sdk/lib/tinyusb/src/class/msc/msc_host.c.obj
                0x100089f4                msch_init
 .text.msch_close
                0x10008a08       0x38 CMakeFiles/book_kbd.dir/C_/SRC/pico-sdk/lib/tinyusb/src/class/msc/msc_host.c.obj
                0x10008a08                msch_close
 .text.msch_xfer_cb
                0x10008a40       0xe8 CMakeFiles/book_kbd.dir/C_/SRC/pico-sdk/lib/tinyusb/src/class/msc/msc_host.c.obj
                0x10008a40                msch_xfer_cb
 .text.msch_open
                0x10008b28       0xb0 CMakeFiles/book_kbd.dir/C_/SRC/pico-sdk/lib/tinyusb/src/class/msc/msc_host.c.obj
                0x10008b28                msch_open
 .text.msch_set_config
                0x10008bd8       0x5c CMakeFiles/book_kbd.dir/C_/SRC/pico-sdk/lib/tinyusb/src/class/msc/msc_host.c.obj
                0x10008bd8                msch_set_config
 .text.tusb_inited
                0x10008c34        0x8 CMakeFiles/book_kbd.dir/C_/SRC/pico-sdk/lib/tinyusb/src/tusb.c.obj
                0x10008c34                tusb_inited
 .text.tu_edpt_claim
                0x10008c3c       0x50 CMakeFiles/book_kbd.dir/C_/SRC/pico-sdk/lib/tinyusb/src/tusb.c.obj
                0x10008c3c                tu_edpt_claim
 .text.tu_edpt_release
                0x10008c8c       0x38 CMakeFiles/book_kbd.dir/C_/SRC/pico-sdk/lib/tinyusb/src/tusb.c.obj
                0x10008c8c                tu_edpt_release
 .text.tu_edpt_validate
                0x10008cc4       0x78 CMakeFiles/book_kbd.dir/C_/SRC/pico-sdk/lib/tinyusb/src/tusb.c.obj
                0x10008cc4                tu_edpt_validate
 .text.tu_edpt_bind_driver
                0x10008d3c       0x34 CMakeFiles/book_kbd.dir/C_/SRC/pico-sdk/lib/tinyusb/src/tusb.c.obj
                0x10008d3c                tu_edpt_bind_driver
 .text.tu_desc_get_interface_total_len
                0x10008d70       0x4c CMakeFiles/book_kbd.dir/C_/SRC/pico-sdk/lib/tinyusb/src/tusb.c.obj
                0x10008d70                tu_desc_get_interface_total_len
 .text.tu_edpt_stream_init
                0x10008dbc       0x6c CMakeFiles/book_kbd.dir/C_/SRC/pico-sdk/lib/tinyusb/src/tusb.c.obj
                0x10008dbc                tu_edpt_stream_init
 .text.tu_edpt_stream_write_zlp_if_needed
                0x10008e28       0x54 CMakeFiles/book_kbd.dir/C_/SRC/pico-sdk/lib/tinyusb/src/tusb.c.obj
                0x10008e28                tu_edpt_stream_write_zlp_if_needed
 .text.tu_edpt_stream_write_xfer
                0x10008e7c       0x68 CMakeFiles/book_kbd.dir/C_/SRC/pico-sdk/lib/tinyusb/src/tusb.c.obj
                0x10008e7c                tu_edpt_stream_write_xfer
 .text.tu_edpt_stream_read_xfer
                0x10008ee4       0x84 CMakeFiles/book_kbd.dir/C_/SRC/pico-sdk/lib/tinyusb/src/tusb.c.obj
                0x10008ee4                tu_edpt_stream_read_xfer
 .text.tu_fifo_config
                0x10008f68       0x70 CMakeFiles/book_kbd.dir/C_/SRC/pico-sdk/lib/tinyusb/src/common/tusb_fifo.c.obj
                0x10008f68                tu_fifo_config
 .text.tu_fifo_count
                0x10008fd8       0x2c CMakeFiles/book_kbd.dir/C_/SRC/pico-sdk/lib/tinyusb/src/common/tusb_fifo.c.obj
                0x10008fd8                tu_fifo_count
 .text.tu_fifo_remaining
                0x10009004       0x2c CMakeFiles/book_kbd.dir/C_/SRC/pico-sdk/lib/tinyusb/src/common/tusb_fifo.c.obj
                0x10009004                tu_fifo_remaining
 .text.tu_fifo_read
                0x10009030       0xa0 CMakeFiles/book_kbd.dir/C_/SRC/pico-sdk/lib/tinyusb/src/common/tusb_fifo.c.obj
                0x10009030                tu_fifo_read
 .text.tu_fifo_read_n
                0x100090d0       0xec CMakeFiles/book_kbd.dir/C_/SRC/pico-sdk/lib/tinyusb/src/common/tusb_fifo.c.obj
                0x100090d0                tu_fifo_read_n
 .text.tu_fifo_write
                0x100091bc       0x88 CMakeFiles/book_kbd.dir/C_/SRC/pico-sdk/lib/tinyusb/src/common/tusb_fifo.c.obj
                0x100091bc                tu_fifo_write
 .text.tu_fifo_write_n
                0x10009244      0x168 CMakeFiles/book_kbd.dir/C_/SRC/pico-sdk/lib/tinyusb/src/common/tusb_fifo.c.obj
                0x10009244                tu_fifo_write_n
 .text.tu_fifo_clear
                0x100093ac       0x40 CMakeFiles/book_kbd.dir/C_/SRC/pico-sdk/lib/tinyusb/src/common/tusb_fifo.c.obj
                0x100093ac                tu_fifo_clear
 .text.board_init
                0x100093ec       0x30 CMakeFiles/book_kbd.dir/C_/SRC/pico-sdk/lib/tinyusb/hw/bsp/rp2040/family.c.obj
                0x100093ec                board_init
 .text.board_led_write
                0x1000941c       0x14 CMakeFiles/book_kbd.dir/C_/SRC/pico-sdk/lib/tinyusb/hw/bsp/rp2040/family.c.obj
                0x1000941c                board_led_write
 .text.strlen   0x10009430       0x5c c:/progra~1/raspbe~1/picosd~1.1/gcc-ar~1/bin/../lib/gcc/arm-none-eabi/10.3.1/../../../../arm-none-eabi/lib/thumb/v6-m/nofp\libc.a(lib_a-strlen-stub.o)
                0x10009430                strlen
 *(.fini)
 .fini          0x1000948c        0x4 c:/progra~1/raspbe~1/picosd~1.1/gcc-ar~1/bin/../lib/gcc/arm-none-eabi/10.3.1/thumb/v6-m/nofp/crti.o
                0x1000948c                _fini
 .fini.__stub   0x10009490       0x70 linker stubs
 *crtbegin.o(.ctors)
 *crtbegin?.o(.ctors)
 *(EXCLUDE_FILE(*crtend.o *crtend?.o) .ctors)
 *(SORT_BY_NAME(.ctors.*))
 *(.ctors)
 *crtbegin.o(.dtors)
 *crtbegin?.o(.dtors)
 *(EXCLUDE_FILE(*crtend.o *crtend?.o) .dtors)
 *(SORT_BY_NAME(.dtors.*))
 *(.dtors)
 *(.eh_frame*)
 .eh_frame      0x10009500        0x0 c:/progra~1/raspbe~1/picosd~1.1/gcc-ar~1/bin/../lib/gcc/arm-none-eabi/10.3.1/thumb/v6-m/nofp/crtbegin.o
                0x10009500                . = ALIGN (0x4)

.glue_7         0x10009500        0x0
 .glue_7        0x10009500        0x0 linker stubs

.glue_7t        0x10009500        0x0
 .glue_7t       0x10009500        0x0 linker stubs

.vfp11_veneer   0x10009500        0x0
 .vfp11_veneer  0x10009500        0x0 linker stubs

.v4_bx          0x10009500        0x0
 .v4_bx         0x10009500        0x0 linker stubs

.iplt           0x10009500        0x0
 .iplt          0x10009500        0x0 c:/progra~1/raspbe~1/picosd~1.1/gcc-ar~1/bin/../lib/gcc/arm-none-eabi/10.3.1/thumb/v6-m/nofp/crtbegin.o

.rodata         0x10009500      0x510
 *(EXCLUDE_FILE(*libm.a: *libc.a:*lib_a-mem*.o *libgcc.a:) .rodata*)
 .rodata.send_key.part.0.str1.4
                0x10009500        0xe CMakeFiles/book_kbd.dir/book_kbd.c.obj
 *fill*         0x1000950e        0x2 
 .rodata.main_cycle.str1.4
                0x10009510       0x38 CMakeFiles/book_kbd.dir/book_kbd.c.obj
 .rodata.main.str1.4
                0x10009548       0x42 CMakeFiles/book_kbd.dir/book_kbd.c.obj
 *fill*         0x1000958a        0x2 
 .rodata.tuh_hid_mount_cb.str1.4
                0x1000958c       0x29 CMakeFiles/book_kbd.dir/book_kbd.c.obj
 *fill*         0x100095b5        0x3 
 .rodata.spin_lock_claim_unused.str1.4
                0x100095b8       0x1b CMakeFiles/book_kbd.dir/C_/SRC/pico-sdk/src/rp2_common/hardware_sync/sync.c.obj
 *fill*         0x100095d3        0x1 
 .rodata.hardware_alarm_claim.str1.4
                0x100095d4       0x22 CMakeFiles/book_kbd.dir/C_/SRC/pico-sdk/src/rp2_common/hardware_timer/timer.c.obj
 *fill*         0x100095f6        0x2 
 .rodata.panic.str1.4
                0x100095f8       0x12 CMakeFiles/book_kbd.dir/C_/SRC/pico-sdk/src/rp2_common/pico_runtime/runtime.c.obj
 *fill*         0x1000960a        0x2 
 .rodata.hard_assertion_failure.str1.4
                0x1000960c        0xc CMakeFiles/book_kbd.dir/C_/SRC/pico-sdk/src/rp2_common/pico_runtime/runtime.c.obj
 .rodata._ftoa.str1.4
                0x10009618       0x15 CMakeFiles/book_kbd.dir/C_/SRC/pico-sdk/src/rp2_common/pico_printf/printf.c.obj
 *fill*         0x1000962d        0x3 
 .rodata._vsnprintf
                0x10009630      0x1e0 CMakeFiles/book_kbd.dir/C_/SRC/pico-sdk/src/rp2_common/pico_printf/printf.c.obj
 .rodata.pow10.0
                0x10009810       0x50 CMakeFiles/book_kbd.dir/C_/SRC/pico-sdk/src/rp2_common/pico_printf/printf.c.obj
 .rodata.str1.4
                0x10009860       0x40 CMakeFiles/book_kbd.dir/C_/SRC/pico-sdk/src/rp2_common/pico_standard_link/binary_info.c.obj
 .rodata.__bi_44
                0x100098a0        0xc CMakeFiles/book_kbd.dir/C_/SRC/pico-sdk/src/rp2_common/pico_standard_link/binary_info.c.obj
 .rodata.__bi_75
                0x100098ac        0xc CMakeFiles/book_kbd.dir/C_/SRC/pico-sdk/src/rp2_common/pico_standard_link/binary_info.c.obj
 .rodata.__bi_81
                0x100098b8        0xc CMakeFiles/book_kbd.dir/C_/SRC/pico-sdk/src/rp2_common/pico_standard_link/binary_info.c.obj
 .rodata.crlf_str.0
                0x100098c4        0x2 CMakeFiles/book_kbd.dir/C_/SRC/pico-sdk/src/rp2_common/pico_stdio/stdio.c.obj
 *fill*         0x100098c6        0x2 
 .rodata.hcd_rp2040_irq.str1.4
                0x100098c8       0x40 CMakeFiles/book_kbd.dir/C_/SRC/pico-sdk/lib/tinyusb/src/portable/raspberrypi/rp2040/hcd_rp2040.c.obj
 .rodata.hcd_port_speed_get.str1.4
                0x10009908        0xf CMakeFiles/book_kbd.dir/C_/SRC/pico-sdk/lib/tinyusb/src/portable/raspberrypi/rp2040/hcd_rp2040.c.obj
 *fill*         0x10009917        0x1 
 .rodata._hw_endpoint_buffer_control_update32.part.0.isra.0.str1.4
                0x10009918       0x1f CMakeFiles/book_kbd.dir/C_/SRC/pico-sdk/lib/tinyusb/src/portable/raspberrypi/rp2040/rp2040_usb.c.obj
 *fill*         0x10009937        0x1 
 .rodata.hw_endpoint_xfer_continue.str1.4
                0x10009938       0x29 CMakeFiles/book_kbd.dir/C_/SRC/pico-sdk/lib/tinyusb/src/portable/raspberrypi/rp2040/rp2040_usb.c.obj
 *fill*         0x10009961        0x3 
 .rodata.str1.4
                0x10009964        0x7 CMakeFiles/book_kbd.dir/C_/SRC/pico-sdk/lib/tinyusb/src/portable/raspberrypi/rp2040/rp2040_usb.c.obj
 *fill*         0x1000996b        0x1 
 .rodata.process_enumeration
                0x1000996c       0x34 CMakeFiles/book_kbd.dir/C_/SRC/pico-sdk/lib/tinyusb/src/host/usbh.c.obj
 .rodata.usbh_class_drivers
                0x100099a0       0x50 CMakeFiles/book_kbd.dir/C_/SRC/pico-sdk/lib/tinyusb/src/host/usbh.c.obj
 .rodata        0x100099f0        0x8 CMakeFiles/book_kbd.dir/C_/SRC/pico-sdk/lib/tinyusb/src/host/hub.c.obj
 .rodata.str1.4
                0x100099f8        0x4 CMakeFiles/book_kbd.dir/C_/SRC/pico-sdk/lib/tinyusb/hw/bsp/rp2040/family.c.obj
 .rodata.__bi_142.0
                0x100099fc        0xc CMakeFiles/book_kbd.dir/C_/SRC/pico-sdk/lib/tinyusb/hw/bsp/rp2040/family.c.obj
 .rodata.__bi_152.1
                0x10009a08        0x8 CMakeFiles/book_kbd.dir/C_/SRC/pico-sdk/lib/tinyusb/hw/bsp/rp2040/family.c.obj
                0x10009a10                . = ALIGN (0x4)
 *(SORT_BY_ALIGNMENT(SORT_BY_NAME(.flashdata*)))
                0x10009a10                . = ALIGN (0x4)

.ARM.extab
 *(.ARM.extab* .gnu.linkonce.armextab.*)
                0x10009a10                __exidx_start = .

.ARM.exidx
 *(.ARM.exidx* .gnu.linkonce.armexidx.*)
                0x10009a10                __exidx_end = .
                0x10009a10                . = ALIGN (0x4)
                0x10009a10                __binary_info_start = .

.binary_info    0x10009a10       0x24
 *(.binary_info.keep.*)
 .binary_info.keep.__bi_ptr22
                0x10009a10        0x4 CMakeFiles/book_kbd.dir/C_/SRC/pico-sdk/src/rp2_common/pico_standard_link/binary_info.c.obj
 .binary_info.keep.__bi_ptr30
                0x10009a14        0x4 CMakeFiles/book_kbd.dir/C_/SRC/pico-sdk/src/rp2_common/pico_standard_link/binary_info.c.obj
 .binary_info.keep.__bi_ptr38
                0x10009a18        0x4 CMakeFiles/book_kbd.dir/C_/SRC/pico-sdk/src/rp2_common/pico_standard_link/binary_info.c.obj
 .binary_info.keep.__bi_ptr44
                0x10009a1c        0x4 CMakeFiles/book_kbd.dir/C_/SRC/pico-sdk/src/rp2_common/pico_standard_link/binary_info.c.obj
 .binary_info.keep.__bi_ptr50
                0x10009a20        0x4 CMakeFiles/book_kbd.dir/C_/SRC/pico-sdk/src/rp2_common/pico_standard_link/binary_info.c.obj
 .binary_info.keep.__bi_ptr75
                0x10009a24        0x4 CMakeFiles/book_kbd.dir/C_/SRC/pico-sdk/src/rp2_common/pico_standard_link/binary_info.c.obj
 .binary_info.keep.__bi_ptr81
                0x10009a28        0x4 CMakeFiles/book_kbd.dir/C_/SRC/pico-sdk/src/rp2_common/pico_standard_link/binary_info.c.obj
 .binary_info.keep.__bi_ptr142
                0x10009a2c        0x4 CMakeFiles/book_kbd.dir/C_/SRC/pico-sdk/lib/tinyusb/hw/bsp/rp2040/family.c.obj
 .binary_info.keep.__bi_ptr152
                0x10009a30        0x4 CMakeFiles/book_kbd.dir/C_/SRC/pico-sdk/lib/tinyusb/hw/bsp/rp2040/family.c.obj
 *(.binary_info.*)
                0x10009a34                __binary_info_end = .

.rel.dyn        0x10009a34        0x0
 .rel.iplt      0x10009a34        0x0 c:/progra~1/raspbe~1/picosd~1.1/gcc-ar~1/bin/../lib/gcc/arm-none-eabi/10.3.1/thumb/v6-m/nofp/crtbegin.o
                0x10009a34                . = ALIGN (0x4)

.ram_vector_table
                0x20000000       0xc0
 *(.ram_vector_table)
 .ram_vector_table
                0x20000000       0xc0 CMakeFiles/book_kbd.dir/C_/SRC/pico-sdk/src/rp2_common/pico_runtime/runtime.c.obj
                0x20000000                ram_vector_table

.data           0x200000c0      0x3fc load address 0x10009a34
                0x200000c0                __data_start__ = .
 *(vtable)
 *(.time_critical*)
 .time_critical.mutex_try_enter_block_until
                0x200000c0       0x9c CMakeFiles/book_kbd.dir/C_/SRC/pico-sdk/src/common/pico_sync/mutex.c.obj
                0x200000c0                mutex_try_enter_block_until
 .time_critical.mutex_enter_timeout_ms
                0x2000015c       0x90 CMakeFiles/book_kbd.dir/C_/SRC/pico-sdk/src/common/pico_sync/mutex.c.obj
                0x2000015c                mutex_enter_timeout_ms
 .time_critical.mutex_exit
                0x200001ec       0x28 CMakeFiles/book_kbd.dir/C_/SRC/pico-sdk/src/common/pico_sync/mutex.c.obj
                0x200001ec                mutex_exit
 .time_critical.tinyusb
                0x20000214       0x38 CMakeFiles/book_kbd.dir/C_/SRC/pico-sdk/lib/tinyusb/src/host/usbh.c.obj
                0x20000214                hcd_event_handler
 *(.text*)
 .text          0x2000024c        0x4 c:/progra~1/raspbe~1/picosd~1.1/gcc-ar~1/bin/../lib/gcc/arm-none-eabi/10.3.1/thumb/v6-m/nofp\libgcc.a(_dvmd_tls.o)
                0x2000024c                __aeabi_idiv0
                0x2000024c                __aeabi_ldiv0
 .text.memmove  0x20000250       0xac c:/progra~1/raspbe~1/picosd~1.1/gcc-ar~1/bin/../lib/gcc/arm-none-eabi/10.3.1/../../../../arm-none-eabi/lib/thumb/v6-m/nofp\libc.a(lib_a-memmove.o)
                0x20000250                memmove
 *fill*         0x200002fc        0x4 
 .text.memmove.__stub
                0x20000300       0x40 linker stubs
                0x20000340                . = ALIGN (0x4)
 *(.rodata*)
                0x20000340                . = ALIGN (0x4)
 *(.data*)
 .data.ALT      0x20000340        0x1 CMakeFiles/book_kbd.dir/book_kbd.c.obj
                0x20000340                ALT
 .data.CTRL     0x20000341        0x1 CMakeFiles/book_kbd.dir/book_kbd.c.obj
                0x20000341                CTRL
 *fill*         0x20000342        0x2 
 .data.HID2XT   0x20000344       0x65 CMakeFiles/book_kbd.dir/book_kbd.c.obj
                0x20000344                HID2XT
 .data.SHIFTL   0x200003a9        0x1 CMakeFiles/book_kbd.dir/book_kbd.c.obj
                0x200003a9                SHIFTL
 .data.SHIFTR   0x200003aa        0x1 CMakeFiles/book_kbd.dir/book_kbd.c.obj
                0x200003aa                SHIFTR
 .data.int_pin  0x200003ab        0x1 CMakeFiles/book_kbd.dir/book_kbd.c.obj
                0x200003ab                int_pin
 .data.kbd_in_pins
                0x200003ac        0x8 CMakeFiles/book_kbd.dir/book_kbd.c.obj
                0x200003ac                kbd_in_pins
 .data.kbd_out_pins
                0x200003b4        0x8 CMakeFiles/book_kbd.dir/book_kbd.c.obj
                0x200003b4                kbd_out_pins
 .data.non_rep  0x200003bc        0x8 CMakeFiles/book_kbd.dir/book_kbd.c.obj
                0x200003bc                non_rep
 .data.striped_spin_lock_num
                0x200003c4        0x1 CMakeFiles/book_kbd.dir/C_/SRC/pico-sdk/src/rp2_common/hardware_sync/sync.c.obj
 *fill*         0x200003c5        0x3 
 .data          0x200003c8       0x48 CMakeFiles/book_kbd.dir/C_/SRC/pico-sdk/src/rp2_common/hardware_irq/irq_handler_chain.S.obj
                0x200003c8                irq_handler_chain_slots
                0x200003f8                irq_handler_chain_first_slot
                0x20000402                irq_handler_chain_remove_tail
 .data.default_alarm_pool
                0x20000410       0x18 CMakeFiles/book_kbd.dir/C_/SRC/pico-sdk/src/common/pico_time/time.c.obj
 .data.default_alarm_pool_heap
                0x20000428       0x10 CMakeFiles/book_kbd.dir/C_/SRC/pico-sdk/src/common/pico_time/time.c.obj
 *fill*         0x20000438        0x8 
 .data.aeabi_bits_funcs
                0x20000440       0x10 CMakeFiles/book_kbd.dir/C_/SRC/pico-sdk/src/rp2_common/pico_bit_ops/bit_ops_aeabi.S.obj
                0x20000440                aeabi_bits_funcs
                0x20000450                aeabi_bits_funcs_end
 .data.aeabi_mem_funcs
                0x20000450       0x10 CMakeFiles/book_kbd.dir/C_/SRC/pico-sdk/src/rp2_common/pico_mem_ops/mem_ops_aeabi.S.obj
                0x20000450                aeabi_mem_funcs
                0x20000460                aeabi_mem_funcs_end
 .data.stdio_uart
                0x20000460       0x18 CMakeFiles/book_kbd.dir/C_/SRC/pico-sdk/src/rp2_common/pico_stdio_uart/stdio_uart.c.obj
                0x20000460                stdio_uart
 .data.ep_dir_string
                0x20000478        0x8 CMakeFiles/book_kbd.dir/C_/SRC/pico-sdk/lib/tinyusb/src/portable/raspberrypi/rp2040/rp2040_usb.c.obj
                0x20000478                ep_dir_string
 .data._usbh_controller
                0x20000480        0x1 CMakeFiles/book_kbd.dir/C_/SRC/pico-sdk/lib/tinyusb/src/host/usbh.c.obj
 *fill*         0x20000481        0x3 
 .data._usbh_qdef
                0x20000484       0x1c CMakeFiles/book_kbd.dir/C_/SRC/pico-sdk/lib/tinyusb/src/host/usbh.c.obj
                0x20000484                _usbh_qdef
                0x200004a0                . = ALIGN (0x4)
 *(.after_data.*)
                0x200004a0                . = ALIGN (0x4)
                0x200004a0                PROVIDE (__mutex_array_start = .)
 *(SORT_BY_NAME(.mutex_array.*))
 *(.mutex_array)
 .mutex_array   0x200004a0        0x8 CMakeFiles/book_kbd.dir/C_/SRC/pico-sdk/src/rp2_common/pico_stdio/stdio.c.obj
                0x200004a8                PROVIDE (__mutex_array_end = .)
                0x200004a8                . = ALIGN (0x4)
                0x200004a8                PROVIDE (__preinit_array_start = .)
 *(SORT_BY_NAME(.preinit_array.*))
 .preinit_array.00001
                0x200004a8        0x4 CMakeFiles/book_kbd.dir/C_/SRC/pico-sdk/src/rp2_common/pico_mem_ops/mem_ops_aeabi.S.obj
 .preinit_array.00010
                0x200004ac        0x4 CMakeFiles/book_kbd.dir/C_/SRC/pico-sdk/src/rp2_common/pico_bit_ops/bit_ops_aeabi.S.obj
 .preinit_array.00020
                0x200004b0        0x4 CMakeFiles/book_kbd.dir/C_/SRC/pico-sdk/src/rp2_common/pico_double/double_aeabi.S.obj
 .preinit_array.00020
                0x200004b4        0x4 CMakeFiles/book_kbd.dir/C_/SRC/pico-sdk/src/rp2_common/pico_float/float_aeabi.S.obj
 *(.preinit_array)
                0x200004b8                PROVIDE (__preinit_array_end = .)
                0x200004b8                . = ALIGN (0x4)
                0x200004b8                PROVIDE (__init_array_start = .)
 *(SORT_BY_NAME(.init_array.*))
 *(.init_array)
 .init_array    0x200004b8        0x4 c:/progra~1/raspbe~1/picosd~1.1/gcc-ar~1/bin/../lib/gcc/arm-none-eabi/10.3.1/thumb/v6-m/nofp/crtbegin.o
                0x200004bc                PROVIDE (__init_array_end = .)
                0x200004bc                . = ALIGN (0x4)
                [!provide]                PROVIDE (__fini_array_start = .)
 *(SORT_BY_NAME(.fini_array.*))
 *(.fini_array)
                [!provide]                PROVIDE (__fini_array_end = .)
 *(.jcr)
                0x200004bc                . = ALIGN (0x4)
                0x200004bc                __data_end__ = .
                0x10009a34                __etext = LOADADDR (.data)

.igot.plt       0x200004bc        0x0 load address 0x10009e30
 .igot.plt      0x200004bc        0x0 c:/progra~1/raspbe~1/picosd~1.1/gcc-ar~1/bin/../lib/gcc/arm-none-eabi/10.3.1/thumb/v6-m/nofp/crtbegin.o

.uninitialized_data
                0x200004bc        0x0 load address 0x10009e30
                0x200004bc                . = ALIGN (0x4)
 *(.uninitialized_data*)

.scratch_x      0x20040000        0x0 load address 0x10009e30
                0x20040000                __scratch_x_start__ = .
 *(.scratch_x.*)
                0x20040000                . = ALIGN (0x4)
                0x20040000                __scratch_x_end__ = .
                0x10009e30                __scratch_x_source__ = LOADADDR (.scratch_x)

.scratch_y      0x20041000        0x0 load address 0x10009e30
                0x20041000                __scratch_y_start__ = .
 *(.scratch_y.*)
                0x20041000                . = ALIGN (0x4)
                0x20041000                __scratch_y_end__ = .
                0x10009e30                __scratch_y_source__ = LOADADDR (.scratch_y)

.bss            0x200004c0     0x1580
                0x200004c0                . = ALIGN (0x4)
                0x200004c0                __bss_start__ = .
 *(SORT_BY_ALIGNMENT(SORT_BY_NAME(.bss*)))
 .bss.default_alarm_pool_entries
                0x200004c0      0x100 CMakeFiles/book_kbd.dir/C_/SRC/pico-sdk/src/common/pico_time/time.c.obj
 .bss.sd_table  0x200005c0      0x100 CMakeFiles/book_kbd.dir/C_/SRC/pico-sdk/src/rp2_common/pico_double/double_init_rom.c.obj
                0x200005c0                sd_table
 .bss.sf_table  0x200006c0      0x100 CMakeFiles/book_kbd.dir/C_/SRC/pico-sdk/src/rp2_common/pico_float/float_init_rom.c.obj
                0x200006c0                sf_table
 .bss           0x200007c0       0x1c c:/progra~1/raspbe~1/picosd~1.1/gcc-ar~1/bin/../lib/gcc/arm-none-eabi/10.3.1/thumb/v6-m/nofp/crtbegin.o
 .bss._ctrl_xfer
                0x200007dc       0x18 CMakeFiles/book_kbd.dir/C_/SRC/pico-sdk/lib/tinyusb/src/host/usbh.c.obj
                0x200007dc                _ctrl_xfer
 .bss._dev0     0x200007f4        0x5 CMakeFiles/book_kbd.dir/C_/SRC/pico-sdk/lib/tinyusb/src/host/usbh.c.obj
 *fill*         0x200007f9        0x3 
 .bss._hidh_dev
                0x200007fc      0x8c8 CMakeFiles/book_kbd.dir/C_/SRC/pico-sdk/lib/tinyusb/src/class/hid/hid_host.c.obj
 .bss._hub_buffer
                0x200010c4        0x9 CMakeFiles/book_kbd.dir/C_/SRC/pico-sdk/lib/tinyusb/src/host/hub.c.obj
 *fill*         0x200010cd        0x3 
 .bss._msch_buffer
                0x200010d0       0x24 CMakeFiles/book_kbd.dir/C_/SRC/pico-sdk/lib/tinyusb/src/class/msc/msc_host.c.obj
 .bss._msch_itf
                0x200010f4      0x190 CMakeFiles/book_kbd.dir/C_/SRC/pico-sdk/lib/tinyusb/src/class/msc/msc_host.c.obj
 .bss._usbh_ctrl_buf
                0x20001284      0x100 CMakeFiles/book_kbd.dir/C_/SRC/pico-sdk/lib/tinyusb/src/host/usbh.c.obj
 .bss._usbh_devices
                0x20001384      0x186 CMakeFiles/book_kbd.dir/C_/SRC/pico-sdk/lib/tinyusb/src/host/usbh.c.obj
                0x20001384                _usbh_devices
 *fill*         0x2000150a        0x2 
 .bss._usbh_mutex
                0x2000150c        0x4 CMakeFiles/book_kbd.dir/C_/SRC/pico-sdk/lib/tinyusb/src/host/usbh.c.obj
 .bss._usbh_mutexdef
                0x20001510        0x8 CMakeFiles/book_kbd.dir/C_/SRC/pico-sdk/lib/tinyusb/src/host/usbh.c.obj
 .bss._usbh_q   0x20001518        0x4 CMakeFiles/book_kbd.dir/C_/SRC/pico-sdk/lib/tinyusb/src/host/usbh.c.obj
 .bss._usbh_qdef_buf
                0x2000151c       0xc0 CMakeFiles/book_kbd.dir/C_/SRC/pico-sdk/lib/tinyusb/src/host/usbh.c.obj
                0x2000151c                _usbh_qdef_buf
 .bss.alarm_callbacks
                0x200015dc       0x10 CMakeFiles/book_kbd.dir/C_/SRC/pico-sdk/src/rp2_common/hardware_timer/timer.c.obj
 .bss.cdch_data
                0x200015ec      0x164 CMakeFiles/book_kbd.dir/C_/SRC/pico-sdk/lib/tinyusb/src/class/cdc/cdc_host.c.obj
 .bss.chars_available_callback
                0x20001750        0x4 CMakeFiles/book_kbd.dir/C_/SRC/pico-sdk/src/rp2_common/pico_stdio_uart/stdio_uart.c.obj
 .bss.chars_available_param
                0x20001754        0x4 CMakeFiles/book_kbd.dir/C_/SRC/pico-sdk/src/rp2_common/pico_stdio_uart/stdio_uart.c.obj
 .bss.claimed   0x20001758        0x4 CMakeFiles/book_kbd.dir/C_/SRC/pico-sdk/src/rp2_common/hardware_sync/sync.c.obj
 .bss.configured_freq
                0x2000175c       0x28 CMakeFiles/book_kbd.dir/C_/SRC/pico-sdk/src/rp2_common/hardware_clocks/clocks.c.obj
 .bss.default_alarm_pool_entry_ids_high
                0x20001784       0x10 CMakeFiles/book_kbd.dir/C_/SRC/pico-sdk/src/common/pico_time/time.c.obj
 .bss.default_alarm_pool_heap_nodes
                0x20001794       0x30 CMakeFiles/book_kbd.dir/C_/SRC/pico-sdk/src/common/pico_time/time.c.obj
 .bss.drivers   0x200017c4        0x4 CMakeFiles/book_kbd.dir/C_/SRC/pico-sdk/src/rp2_common/pico_stdio/stdio.c.obj
 .bss.ep_pool   0x200017c8      0x200 CMakeFiles/book_kbd.dir/C_/SRC/pico-sdk/lib/tinyusb/src/portable/raspberrypi/rp2040/hcd_rp2040.c.obj
 .bss.fifo      0x200019c8       0x11 CMakeFiles/book_kbd.dir/book_kbd.c.obj
                0x200019c8                fifo
 *fill*         0x200019d9        0x3 
 .bss.filter    0x200019dc        0x4 CMakeFiles/book_kbd.dir/C_/SRC/pico-sdk/src/rp2_common/pico_stdio/stdio.c.obj
 .bss.hub_data  0x200019e0        0xc CMakeFiles/book_kbd.dir/C_/SRC/pico-sdk/lib/tinyusb/src/host/hub.c.obj
 .bss.lazy_vsnprintf
                0x200019ec        0x4 CMakeFiles/book_kbd.dir/C_/SRC/pico-sdk/src/rp2_common/pico_printf/printf.c.obj
 .bss.pools     0x200019f0       0x10 CMakeFiles/book_kbd.dir/C_/SRC/pico-sdk/src/common/pico_time/time.c.obj
 .bss.prev_keys.1
                0x20001a00        0x6 CMakeFiles/book_kbd.dir/book_kbd.c.obj
 *fill*         0x20001a06        0x2 
 .bss.sf_clz_func
                0x20001a08        0x4 CMakeFiles/book_kbd.dir/C_/SRC/pico-sdk/src/rp2_common/pico_double/double_init_rom.c.obj
                0x20001a08                sf_clz_func
 .bss.sleep_notifier
                0x20001a0c        0x4 CMakeFiles/book_kbd.dir/C_/SRC/pico-sdk/src/common/pico_time/time.c.obj
 .bss.target_hi
                0x20001a10       0x10 CMakeFiles/book_kbd.dir/C_/SRC/pico-sdk/src/rp2_common/hardware_timer/timer.c.obj
 .bss.uart_char_to_line_feed
                0x20001a20        0x4 CMakeFiles/book_kbd.dir/C_/SRC/pico-sdk/src/rp2_common/hardware_uart/uart.c.obj
                0x20001a20                uart_char_to_line_feed
 .bss.uart_inst
                0x20001a24        0x4 CMakeFiles/book_kbd.dir/C_/SRC/pico-sdk/lib/tinyusb/hw/bsp/rp2040/family.c.obj
 .bss.uart_instance
                0x20001a28        0x4 CMakeFiles/book_kbd.dir/C_/SRC/pico-sdk/src/rp2_common/pico_stdio_uart/stdio_uart.c.obj
 .bss.caps_state
                0x20001a2c        0x1 CMakeFiles/book_kbd.dir/book_kbd.c.obj
                0x20001a2c                caps_state
 .bss.claimed   0x20001a2d        0x1 CMakeFiles/book_kbd.dir/C_/SRC/pico-sdk/src/rp2_common/hardware_timer/timer.c.obj
 .bss.failed_count.0
                0x20001a2e        0x1 CMakeFiles/book_kbd.dir/C_/SRC/pico-sdk/lib/tinyusb/src/host/usbh.c.obj
 .bss.fifo_count
                0x20001a2f        0x1 CMakeFiles/book_kbd.dir/book_kbd.c.obj
                0x20001a2f                fifo_count
 .bss.irq_hander_chain_free_slot_head
                0x20001a30        0x1 CMakeFiles/book_kbd.dir/C_/SRC/pico-sdk/src/rp2_common/hardware_irq/irq.c.obj
 .bss.kbd_addr  0x20001a31        0x1 CMakeFiles/book_kbd.dir/book_kbd.c.obj
                0x20001a31                kbd_addr
 .bss.kbd_conn  0x20001a32        0x1 CMakeFiles/book_kbd.dir/book_kbd.c.obj
                0x20001a32                kbd_conn
 .bss.kbd_inst  0x20001a33        0x1 CMakeFiles/book_kbd.dir/book_kbd.c.obj
                0x20001a33                kbd_inst
 .bss.last_key  0x20001a34        0x1 CMakeFiles/book_kbd.dir/book_kbd.c.obj
                0x20001a34                last_key
 .bss.local_key
                0x20001a35        0x1 CMakeFiles/book_kbd.dir/book_kbd.c.obj
                0x20001a35                local_key
 .bss.numlock_state
                0x20001a36        0x1 CMakeFiles/book_kbd.dir/book_kbd.c.obj
                0x20001a36                numlock_state
 .bss.prev_alt_state.4
                0x20001a37        0x1 CMakeFiles/book_kbd.dir/book_kbd.c.obj
 .bss.prev_ctrl_state.5
                0x20001a38        0x1 CMakeFiles/book_kbd.dir/book_kbd.c.obj
 .bss.prev_shiftl_state.3
                0x20001a39        0x1 CMakeFiles/book_kbd.dir/book_kbd.c.obj
 .bss.prev_shiftr_state.2
                0x20001a3a        0x1 CMakeFiles/book_kbd.dir/book_kbd.c.obj
 .bss.rep_counter
                0x20001a3b        0x1 CMakeFiles/book_kbd.dir/book_kbd.c.obj
                0x20001a3b                rep_counter
 .bss.repeat_key
                0x20001a3c        0x1 CMakeFiles/book_kbd.dir/book_kbd.c.obj
                0x20001a3c                repeat_key
 .bss.scroll_state
                0x20001a3d        0x1 CMakeFiles/book_kbd.dir/book_kbd.c.obj
                0x20001a3d                scroll_state
 .bss.set_leds.0
                0x20001a3e        0x1 CMakeFiles/book_kbd.dir/book_kbd.c.obj
 .bss.timer_callbacks_pending
                0x20001a3f        0x1 CMakeFiles/book_kbd.dir/C_/SRC/pico-sdk/src/rp2_common/hardware_timer/timer.c.obj
 *(COMMON)
                0x20001a40                . = ALIGN (0x4)
                0x20001a40                __bss_end__ = .

.heap           0x20001a40      0x800
                0x20001a40                __end__ = .
                0x20001a40                end = __end__
 *(.heap*)
 .heap          0x20001a40      0x800 CMakeFiles/book_kbd.dir/C_/SRC/pico-sdk/src/rp2_common/pico_standard_link/crt0.S.obj
                0x20002240                __HeapLimit = .

.stack1_dummy   0x20040000        0x0
 *(.stack1*)

.stack_dummy    0x20041000      0x800
 *(.stack*)
 .stack         0x20041000      0x800 CMakeFiles/book_kbd.dir/C_/SRC/pico-sdk/src/rp2_common/pico_standard_link/crt0.S.obj

.flash_end      0x10009e30        0x0
                0x10009e30                PROVIDE (__flash_binary_end = .)
                0x20040000                __StackLimit = (ORIGIN (RAM) + LENGTH (RAM))
                0x20041000                __StackOneTop = (ORIGIN (SCRATCH_X) + LENGTH (SCRATCH_X))
                0x20042000                __StackTop = (ORIGIN (SCRATCH_Y) + LENGTH (SCRATCH_Y))
                0x20041000                __StackOneBottom = (__StackOneTop - SIZEOF (.stack1_dummy))
                0x20041800                __StackBottom = (__StackTop - SIZEOF (.stack_dummy))
                0x20042000                PROVIDE (__stack = __StackTop)
                0x00000001                ASSERT ((__StackLimit >= __HeapLimit), region RAM overflowed)
                0x00000001                ASSERT (((__binary_info_header_end - __logical_binary_start) <= 0x100), Binary info must be in first 256 bytes of the binary)
LOAD CMakeFiles/book_kbd.dir/book_kbd.c.obj
LOAD CMakeFiles/book_kbd.dir/C_/SRC/pico-sdk/src/rp2_common/pico_stdlib/stdlib.c.obj
LOAD CMakeFiles/book_kbd.dir/C_/SRC/pico-sdk/src/rp2_common/hardware_gpio/gpio.c.obj
LOAD CMakeFiles/book_kbd.dir/C_/SRC/pico-sdk/src/rp2_common/pico_platform/platform.c.obj
LOAD CMakeFiles/book_kbd.dir/C_/SRC/pico-sdk/src/rp2_common/hardware_claim/claim.c.obj
LOAD CMakeFiles/book_kbd.dir/C_/SRC/pico-sdk/src/rp2_common/hardware_sync/sync.c.obj
LOAD CMakeFiles/book_kbd.dir/C_/SRC/pico-sdk/src/rp2_common/hardware_irq/irq.c.obj
LOAD CMakeFiles/book_kbd.dir/C_/SRC/pico-sdk/src/rp2_common/hardware_irq/irq_handler_chain.S.obj
LOAD CMakeFiles/book_kbd.dir/C_/SRC/pico-sdk/src/common/pico_sync/sem.c.obj
LOAD CMakeFiles/book_kbd.dir/C_/SRC/pico-sdk/src/common/pico_sync/lock_core.c.obj
LOAD CMakeFiles/book_kbd.dir/C_/SRC/pico-sdk/src/common/pico_sync/mutex.c.obj
LOAD CMakeFiles/book_kbd.dir/C_/SRC/pico-sdk/src/common/pico_sync/critical_section.c.obj
LOAD CMakeFiles/book_kbd.dir/C_/SRC/pico-sdk/src/common/pico_time/time.c.obj
LOAD CMakeFiles/book_kbd.dir/C_/SRC/pico-sdk/src/common/pico_time/timeout_helper.c.obj
LOAD CMakeFiles/book_kbd.dir/C_/SRC/pico-sdk/src/rp2_common/hardware_timer/timer.c.obj
LOAD CMakeFiles/book_kbd.dir/C_/SRC/pico-sdk/src/common/pico_util/datetime.c.obj
LOAD CMakeFiles/book_kbd.dir/C_/SRC/pico-sdk/src/common/pico_util/pheap.c.obj
LOAD CMakeFiles/book_kbd.dir/C_/SRC/pico-sdk/src/common/pico_util/queue.c.obj
LOAD CMakeFiles/book_kbd.dir/C_/SRC/pico-sdk/src/rp2_common/hardware_uart/uart.c.obj
LOAD CMakeFiles/book_kbd.dir/C_/SRC/pico-sdk/src/rp2_common/hardware_clocks/clocks.c.obj
LOAD CMakeFiles/book_kbd.dir/C_/SRC/pico-sdk/src/rp2_common/hardware_pll/pll.c.obj
LOAD CMakeFiles/book_kbd.dir/C_/SRC/pico-sdk/src/rp2_common/hardware_vreg/vreg.c.obj
LOAD CMakeFiles/book_kbd.dir/C_/SRC/pico-sdk/src/rp2_common/hardware_watchdog/watchdog.c.obj
LOAD CMakeFiles/book_kbd.dir/C_/SRC/pico-sdk/src/rp2_common/hardware_xosc/xosc.c.obj
LOAD CMakeFiles/book_kbd.dir/C_/SRC/pico-sdk/src/rp2_common/hardware_divider/divider.S.obj
LOAD CMakeFiles/book_kbd.dir/C_/SRC/pico-sdk/src/rp2_common/pico_runtime/runtime.c.obj
LOAD CMakeFiles/book_kbd.dir/C_/SRC/pico-sdk/src/rp2_common/pico_printf/printf.c.obj
LOAD CMakeFiles/book_kbd.dir/C_/SRC/pico-sdk/src/rp2_common/pico_bit_ops/bit_ops_aeabi.S.obj
LOAD CMakeFiles/book_kbd.dir/C_/SRC/pico-sdk/src/rp2_common/pico_bootrom/bootrom.c.obj
LOAD CMakeFiles/book_kbd.dir/C_/SRC/pico-sdk/src/rp2_common/pico_divider/divider.S.obj
LOAD CMakeFiles/book_kbd.dir/C_/SRC/pico-sdk/src/rp2_common/pico_double/double_aeabi.S.obj
LOAD CMakeFiles/book_kbd.dir/C_/SRC/pico-sdk/src/rp2_common/pico_double/double_init_rom.c.obj
LOAD CMakeFiles/book_kbd.dir/C_/SRC/pico-sdk/src/rp2_common/pico_double/double_math.c.obj
LOAD CMakeFiles/book_kbd.dir/C_/SRC/pico-sdk/src/rp2_common/pico_double/double_v1_rom_shim.S.obj
LOAD CMakeFiles/book_kbd.dir/C_/SRC/pico-sdk/src/rp2_common/pico_int64_ops/pico_int64_ops_aeabi.S.obj
LOAD CMakeFiles/book_kbd.dir/C_/SRC/pico-sdk/src/rp2_common/pico_float/float_aeabi.S.obj
LOAD CMakeFiles/book_kbd.dir/C_/SRC/pico-sdk/src/rp2_common/pico_float/float_init_rom.c.obj
LOAD CMakeFiles/book_kbd.dir/C_/SRC/pico-sdk/src/rp2_common/pico_float/float_math.c.obj
LOAD CMakeFiles/book_kbd.dir/C_/SRC/pico-sdk/src/rp2_common/pico_float/float_v1_rom_shim.S.obj
LOAD CMakeFiles/book_kbd.dir/C_/SRC/pico-sdk/src/rp2_common/pico_malloc/pico_malloc.c.obj
LOAD CMakeFiles/book_kbd.dir/C_/SRC/pico-sdk/src/rp2_common/pico_mem_ops/mem_ops_aeabi.S.obj
LOAD CMakeFiles/book_kbd.dir/C_/SRC/pico-sdk/src/rp2_common/pico_standard_link/crt0.S.obj
LOAD CMakeFiles/book_kbd.dir/C_/SRC/pico-sdk/src/rp2_common/pico_standard_link/new_delete.cpp.obj
LOAD CMakeFiles/book_kbd.dir/C_/SRC/pico-sdk/src/rp2_common/pico_standard_link/binary_info.c.obj
LOAD CMakeFiles/book_kbd.dir/C_/SRC/pico-sdk/src/rp2_common/pico_stdio/stdio.c.obj
LOAD CMakeFiles/book_kbd.dir/C_/SRC/pico-sdk/src/rp2_common/pico_stdio_uart/stdio_uart.c.obj
LOAD CMakeFiles/book_kbd.dir/C_/SRC/pico-sdk/lib/tinyusb/src/portable/raspberrypi/rp2040/hcd_rp2040.c.obj
LOAD CMakeFiles/book_kbd.dir/C_/SRC/pico-sdk/lib/tinyusb/src/portable/raspberrypi/rp2040/rp2040_usb.c.obj
LOAD CMakeFiles/book_kbd.dir/C_/SRC/pico-sdk/lib/tinyusb/src/host/usbh.c.obj
LOAD CMakeFiles/book_kbd.dir/C_/SRC/pico-sdk/lib/tinyusb/src/host/hub.c.obj
LOAD CMakeFiles/book_kbd.dir/C_/SRC/pico-sdk/lib/tinyusb/src/class/cdc/cdc_host.c.obj
LOAD CMakeFiles/book_kbd.dir/C_/SRC/pico-sdk/lib/tinyusb/src/class/hid/hid_host.c.obj
LOAD CMakeFiles/book_kbd.dir/C_/SRC/pico-sdk/lib/tinyusb/src/class/msc/msc_host.c.obj
LOAD CMakeFiles/book_kbd.dir/C_/SRC/pico-sdk/lib/tinyusb/src/class/vendor/vendor_host.c.obj
LOAD CMakeFiles/book_kbd.dir/C_/SRC/pico-sdk/lib/tinyusb/src/tusb.c.obj
LOAD CMakeFiles/book_kbd.dir/C_/SRC/pico-sdk/lib/tinyusb/src/common/tusb_fifo.c.obj
LOAD CMakeFiles/book_kbd.dir/C_/SRC/pico-sdk/lib/tinyusb/hw/bsp/rp2040/family.c.obj
LOAD C:\Users\n0p\AppData\Local\Temp\ccmTbk3t.o
LOAD c:/progra~1/raspbe~1/picosd~1.1/gcc-ar~1/bin/../lib/gcc/arm-none-eabi/10.3.1/../../../../arm-none-eabi/lib/thumb/v6-m/nofp\libstdc++.a
LOAD c:/progra~1/raspbe~1/picosd~1.1/gcc-ar~1/bin/../lib/gcc/arm-none-eabi/10.3.1/../../../../arm-none-eabi/lib/thumb/v6-m/nofp\libm.a
START GROUP
LOAD c:/progra~1/raspbe~1/picosd~1.1/gcc-ar~1/bin/../lib/gcc/arm-none-eabi/10.3.1/thumb/v6-m/nofp\libgcc.a
LOAD c:/progra~1/raspbe~1/picosd~1.1/gcc-ar~1/bin/../lib/gcc/arm-none-eabi/10.3.1/../../../../arm-none-eabi/lib/thumb/v6-m/nofp\libc.a
END GROUP
START GROUP
LOAD c:/progra~1/raspbe~1/picosd~1.1/gcc-ar~1/bin/../lib/gcc/arm-none-eabi/10.3.1/thumb/v6-m/nofp\libgcc.a
LOAD c:/progra~1/raspbe~1/picosd~1.1/gcc-ar~1/bin/../lib/gcc/arm-none-eabi/10.3.1/../../../../arm-none-eabi/lib/thumb/v6-m/nofp\libc.a
LOAD c:/progra~1/raspbe~1/picosd~1.1/gcc-ar~1/bin/../lib/gcc/arm-none-eabi/10.3.1/../../../../arm-none-eabi/lib/thumb/v6-m/nofp\libnosys.a
END GROUP
LOAD c:/progra~1/raspbe~1/picosd~1.1/gcc-ar~1/bin/../lib/gcc/arm-none-eabi/10.3.1/thumb/v6-m/nofp/crtend.o
LOAD c:/progra~1/raspbe~1/picosd~1.1/gcc-ar~1/bin/../lib/gcc/arm-none-eabi/10.3.1/thumb/v6-m/nofp/crtn.o
OUTPUT(book_kbd.elf elf32-littlearm)
LOAD linker stubs

.ARM.attributes
                0x00000000       0x28
 .ARM.attributes
                0x00000000       0x1e c:/progra~1/raspbe~1/picosd~1.1/gcc-ar~1/bin/../lib/gcc/arm-none-eabi/10.3.1/thumb/v6-m/nofp/crti.o
 .ARM.attributes
                0x0000001e       0x2c c:/progra~1/raspbe~1/picosd~1.1/gcc-ar~1/bin/../lib/gcc/arm-none-eabi/10.3.1/thumb/v6-m/nofp/crtbegin.o
 .ARM.attributes
                0x0000004a       0x2c CMakeFiles/book_kbd.dir/book_kbd.c.obj
 .ARM.attributes
                0x00000076       0x2c CMakeFiles/book_kbd.dir/C_/SRC/pico-sdk/src/rp2_common/hardware_gpio/gpio.c.obj
 .ARM.attributes
                0x000000a2       0x2c CMakeFiles/book_kbd.dir/C_/SRC/pico-sdk/src/rp2_common/pico_platform/platform.c.obj
 .ARM.attributes
                0x000000ce       0x2c CMakeFiles/book_kbd.dir/C_/SRC/pico-sdk/src/rp2_common/hardware_claim/claim.c.obj
 .ARM.attributes
                0x000000fa       0x2c CMakeFiles/book_kbd.dir/C_/SRC/pico-sdk/src/rp2_common/hardware_sync/sync.c.obj
 .ARM.attributes
                0x00000126       0x2c CMakeFiles/book_kbd.dir/C_/SRC/pico-sdk/src/rp2_common/hardware_irq/irq.c.obj
 .ARM.attributes
                0x00000152       0x22 CMakeFiles/book_kbd.dir/C_/SRC/pico-sdk/src/rp2_common/hardware_irq/irq_handler_chain.S.obj
 .ARM.attributes
                0x00000174       0x2c CMakeFiles/book_kbd.dir/C_/SRC/pico-sdk/src/common/pico_sync/lock_core.c.obj
 .ARM.attributes
                0x000001a0       0x2c CMakeFiles/book_kbd.dir/C_/SRC/pico-sdk/src/common/pico_sync/mutex.c.obj
 .ARM.attributes
                0x000001cc       0x2c CMakeFiles/book_kbd.dir/C_/SRC/pico-sdk/src/common/pico_sync/critical_section.c.obj
 .ARM.attributes
                0x000001f8       0x2c CMakeFiles/book_kbd.dir/C_/SRC/pico-sdk/src/common/pico_time/time.c.obj
 .ARM.attributes
                0x00000224       0x2c CMakeFiles/book_kbd.dir/C_/SRC/pico-sdk/src/rp2_common/hardware_timer/timer.c.obj
 .ARM.attributes
                0x00000250       0x2c CMakeFiles/book_kbd.dir/C_/SRC/pico-sdk/src/common/pico_util/pheap.c.obj
 .ARM.attributes
                0x0000027c       0x2c CMakeFiles/book_kbd.dir/C_/SRC/pico-sdk/src/rp2_common/hardware_uart/uart.c.obj
 .ARM.attributes
                0x000002a8       0x2c CMakeFiles/book_kbd.dir/C_/SRC/pico-sdk/src/rp2_common/hardware_clocks/clocks.c.obj
 .ARM.attributes
                0x000002d4       0x2c CMakeFiles/book_kbd.dir/C_/SRC/pico-sdk/src/rp2_common/hardware_pll/pll.c.obj
 .ARM.attributes
                0x00000300       0x2c CMakeFiles/book_kbd.dir/C_/SRC/pico-sdk/src/rp2_common/hardware_watchdog/watchdog.c.obj
 .ARM.attributes
                0x0000032c       0x2c CMakeFiles/book_kbd.dir/C_/SRC/pico-sdk/src/rp2_common/hardware_xosc/xosc.c.obj
 .ARM.attributes
                0x00000358       0x2c CMakeFiles/book_kbd.dir/C_/SRC/pico-sdk/src/rp2_common/pico_runtime/runtime.c.obj
 .ARM.attributes
                0x00000384       0x2c CMakeFiles/book_kbd.dir/C_/SRC/pico-sdk/src/rp2_common/pico_printf/printf.c.obj
 .ARM.attributes
                0x000003b0       0x22 CMakeFiles/book_kbd.dir/C_/SRC/pico-sdk/src/rp2_common/pico_bit_ops/bit_ops_aeabi.S.obj
 .ARM.attributes
                0x000003d2       0x2c CMakeFiles/book_kbd.dir/C_/SRC/pico-sdk/src/rp2_common/pico_bootrom/bootrom.c.obj
 .ARM.attributes
                0x000003fe       0x22 CMakeFiles/book_kbd.dir/C_/SRC/pico-sdk/src/rp2_common/pico_divider/divider.S.obj
 .ARM.attributes
                0x00000420       0x22 CMakeFiles/book_kbd.dir/C_/SRC/pico-sdk/src/rp2_common/pico_double/double_aeabi.S.obj
 .ARM.attributes
                0x00000442       0x2c CMakeFiles/book_kbd.dir/C_/SRC/pico-sdk/src/rp2_common/pico_double/double_init_rom.c.obj
 .ARM.attributes
                0x0000046e       0x22 CMakeFiles/book_kbd.dir/C_/SRC/pico-sdk/src/rp2_common/pico_double/double_v1_rom_shim.S.obj
 .ARM.attributes
                0x00000490       0x22 CMakeFiles/book_kbd.dir/C_/SRC/pico-sdk/src/rp2_common/pico_int64_ops/pico_int64_ops_aeabi.S.obj
 .ARM.attributes
                0x000004b2       0x22 CMakeFiles/book_kbd.dir/C_/SRC/pico-sdk/src/rp2_common/pico_float/float_aeabi.S.obj
 .ARM.attributes
                0x000004d4       0x2c CMakeFiles/book_kbd.dir/C_/SRC/pico-sdk/src/rp2_common/pico_float/float_init_rom.c.obj
 .ARM.attributes
                0x00000500       0x22 CMakeFiles/book_kbd.dir/C_/SRC/pico-sdk/src/rp2_common/pico_float/float_v1_rom_shim.S.obj
 .ARM.attributes
                0x00000522       0x22 CMakeFiles/book_kbd.dir/C_/SRC/pico-sdk/src/rp2_common/pico_mem_ops/mem_ops_aeabi.S.obj
 .ARM.attributes
                0x00000544       0x22 CMakeFiles/book_kbd.dir/C_/SRC/pico-sdk/src/rp2_common/pico_standard_link/crt0.S.obj
 .ARM.attributes
                0x00000566       0x2c CMakeFiles/book_kbd.dir/C_/SRC/pico-sdk/src/rp2_common/pico_standard_link/binary_info.c.obj
 .ARM.attributes
                0x00000592       0x2c CMakeFiles/book_kbd.dir/C_/SRC/pico-sdk/src/rp2_common/pico_stdio/stdio.c.obj
 .ARM.attributes
                0x000005be       0x2c CMakeFiles/book_kbd.dir/C_/SRC/pico-sdk/src/rp2_common/pico_stdio_uart/stdio_uart.c.obj
 .ARM.attributes
                0x000005ea       0x2c CMakeFiles/book_kbd.dir/C_/SRC/pico-sdk/lib/tinyusb/src/portable/raspberrypi/rp2040/hcd_rp2040.c.obj
 .ARM.attributes
                0x00000616       0x2c CMakeFiles/book_kbd.dir/C_/SRC/pico-sdk/lib/tinyusb/src/portable/raspberrypi/rp2040/rp2040_usb.c.obj
 .ARM.attributes
                0x00000642       0x2c CMakeFiles/book_kbd.dir/C_/SRC/pico-sdk/lib/tinyusb/src/host/usbh.c.obj
 .ARM.attributes
                0x0000066e       0x2c CMakeFiles/book_kbd.dir/C_/SRC/pico-sdk/lib/tinyusb/src/host/hub.c.obj
 .ARM.attributes
                0x0000069a       0x2c CMakeFiles/book_kbd.dir/C_/SRC/pico-sdk/lib/tinyusb/src/class/cdc/cdc_host.c.obj
 .ARM.attributes
                0x000006c6       0x2c CMakeFiles/book_kbd.dir/C_/SRC/pico-sdk/lib/tinyusb/src/class/hid/hid_host.c.obj
 .ARM.attributes
                0x000006f2       0x2c CMakeFiles/book_kbd.dir/C_/SRC/pico-sdk/lib/tinyusb/src/class/msc/msc_host.c.obj
 .ARM.attributes
                0x0000071e       0x2c CMakeFiles/book_kbd.dir/C_/SRC/pico-sdk/lib/tinyusb/src/tusb.c.obj
 .ARM.attributes
                0x0000074a       0x2c CMakeFiles/book_kbd.dir/C_/SRC/pico-sdk/lib/tinyusb/src/common/tusb_fifo.c.obj
 .ARM.attributes
                0x00000776       0x2c CMakeFiles/book_kbd.dir/C_/SRC/pico-sdk/lib/tinyusb/hw/bsp/rp2040/family.c.obj
 .ARM.attributes
                0x000007a2       0x22 C:\Users\n0p\AppData\Local\Temp\ccmTbk3t.o
 .ARM.attributes
                0x000007c4       0x1e c:/progra~1/raspbe~1/picosd~1.1/gcc-ar~1/bin/../lib/gcc/arm-none-eabi/10.3.1/thumb/v6-m/nofp\libgcc.a(_dvmd_tls.o)
 .ARM.attributes
                0x000007e2       0x2c c:/progra~1/raspbe~1/picosd~1.1/gcc-ar~1/bin/../lib/gcc/arm-none-eabi/10.3.1/../../../../arm-none-eabi/lib/thumb/v6-m/nofp\libc.a(lib_a-memmove.o)
 .ARM.attributes
                0x0000080e       0x2c c:/progra~1/raspbe~1/picosd~1.1/gcc-ar~1/bin/../lib/gcc/arm-none-eabi/10.3.1/../../../../arm-none-eabi/lib/thumb/v6-m/nofp\libc.a(lib_a-strlen-stub.o)

.comment        0x00000000       0x49
 .comment       0x00000000       0x49 CMakeFiles/book_kbd.dir/book_kbd.c.obj
                                 0x4a (size before relaxing)
 .comment       0x00000049       0x4a CMakeFiles/book_kbd.dir/C_/SRC/pico-sdk/src/rp2_common/hardware_gpio/gpio.c.obj
 .comment       0x00000049       0x4a CMakeFiles/book_kbd.dir/C_/SRC/pico-sdk/src/rp2_common/pico_platform/platform.c.obj
 .comment       0x00000049       0x4a CMakeFiles/book_kbd.dir/C_/SRC/pico-sdk/src/rp2_common/hardware_claim/claim.c.obj
 .comment       0x00000049       0x4a CMakeFiles/book_kbd.dir/C_/SRC/pico-sdk/src/rp2_common/hardware_sync/sync.c.obj
 .comment       0x00000049       0x4a CMakeFiles/book_kbd.dir/C_/SRC/pico-sdk/src/rp2_common/hardware_irq/irq.c.obj
 .comment       0x00000049       0x4a CMakeFiles/book_kbd.dir/C_/SRC/pico-sdk/src/common/pico_sync/lock_core.c.obj
 .comment       0x00000049       0x4a CMakeFiles/book_kbd.dir/C_/SRC/pico-sdk/src/common/pico_sync/mutex.c.obj
 .comment       0x00000049       0x4a CMakeFiles/book_kbd.dir/C_/SRC/pico-sdk/src/common/pico_sync/critical_section.c.obj
 .comment       0x00000049       0x4a CMakeFiles/book_kbd.dir/C_/SRC/pico-sdk/src/common/pico_time/time.c.obj
 .comment       0x00000049       0x4a CMakeFiles/book_kbd.dir/C_/SRC/pico-sdk/src/rp2_common/hardware_timer/timer.c.obj
 .comment       0x00000049       0x4a CMakeFiles/book_kbd.dir/C_/SRC/pico-sdk/src/common/pico_util/pheap.c.obj
 .comment       0x00000049       0x4a CMakeFiles/book_kbd.dir/C_/SRC/pico-sdk/src/rp2_common/hardware_uart/uart.c.obj
 .comment       0x00000049       0x4a CMakeFiles/book_kbd.dir/C_/SRC/pico-sdk/src/rp2_common/hardware_clocks/clocks.c.obj
 .comment       0x00000049       0x4a CMakeFiles/book_kbd.dir/C_/SRC/pico-sdk/src/rp2_common/hardware_pll/pll.c.obj
 .comment       0x00000049       0x4a CMakeFiles/book_kbd.dir/C_/SRC/pico-sdk/src/rp2_common/hardware_watchdog/watchdog.c.obj
 .comment       0x00000049       0x4a CMakeFiles/book_kbd.dir/C_/SRC/pico-sdk/src/rp2_common/hardware_xosc/xosc.c.obj
 .comment       0x00000049       0x4a CMakeFiles/book_kbd.dir/C_/SRC/pico-sdk/src/rp2_common/pico_runtime/runtime.c.obj
 .comment       0x00000049       0x4a CMakeFiles/book_kbd.dir/C_/SRC/pico-sdk/src/rp2_common/pico_printf/printf.c.obj
 .comment       0x00000049       0x4a CMakeFiles/book_kbd.dir/C_/SRC/pico-sdk/src/rp2_common/pico_bootrom/bootrom.c.obj
 .comment       0x00000049       0x4a CMakeFiles/book_kbd.dir/C_/SRC/pico-sdk/src/rp2_common/pico_double/double_init_rom.c.obj
 .comment       0x00000049       0x4a CMakeFiles/book_kbd.dir/C_/SRC/pico-sdk/src/rp2_common/pico_float/float_init_rom.c.obj
 .comment       0x00000049       0x4a CMakeFiles/book_kbd.dir/C_/SRC/pico-sdk/src/rp2_common/pico_standard_link/binary_info.c.obj
 .comment       0x00000049       0x4a CMakeFiles/book_kbd.dir/C_/SRC/pico-sdk/src/rp2_common/pico_stdio/stdio.c.obj
 .comment       0x00000049       0x4a CMakeFiles/book_kbd.dir/C_/SRC/pico-sdk/src/rp2_common/pico_stdio_uart/stdio_uart.c.obj
 .comment       0x00000049       0x4a CMakeFiles/book_kbd.dir/C_/SRC/pico-sdk/lib/tinyusb/src/portable/raspberrypi/rp2040/hcd_rp2040.c.obj
 .comment       0x00000049       0x4a CMakeFiles/book_kbd.dir/C_/SRC/pico-sdk/lib/tinyusb/src/portable/raspberrypi/rp2040/rp2040_usb.c.obj
 .comment       0x00000049       0x4a CMakeFiles/book_kbd.dir/C_/SRC/pico-sdk/lib/tinyusb/src/host/usbh.c.obj
 .comment       0x00000049       0x4a CMakeFiles/book_kbd.dir/C_/SRC/pico-sdk/lib/tinyusb/src/host/hub.c.obj
 .comment       0x00000049       0x4a CMakeFiles/book_kbd.dir/C_/SRC/pico-sdk/lib/tinyusb/src/class/cdc/cdc_host.c.obj
 .comment       0x00000049       0x4a CMakeFiles/book_kbd.dir/C_/SRC/pico-sdk/lib/tinyusb/src/class/hid/hid_host.c.obj
 .comment       0x00000049       0x4a CMakeFiles/book_kbd.dir/C_/SRC/pico-sdk/lib/tinyusb/src/class/msc/msc_host.c.obj
 .comment       0x00000049       0x4a CMakeFiles/book_kbd.dir/C_/SRC/pico-sdk/lib/tinyusb/src/tusb.c.obj
 .comment       0x00000049       0x4a CMakeFiles/book_kbd.dir/C_/SRC/pico-sdk/lib/tinyusb/src/common/tusb_fifo.c.obj
 .comment       0x00000049       0x4a CMakeFiles/book_kbd.dir/C_/SRC/pico-sdk/lib/tinyusb/hw/bsp/rp2040/family.c.obj

.debug_frame    0x00000000       0x58
 .debug_frame   0x00000000       0x30 c:/progra~1/raspbe~1/picosd~1.1/gcc-ar~1/bin/../lib/gcc/arm-none-eabi/10.3.1/../../../../arm-none-eabi/lib/thumb/v6-m/nofp\libc.a(lib_a-memmove.o)
 .debug_frame   0x00000030       0x28 c:/progra~1/raspbe~1/picosd~1.1/gcc-ar~1/bin/../lib/gcc/arm-none-eabi/10.3.1/../../../../arm-none-eabi/lib/thumb/v6-m/nofp\libc.a(lib_a-strlen-stub.o)
