Archive member included to satisfy reference by file (symbol)

c:/progra~1/raspbe~1/picosd~1.1/gcc-ar~1/bin/../lib/gcc/arm-none-eabi/10.3.1/thumb/v6-m/nofp\libgcc.a(_dvmd_tls.o)
                              CMakeFiles/book_kbd.dir/C_/SRC/pico-sdk/src/rp2_common/pico_divider/divider.S.obj (__aeabi_idiv0)
c:/progra~1/raspbe~1/picosd~1.1/gcc-ar~1/bin/../lib/gcc/arm-none-eabi/10.3.1/../../../../arm-none-eabi/lib/thumb/v6-m/nofp\libc.a(lib_a-calloc.o)
                              CMakeFiles/book_kbd.dir/C_/SRC/pico-sdk/src/rp2_common/pico_malloc/pico_malloc.c.obj (calloc)
c:/progra~1/raspbe~1/picosd~1.1/gcc-ar~1/bin/../lib/gcc/arm-none-eabi/10.3.1/../../../../arm-none-eabi/lib/thumb/v6-m/nofp\libc.a(lib_a-callocr.o)
                              c:/progra~1/raspbe~1/picosd~1.1/gcc-ar~1/bin/../lib/gcc/arm-none-eabi/10.3.1/../../../../arm-none-eabi/lib/thumb/v6-m/nofp\libc.a(lib_a-calloc.o) (_calloc_r)
c:/progra~1/raspbe~1/picosd~1.1/gcc-ar~1/bin/../lib/gcc/arm-none-eabi/10.3.1/../../../../arm-none-eabi/lib/thumb/v6-m/nofp\libc.a(lib_a-errno.o)
                              c:/progra~1/raspbe~1/picosd~1.1/gcc-ar~1/bin/../lib/gcc/arm-none-eabi/10.3.1/../../../../arm-none-eabi/lib/thumb/v6-m/nofp\libc.a(lib_a-callocr.o) (__errno)
c:/progra~1/raspbe~1/picosd~1.1/gcc-ar~1/bin/../lib/gcc/arm-none-eabi/10.3.1/../../../../arm-none-eabi/lib/thumb/v6-m/nofp\libc.a(lib_a-impure.o)
                              c:/progra~1/raspbe~1/picosd~1.1/gcc-ar~1/bin/../lib/gcc/arm-none-eabi/10.3.1/../../../../arm-none-eabi/lib/thumb/v6-m/nofp\libc.a(lib_a-calloc.o) (_impure_ptr)
c:/progra~1/raspbe~1/picosd~1.1/gcc-ar~1/bin/../lib/gcc/arm-none-eabi/10.3.1/../../../../arm-none-eabi/lib/thumb/v6-m/nofp\libc.a(lib_a-init.o)
                              c:/progra~1/raspbe~1/picosd~1.1/gcc-ar~1/bin/../lib/gcc/arm-none-eabi/10.3.1/../../../../arm-none-eabi/lib/thumb/v6-m/nofp/crt0.o (__libc_init_array)
c:/progra~1/raspbe~1/picosd~1.1/gcc-ar~1/bin/../lib/gcc/arm-none-eabi/10.3.1/../../../../arm-none-eabi/lib/thumb/v6-m/nofp\libc.a(lib_a-malloc.o)
                              CMakeFiles/book_kbd.dir/C_/SRC/pico-sdk/src/rp2_common/pico_malloc/pico_malloc.c.obj (malloc)
c:/progra~1/raspbe~1/picosd~1.1/gcc-ar~1/bin/../lib/gcc/arm-none-eabi/10.3.1/../../../../arm-none-eabi/lib/thumb/v6-m/nofp\libc.a(lib_a-mallocr.o)
                              c:/progra~1/raspbe~1/picosd~1.1/gcc-ar~1/bin/../lib/gcc/arm-none-eabi/10.3.1/../../../../arm-none-eabi/lib/thumb/v6-m/nofp\libc.a(lib_a-callocr.o) (_malloc_r)
c:/progra~1/raspbe~1/picosd~1.1/gcc-ar~1/bin/../lib/gcc/arm-none-eabi/10.3.1/../../../../arm-none-eabi/lib/thumb/v6-m/nofp\libc.a(lib_a-mlock.o)
                              c:/progra~1/raspbe~1/picosd~1.1/gcc-ar~1/bin/../lib/gcc/arm-none-eabi/10.3.1/../../../../arm-none-eabi/lib/thumb/v6-m/nofp\libc.a(lib_a-mallocr.o) (__malloc_lock)
c:/progra~1/raspbe~1/picosd~1.1/gcc-ar~1/bin/../lib/gcc/arm-none-eabi/10.3.1/../../../../arm-none-eabi/lib/thumb/v6-m/nofp\libc.a(lib_a-realloc.o)
                              CMakeFiles/book_kbd.dir/C_/SRC/pico-sdk/src/rp2_common/pico_malloc/pico_malloc.c.obj (realloc)
c:/progra~1/raspbe~1/picosd~1.1/gcc-ar~1/bin/../lib/gcc/arm-none-eabi/10.3.1/../../../../arm-none-eabi/lib/thumb/v6-m/nofp\libc.a(lib_a-reallocr.o)
                              c:/progra~1/raspbe~1/picosd~1.1/gcc-ar~1/bin/../lib/gcc/arm-none-eabi/10.3.1/../../../../arm-none-eabi/lib/thumb/v6-m/nofp\libc.a(lib_a-realloc.o) (_realloc_r)
c:/progra~1/raspbe~1/picosd~1.1/gcc-ar~1/bin/../lib/gcc/arm-none-eabi/10.3.1/../../../../arm-none-eabi/lib/thumb/v6-m/nofp\libc.a(lib_a-sbrkr.o)
                              c:/progra~1/raspbe~1/picosd~1.1/gcc-ar~1/bin/../lib/gcc/arm-none-eabi/10.3.1/../../../../arm-none-eabi/lib/thumb/v6-m/nofp\libc.a(lib_a-mallocr.o) (_sbrk_r)
c:/progra~1/raspbe~1/picosd~1.1/gcc-ar~1/bin/../lib/gcc/arm-none-eabi/10.3.1/../../../../arm-none-eabi/lib/thumb/v6-m/nofp\libc.a(lib_a-strlen-stub.o)
                              CMakeFiles/book_kbd.dir/C_/SRC/pico-sdk/src/rp2_common/pico_stdio/stdio.c.obj (strlen)
c:/progra~1/raspbe~1/picosd~1.1/gcc-ar~1/bin/../lib/gcc/arm-none-eabi/10.3.1/../../../../arm-none-eabi/lib/thumb/v6-m/nofp\libc.a(lib_a-freer.o)
                              c:/progra~1/raspbe~1/picosd~1.1/gcc-ar~1/bin/../lib/gcc/arm-none-eabi/10.3.1/../../../../arm-none-eabi/lib/thumb/v6-m/nofp\libc.a(lib_a-malloc.o) (_free_r)
c:/progra~1/raspbe~1/picosd~1.1/gcc-ar~1/bin/../lib/gcc/arm-none-eabi/10.3.1/../../../../arm-none-eabi/lib/thumb/v6-m/nofp\libc.a(lib_a-lock.o)
                              c:/progra~1/raspbe~1/picosd~1.1/gcc-ar~1/bin/../lib/gcc/arm-none-eabi/10.3.1/../../../../arm-none-eabi/lib/thumb/v6-m/nofp\libc.a(lib_a-mlock.o) (__retarget_lock_acquire_recursive)
c:/progra~1/raspbe~1/picosd~1.1/gcc-ar~1/bin/../lib/gcc/arm-none-eabi/10.3.1/../../../../arm-none-eabi/lib/thumb/v6-m/nofp\libc.a(lib_a-memmove.o)
[...]
Memory Configuration

Name             Origin             Length             Attributes
FLASH            0x10000000         0x00200000         xr
RAM              0x20000000         0x00040000         xrw
SCRATCH_X        0x20040000         0x00001000         xrw
SCRATCH_Y        0x20041000         0x00001000         xrw
*default*        0x00000000         0xffffffff

Linker script and memory map

LOAD c:/progra~1/raspbe~1/picosd~1.1/gcc-ar~1/bin/../lib/gcc/arm-none-eabi/10.3.1/thumb/v6-m/nofp/crti.o
LOAD c:/progra~1/raspbe~1/picosd~1.1/gcc-ar~1/bin/../lib/gcc/arm-none-eabi/10.3.1/thumb/v6-m/nofp/crtbegin.o
LOAD c:/progra~1/raspbe~1/picosd~1.1/gcc-ar~1/bin/../lib/gcc/arm-none-eabi/10.3.1/../../../../arm-none-eabi/lib/thumb/v6-m/nofp/crt0.o

.flash_begin    0x10000000        0x0
                0x10000000                __flash_binary_start = .

.boot2          0x10000000      0x100
                0x10000000                __boot2_start__ = .
 *(.boot2)
 .boot2         0x10000000      0x100 C:\Users\n0p\AppData\Local\Temp\ccsICG6s.o
                0x10000100                __boot2_end__ = .
                0x00000001                ASSERT (((__boot2_end__ - __boot2_start__) == 0x100), ERROR: Pico second stage bootloader must be 256 bytes in size)

.text           0x10000100     0x93c8
                0x10000100                __logical_binary_start = .
 *(.vectors)
 .vectors       0x10000100       0xd4 CMakeFiles/book_kbd.dir/C_/SRC/pico-sdk/src/rp2_common/pico_standard_link/crt0.S.obj
                0x10000100                __VECTOR_TABLE
                0x10000100                __vectors
                0x100001c0                isr_invalid
                0x100001c0                __default_isrs_start
                0x100001c2                isr_nmi
                0x100001c4                isr_hardfault
                0x100001c6                isr_svcall
                0x100001c8                isr_pendsv
                0x100001ca                isr_systick
                0x100001cc                isr_irq23
                0x100001cc                isr_irq18
                0x100001cc                isr_irq11
                0x100001cc                isr_irq28
                0x100001cc                isr_irq19
                0x100001cc                isr_irq0
                0x100001cc                isr_irq6
                0x100001cc                isr_irq5
                0x100001cc                isr_irq12
                0x100001cc                isr_irq22
                0x100001cc                isr_irq31
                0x100001cc                isr_irq17
                0x100001cc                isr_irq27
                0x100001cc                isr_irq30
                0x100001cc                isr_irq2
                0x100001cc                isr_irq10
                0x100001cc                isr_irq8
                0x100001cc                isr_irq24
                0x100001cc                isr_irq1
                0x100001cc                isr_irq7
                0x100001cc                isr_irq21
                0x100001cc                isr_irq20
                0x100001cc                isr_irq15
                0x100001cc                isr_irq25
                0x100001cc                isr_irq13
                0x100001cc                __unhandled_user_irq
                0x100001cc                isr_irq4
                0x100001cc                isr_irq16
                0x100001cc                isr_irq29
                0x100001cc                isr_irq26
                0x100001cc                __default_isrs_end
                0x100001cc                isr_irq3
                0x100001cc                isr_irq14
                0x100001cc                isr_irq9
                0x100001d2                unhandled_user_irq_num_in_r0
 *(.binary_info_header)
 .binary_info_header
                0x100001d4       0x14 CMakeFiles/book_kbd.dir/C_/SRC/pico-sdk/src/rp2_common/pico_standard_link/crt0.S.obj
                0x100001e8                __binary_info_header_end = .
 *(.reset)
 .reset         0x100001e8       0xa0 CMakeFiles/book_kbd.dir/C_/SRC/pico-sdk/src/rp2_common/pico_standard_link/crt0.S.obj
                0x100001e8                _entry_point
 .reset         0x10000288       0x30 CMakeFiles/book_kbd.dir/C_/SRC/pico-sdk/src/rp2_common/pico_standard_link/binary_info.c.obj
 *(.init)
 .init          0x100002b8        0x4 c:/progra~1/raspbe~1/picosd~1.1/gcc-ar~1/bin/../lib/gcc/arm-none-eabi/10.3.1/thumb/v6-m/nofp/crti.o
                0x100002b8                _init
 *(EXCLUDE_FILE(*libm.a: *libc.a:*lib_a-mem*.o *libgcc.a:) .text*)
 .text          0x100002bc       0x48 c:/progra~1/raspbe~1/picosd~1.1/gcc-ar~1/bin/../lib/gcc/arm-none-eabi/10.3.1/thumb/v6-m/nofp/crtbegin.o
 .text.send_key.part.0
                0x10000304       0xb8 CMakeFiles/book_kbd.dir/book_kbd.c.obj
 .text.main_cycle
                0x100003bc      0x124 CMakeFiles/book_kbd.dir/book_kbd.c.obj
                0x100003bc                main_cycle
 .text.startup.main
                0x100004e0      0x29c CMakeFiles/book_kbd.dir/book_kbd.c.obj
                0x100004e0                main
 .text.tuh_mount_cb
                0x1000077c        0x4 CMakeFiles/book_kbd.dir/book_kbd.c.obj
                0x1000077c                tuh_mount_cb
 .text.tuh_umount_cb
                0x10000780        0x4 CMakeFiles/book_kbd.dir/book_kbd.c.obj
                0x10000780                tuh_umount_cb
 .text.tuh_hid_mount_cb
                0x10000784       0xa4 CMakeFiles/book_kbd.dir/book_kbd.c.obj
                0x10000784                tuh_hid_mount_cb
 .text.tuh_hid_umount_cb
                0x10000828       0x74 CMakeFiles/book_kbd.dir/book_kbd.c.obj
                0x10000828                tuh_hid_umount_cb
 .text.tuh_hid_report_received_cb
                0x1000089c      0x4d0 CMakeFiles/book_kbd.dir/book_kbd.c.obj
                0x1000089c                tuh_hid_report_received_cb
 .text.gpio_set_function
                0x10000d6c       0x30 CMakeFiles/book_kbd.dir/C_/SRC/pico-sdk/src/rp2_common/hardware_gpio/gpio.c.obj
                0x10000d6c                gpio_set_function
 .text.gpio_init
                0x10000d9c       0x3c CMakeFiles/book_kbd.dir/C_/SRC/pico-sdk/src/rp2_common/hardware_gpio/gpio.c.obj
                0x10000d9c                gpio_init
 .text.running_on_fpga
                0x10000dd8       0x10 CMakeFiles/book_kbd.dir/C_/SRC/pico-sdk/src/rp2_common/pico_platform/platform.c.obj
                0x10000dd8                running_on_fpga
 .text.hw_claim_or_assert
                0x10000de8       0x44 CMakeFiles/book_kbd.dir/C_/SRC/pico-sdk/src/rp2_common/hardware_claim/claim.c.obj
                0x10000de8                hw_claim_or_assert
 .text.hw_claim_unused_from_range
                0x10000e2c       0x9c CMakeFiles/book_kbd.dir/C_/SRC/pico-sdk/src/rp2_common/hardware_claim/claim.c.obj
                0x10000e2c                hw_claim_unused_from_range
 .text.spin_locks_reset
                0x10000ec8       0x1c CMakeFiles/book_kbd.dir/C_/SRC/pico-sdk/src/rp2_common/hardware_sync/sync.c.obj
                0x10000ec8                spin_locks_reset
 .text.next_striped_spin_lock_num
                0x10000ee4       0x18 CMakeFiles/book_kbd.dir/C_/SRC/pico-sdk/src/rp2_common/hardware_sync/sync.c.obj
                0x10000ee4                next_striped_spin_lock_num
 .text.spin_lock_claim_unused
                0x10000efc       0x20 CMakeFiles/book_kbd.dir/C_/SRC/pico-sdk/src/rp2_common/hardware_sync/sync.c.obj
                0x10000efc                spin_lock_claim_unused
 .text.irq_set_enabled
                0x10000f1c       0x24 CMakeFiles/book_kbd.dir/C_/SRC/pico-sdk/src/rp2_common/hardware_irq/irq.c.obj
                0x10000f1c                irq_set_enabled
 .text.irq_get_vtable_handler
                0x10000f40       0x10 CMakeFiles/book_kbd.dir/C_/SRC/pico-sdk/src/rp2_common/hardware_irq/irq.c.obj
                0x10000f40                irq_get_vtable_handler
 .text.irq_set_exclusive_handler
                0x10000f50       0x54 CMakeFiles/book_kbd.dir/C_/SRC/pico-sdk/src/rp2_common/hardware_irq/irq.c.obj
                0x10000f50                irq_set_exclusive_handler
 .text.irq_add_shared_handler
                0x10000fa4      0x1e8 CMakeFiles/book_kbd.dir/C_/SRC/pico-sdk/src/rp2_common/hardware_irq/irq.c.obj
                0x10000fa4                irq_add_shared_handler
 .text.irq_remove_handler
                0x1000118c      0x1b0 CMakeFiles/book_kbd.dir/C_/SRC/pico-sdk/src/rp2_common/hardware_irq/irq.c.obj
                0x1000118c                irq_remove_handler
 .text.irq_add_tail_to_free_list
                0x1000133c       0xb4 CMakeFiles/book_kbd.dir/C_/SRC/pico-sdk/src/rp2_common/hardware_irq/irq.c.obj
                0x1000133c                irq_add_tail_to_free_list
 .text.irq_init_priorities
                0x100013f0       0x24 CMakeFiles/book_kbd.dir/C_/SRC/pico-sdk/src/rp2_common/hardware_irq/irq.c.obj
                0x100013f0                irq_init_priorities
 .text.lock_init
                0x10001414       0x10 CMakeFiles/book_kbd.dir/C_/SRC/pico-sdk/src/common/pico_sync/lock_core.c.obj
                0x10001414                lock_init
 .text.mutex_init
                0x10001424       0x1c CMakeFiles/book_kbd.dir/C_/SRC/pico-sdk/src/common/pico_sync/mutex.c.obj
                0x10001424                mutex_init
 .text.recursive_mutex_init
                0x10001440       0x1c CMakeFiles/book_kbd.dir/C_/SRC/pico-sdk/src/common/pico_sync/mutex.c.obj
                0x10001440                recursive_mutex_init
 .text.critical_section_init
                0x1000145c       0x20 CMakeFiles/book_kbd.dir/C_/SRC/pico-sdk/src/common/pico_sync/critical_section.c.obj
                0x1000145c                critical_section_init
 .text.timer_pool_entry_comparator
                0x1000147c       0x34 CMakeFiles/book_kbd.dir/C_/SRC/pico-sdk/src/common/pico_time/time.c.obj
                0x1000147c                timer_pool_entry_comparator
 .text.sleep_until_callback
                0x100014b0       0x30 CMakeFiles/book_kbd.dir/C_/SRC/pico-sdk/src/common/pico_time/time.c.obj
 .text.add_alarm_under_lock.isra.0
                0x100014e0      0x100 CMakeFiles/book_kbd.dir/C_/SRC/pico-sdk/src/common/pico_time/time.c.obj
 .text.alarm_pool_alarm_callback
                0x100015e0      0x1bc CMakeFiles/book_kbd.dir/C_/SRC/pico-sdk/src/common/pico_time/time.c.obj
 .text.alarm_pool_init_default
                0x1000179c       0x6c CMakeFiles/book_kbd.dir/C_/SRC/pico-sdk/src/common/pico_time/time.c.obj
                0x1000179c                alarm_pool_init_default
 .text.alarm_pool_add_alarm_at
                0x10001808      0x178 CMakeFiles/book_kbd.dir/C_/SRC/pico-sdk/src/common/pico_time/time.c.obj
                0x10001808                alarm_pool_add_alarm_at
 .text.sleep_until
                0x10001980       0xc4 CMakeFiles/book_kbd.dir/C_/SRC/pico-sdk/src/common/pico_time/time.c.obj
                0x10001980                sleep_until
 .text.sleep_us
                0x10001a44       0x24 CMakeFiles/book_kbd.dir/C_/SRC/pico-sdk/src/common/pico_time/time.c.obj
                0x10001a44                sleep_us
 .text.sleep_ms
                0x10001a68       0x34 CMakeFiles/book_kbd.dir/C_/SRC/pico-sdk/src/common/pico_time/time.c.obj
                0x10001a68                sleep_ms
 .text.best_effort_wfe_or_timeout
                0x10001a9c       0xd4 CMakeFiles/book_kbd.dir/C_/SRC/pico-sdk/src/common/pico_time/time.c.obj
                0x10001a9c                best_effort_wfe_or_timeout
 .text.hardware_alarm_irq_handler
                0x10001b70       0xbc CMakeFiles/book_kbd.dir/C_/SRC/pico-sdk/src/rp2_common/hardware_timer/timer.c.obj
 .text.hardware_alarm_claim
                0x10001c2c       0x18 CMakeFiles/book_kbd.dir/C_/SRC/pico-sdk/src/rp2_common/hardware_timer/timer.c.obj
                0x10001c2c                hardware_alarm_claim
 .text.time_us_64
                0x10001c44       0x14 CMakeFiles/book_kbd.dir/C_/SRC/pico-sdk/src/rp2_common/hardware_timer/timer.c.obj
                0x10001c44                time_us_64
 .text.busy_wait_us
                0x10001c58       0x54 CMakeFiles/book_kbd.dir/C_/SRC/pico-sdk/src/rp2_common/hardware_timer/timer.c.obj
                0x10001c58                busy_wait_us
 .text.busy_wait_until
                0x10001cac       0x20 CMakeFiles/book_kbd.dir/C_/SRC/pico-sdk/src/rp2_common/hardware_timer/timer.c.obj
                0x10001cac                busy_wait_until
 .text.hardware_alarm_set_callback
                0x10001ccc       0x8c CMakeFiles/book_kbd.dir/C_/SRC/pico-sdk/src/rp2_common/hardware_timer/timer.c.obj
                0x10001ccc                hardware_alarm_set_callback
 .text.hardware_alarm_set_target
                0x10001d58       0xd4 CMakeFiles/book_kbd.dir/C_/SRC/pico-sdk/src/rp2_common/hardware_timer/timer.c.obj
                0x10001d58                hardware_alarm_set_target
 .text.hardware_alarm_cancel
                0x10001e2c       0x3c CMakeFiles/book_kbd.dir/C_/SRC/pico-sdk/src/rp2_common/hardware_timer/timer.c.obj
                0x10001e2c                hardware_alarm_cancel
 .text.ph_merge_nodes
                0x10001e68       0x68 CMakeFiles/book_kbd.dir/C_/SRC/pico-sdk/src/common/pico_util/pheap.c.obj
 .text.ph_post_alloc_init
                0x10001ed0       0x3c CMakeFiles/book_kbd.dir/C_/SRC/pico-sdk/src/common/pico_util/pheap.c.obj
                0x10001ed0                ph_post_alloc_init
 .text.ph_merge_two_pass
                0x10001f0c       0x90 CMakeFiles/book_kbd.dir/C_/SRC/pico-sdk/src/common/pico_util/pheap.c.obj
                0x10001f0c                ph_merge_two_pass
 .text.ph_remove_any_head
                0x10001f9c      0x100 CMakeFiles/book_kbd.dir/C_/SRC/pico-sdk/src/common/pico_util/pheap.c.obj
 .text.ph_remove_head
                0x1000209c      0x104 CMakeFiles/book_kbd.dir/C_/SRC/pico-sdk/src/common/pico_util/pheap.c.obj
                0x1000209c                ph_remove_head
 .text.ph_remove_and_free_node
                0x100021a0       0x7c CMakeFiles/book_kbd.dir/C_/SRC/pico-sdk/src/common/pico_util/pheap.c.obj
                0x100021a0                ph_remove_and_free_node
 .text.uart_init
                0x1000221c      0x188 CMakeFiles/book_kbd.dir/C_/SRC/pico-sdk/src/rp2_common/hardware_uart/uart.c.obj
                0x1000221c                uart_init
 .text.clocks_init
                0x100023a4      0x2d0 CMakeFiles/book_kbd.dir/C_/SRC/pico-sdk/src/rp2_common/hardware_clocks/clocks.c.obj
                0x100023a4                clocks_init
 .text.clock_get_hz
                0x10002674        0xc CMakeFiles/book_kbd.dir/C_/SRC/pico-sdk/src/rp2_common/hardware_clocks/clocks.c.obj
                0x10002674                clock_get_hz
 .text.pll_init
                0x10002680       0xa0 CMakeFiles/book_kbd.dir/C_/SRC/pico-sdk/src/rp2_common/hardware_pll/pll.c.obj
                0x10002680                pll_init
 .text.watchdog_start_tick
                0x10002720       0x10 CMakeFiles/book_kbd.dir/C_/SRC/pico-sdk/src/rp2_common/hardware_watchdog/watchdog.c.obj
                0x10002720                watchdog_start_tick
 .text.xosc_init
                0x10002730       0x28 CMakeFiles/book_kbd.dir/C_/SRC/pico-sdk/src/rp2_common/hardware_xosc/xosc.c.obj
                0x10002730                xosc_init
 .text.runtime_init
                0x10002758       0xf0 CMakeFiles/book_kbd.dir/C_/SRC/pico-sdk/src/rp2_common/pico_runtime/runtime.c.obj
                0x10002758                runtime_init
 .text._exit    0x10002848        0x4 CMakeFiles/book_kbd.dir/C_/SRC/pico-sdk/src/rp2_common/pico_runtime/runtime.c.obj
                0x10002848                _exit
 .text.exit     0x1000284c        0x8 CMakeFiles/book_kbd.dir/C_/SRC/pico-sdk/src/rp2_common/pico_runtime/runtime.c.obj
                0x1000284c                exit
 .text.panic    0x10002854       0x30 CMakeFiles/book_kbd.dir/C_/SRC/pico-sdk/src/rp2_common/pico_runtime/runtime.c.obj
                0x10002854                panic
 .text.hard_assertion_failure
                0x10002884        0xc CMakeFiles/book_kbd.dir/C_/SRC/pico-sdk/src/rp2_common/pico_runtime/runtime.c.obj
                0x10002884                hard_assertion_failure
 .text._out_null
                0x10002890        0x4 CMakeFiles/book_kbd.dir/C_/SRC/pico-sdk/src/rp2_common/pico_printf/printf.c.obj
 .text._out_rev
                0x10002894       0x9c CMakeFiles/book_kbd.dir/C_/SRC/pico-sdk/src/rp2_common/pico_printf/printf.c.obj
 .text._ntoa_format
                0x10002930      0x1cc CMakeFiles/book_kbd.dir/C_/SRC/pico-sdk/src/rp2_common/pico_printf/printf.c.obj
 .text._out_char
                0x10002afc       0x10 CMakeFiles/book_kbd.dir/C_/SRC/pico-sdk/src/rp2_common/pico_printf/printf.c.obj
 .text._out_fct
                0x10002b0c       0x10 CMakeFiles/book_kbd.dir/C_/SRC/pico-sdk/src/rp2_common/pico_printf/printf.c.obj
 .text._etoa    0x10002b1c      0x44c CMakeFiles/book_kbd.dir/C_/SRC/pico-sdk/src/rp2_common/pico_printf/printf.c.obj
 .text._ftoa    0x10002f68      0x398 CMakeFiles/book_kbd.dir/C_/SRC/pico-sdk/src/rp2_common/pico_printf/printf.c.obj
 .text._vsnprintf
                0x10003300      0xb04 CMakeFiles/book_kbd.dir/C_/SRC/pico-sdk/src/rp2_common/pico_printf/printf.c.obj
 .text.vfctprintf
                0x10003e04       0x20 CMakeFiles/book_kbd.dir/C_/SRC/pico-sdk/src/rp2_common/pico_printf/printf.c.obj
                0x10003e04                vfctprintf
 .text.weak_raw_vprintf
                0x10003e24       0x30 CMakeFiles/book_kbd.dir/C_/SRC/pico-sdk/src/rp2_common/pico_printf/printf.c.obj
                0x10003e24                weak_raw_vprintf
 .text          0x10003e54       0x10 CMakeFiles/book_kbd.dir/C_/SRC/pico-sdk/src/rp2_common/pico_bit_ops/bit_ops_aeabi.S.obj
 .text.rom_func_lookup
                0x10003e64       0x10 CMakeFiles/book_kbd.dir/C_/SRC/pico-sdk/src/rp2_common/pico_bootrom/bootrom.c.obj
                0x10003e64                rom_func_lookup
 .text.rom_data_lookup
                0x10003e74       0x10 CMakeFiles/book_kbd.dir/C_/SRC/pico-sdk/src/rp2_common/pico_bootrom/bootrom.c.obj
                0x10003e74                rom_data_lookup
 .text.rom_funcs_lookup
                0x10003e84       0x44 CMakeFiles/book_kbd.dir/C_/SRC/pico-sdk/src/rp2_common/pico_bootrom/bootrom.c.obj
                0x10003e84                rom_funcs_lookup
 .text.__wrap___aeabi_idiv
                0x10003ec8       0x50 CMakeFiles/book_kbd.dir/C_/SRC/pico-sdk/src/rp2_common/pico_divider/divider.S.obj
                0x10003ec8                __wrap___aeabi_idivmod
                0x10003ec8                divmod_s32s32
                0x10003ec8                div_s32s32
                0x10003ec8                __wrap___aeabi_idiv
                0x10003ed0                divmod_s32s32_unsafe
                0x10003efc                divmod_s32s32_savestate
 .text.__wrap___aeabi_uidiv
                0x10003f18       0x4c CMakeFiles/book_kbd.dir/C_/SRC/pico-sdk/src/rp2_common/pico_divider/divider.S.obj
                0x10003f18                __wrap___aeabi_uidiv
                0x10003f18                __wrap___aeabi_uidivmod
                0x10003f18                div_u32u32
                0x10003f18                divmod_u32u32
                0x10003f20                divmod_u32u32_unsafe
                0x10003f48                divmod_u32u32_savestate
 .text.__wrap___aeabi_ldiv
                0x10003f64      0x424 CMakeFiles/book_kbd.dir/C_/SRC/pico-sdk/src/rp2_common/pico_divider/divider.S.obj
                0x10003f64                div_s64s64
                0x10003f64                divmod_s64s64
                0x10003f64                __wrap___aeabi_ldivmod
                0x10003f94                divmod_u64u64
                0x10003f94                div_u64u64
                0x10003f94                __wrap___aeabi_uldivmod
                0x10003fa4                divmod_u64u64_savestate
                0x10003fc4                divmod_s64s64_unsafe
                0x1000404c                divmod_u64u64_unsafe
 .text.__wrap___aeabi_darithmetic
                0x10004388       0x80 CMakeFiles/book_kbd.dir/C_/SRC/pico-sdk/src/rp2_common/pico_double/double_aeabi.S.obj
                0x10004388                __wrap___aeabi_drsub
                0x1000438e                __wrap___aeabi_dsub
                0x100043a0                __wrap___aeabi_dadd
                0x100043b2                __wrap___aeabi_ddiv
                0x100043ee                __wrap___aeabi_dmul
 .text.__wrap___aeabi_cdcmple
                0x10004408       0x6c CMakeFiles/book_kbd.dir/C_/SRC/pico-sdk/src/rp2_common/pico_double/double_aeabi.S.obj
                0x10004408                __wrap___aeabi_cdrcmple
                0x10004418                __wrap___aeabi_cdcmpeq
                0x10004418                __wrap___aeabi_cdcmple
 .text.__wrap___aeabi_dcmplt
                0x10004474        0xc CMakeFiles/book_kbd.dir/C_/SRC/pico-sdk/src/rp2_common/pico_double/double_aeabi.S.obj
                0x10004474                __wrap___aeabi_dcmplt
 .text.__wrap___aeabi_dcmple
                0x10004480       0x10 CMakeFiles/book_kbd.dir/C_/SRC/pico-sdk/src/rp2_common/pico_double/double_aeabi.S.obj
                0x10004480                __wrap___aeabi_dcmple
 .text.__wrap___aeabi_dcmpge
                0x10004490       0x10 CMakeFiles/book_kbd.dir/C_/SRC/pico-sdk/src/rp2_common/pico_double/double_aeabi.S.obj
                0x10004490                __wrap___aeabi_dcmpge
 .text.__wrap___aeabi_dcmpgt
                0x100044a0        0xa CMakeFiles/book_kbd.dir/C_/SRC/pico-sdk/src/rp2_common/pico_double/double_aeabi.S.obj
                0x100044a0                __wrap___aeabi_dcmpgt
 .text.__wrap___aeabi_dcmpun
                0x100044aa       0x1c CMakeFiles/book_kbd.dir/C_/SRC/pico-sdk/src/rp2_common/pico_double/double_aeabi.S.obj
                0x100044aa                __wrap___aeabi_dcmpun
 *fill*         0x100044c6        0x2 
 .text.__wrap___aeabi_i2d
                0x100044c8       0x38 CMakeFiles/book_kbd.dir/C_/SRC/pico-sdk/src/rp2_common/pico_double/double_aeabi.S.obj
                0x100044c8                __wrap___aeabi_ui2d
                0x100044d0                __wrap___aeabi_i2d
 .text.__wrap___aeabi_d2iz
                0x10004500       0x48 CMakeFiles/book_kbd.dir/C_/SRC/pico-sdk/src/rp2_common/pico_double/double_aeabi.S.obj
                0x10004500                double2int_z
                0x10004500                __wrap___aeabi_d2iz
 .text.__wrap___aeabi_d2uiz
                0x10004548       0x18 CMakeFiles/book_kbd.dir/C_/SRC/pico-sdk/src/rp2_common/pico_double/double_aeabi.S.obj
                0x10004548                __wrap___aeabi_d2uiz
                0x10004548                double2uint
 .text.__aeabi_double_init
                0x10004560       0x94 CMakeFiles/book_kbd.dir/C_/SRC/pico-sdk/src/rp2_common/pico_double/double_init_rom.c.obj
                0x10004560                __aeabi_double_init
 .text.double_table_shim_on_use_helper
                0x100045f4       0x2c CMakeFiles/book_kbd.dir/C_/SRC/pico-sdk/src/rp2_common/pico_double/double_v1_rom_shim.S.obj
                0x100045f4                double_table_shim_on_use_helper
 .text.__wrap___aeabi_dsub
                0x10004620       0x10 CMakeFiles/book_kbd.dir/C_/SRC/pico-sdk/src/rp2_common/pico_double/double_v1_rom_shim.S.obj
                0x10004620                drsub_shim
                0x10004626                dsub_shim
 .text.dadd_shim
                0x10004630      0x15c CMakeFiles/book_kbd.dir/C_/SRC/pico-sdk/src/rp2_common/pico_double/double_v1_rom_shim.S.obj
                0x10004630                dadd_shim
 .text.dmul_shim
                0x1000478c      0x15c CMakeFiles/book_kbd.dir/C_/SRC/pico-sdk/src/rp2_common/pico_double/double_v1_rom_shim.S.obj
                0x1000478c                dmul_shim
 .text.ddiv_shim
                0x100048e8      0x1b0 CMakeFiles/book_kbd.dir/C_/SRC/pico-sdk/src/rp2_common/pico_double/double_v1_rom_shim.S.obj
                0x100048e8                ddiv_shim
 .text.double2uint_shim
                0x10004a98        0xe CMakeFiles/book_kbd.dir/C_/SRC/pico-sdk/src/rp2_common/pico_double/double_v1_rom_shim.S.obj
                0x10004a98                double2uint_shim
                0x10004a9a                double2ufix_shim
 *fill*         0x10004aa6        0x2 
 .text.double2uint64_shim
                0x10004aa8       0x70 CMakeFiles/book_kbd.dir/C_/SRC/pico-sdk/src/rp2_common/pico_double/double_v1_rom_shim.S.obj
                0x10004aa8                double2uint64_shim
                0x10004aaa                double2ufix64_shim
                0x10004aca                d2fix_a
 .text.dunpacks
                0x10004b18       0x3c CMakeFiles/book_kbd.dir/C_/SRC/pico-sdk/src/rp2_common/pico_double/double_v1_rom_shim.S.obj
                0x10004b18                dunpacks
 .text.__aeabi_lmul
                0x10004b54       0x32 CMakeFiles/book_kbd.dir/C_/SRC/pico-sdk/src/rp2_common/pico_int64_ops/pico_int64_ops_aeabi.S.obj
                0x10004b54                __wrap___aeabi_lmul
 *fill*         0x10004b86        0x2 
 .text.__aeabi_float_init
                0x10004b88       0x64 CMakeFiles/book_kbd.dir/C_/SRC/pico-sdk/src/rp2_common/pico_float/float_init_rom.c.obj
                0x10004b88                __aeabi_float_init
 .text.float_table_shim_on_use_helper
                0x10004bec       0x2c CMakeFiles/book_kbd.dir/C_/SRC/pico-sdk/src/rp2_common/pico_float/float_v1_rom_shim.S.obj
                0x10004bec                float_table_shim_on_use_helper
 .text          0x10004c18       0x10 CMakeFiles/book_kbd.dir/C_/SRC/pico-sdk/src/rp2_common/pico_mem_ops/mem_ops_aeabi.S.obj
                0x10004c18                __aeabi_mem_init
 .text.memset   0x10004c28        0xc CMakeFiles/book_kbd.dir/C_/SRC/pico-sdk/src/rp2_common/pico_mem_ops/mem_ops_aeabi.S.obj
                0x10004c28                __wrap_memset
 .text.memcpy   0x10004c34        0xc CMakeFiles/book_kbd.dir/C_/SRC/pico-sdk/src/rp2_common/pico_mem_ops/mem_ops_aeabi.S.obj
                0x10004c34                __wrap_memcpy
                0x10004c34                __wrap___aeabi_memcpy
 .text.stdio_out_chars_no_crlf
                0x10004c40       0x10 CMakeFiles/book_kbd.dir/C_/SRC/pico-sdk/src/rp2_common/pico_stdio/stdio.c.obj
 .text.stdio_out_chars_crlf
                0x10004c50       0xb4 CMakeFiles/book_kbd.dir/C_/SRC/pico-sdk/src/rp2_common/pico_stdio/stdio.c.obj
 .text.stdio_buffered_printer
                0x10004d04       0x64 CMakeFiles/book_kbd.dir/C_/SRC/pico-sdk/src/rp2_common/pico_stdio/stdio.c.obj
 .text.stdio_put_string.isra.0
                0x10004d68       0xfc CMakeFiles/book_kbd.dir/C_/SRC/pico-sdk/src/rp2_common/pico_stdio/stdio.c.obj
 .text.__wrap_putchar
                0x10004e64       0x98 CMakeFiles/book_kbd.dir/C_/SRC/pico-sdk/src/rp2_common/pico_stdio/stdio.c.obj
                0x10004e64                __wrap_putchar
 .text.__wrap_puts
                0x10004efc       0x3c CMakeFiles/book_kbd.dir/C_/SRC/pico-sdk/src/rp2_common/pico_stdio/stdio.c.obj
                0x10004efc                __wrap_puts
 .text.stdio_set_driver_enabled
                0x10004f38       0x30 CMakeFiles/book_kbd.dir/C_/SRC/pico-sdk/src/rp2_common/pico_stdio/stdio.c.obj
                0x10004f38                stdio_set_driver_enabled
 .text.__wrap_vprintf
                0x10004f68       0xd8 CMakeFiles/book_kbd.dir/C_/SRC/pico-sdk/src/rp2_common/pico_stdio/stdio.c.obj
                0x10004f68                __wrap_vprintf
 .text.__wrap_printf
                0x10005040       0x18 CMakeFiles/book_kbd.dir/C_/SRC/pico-sdk/src/rp2_common/pico_stdio/stdio.c.obj
                0x10005040                __wrap_printf
 .text.stdio_uart_out_chars
                0x10005058       0x4c CMakeFiles/book_kbd.dir/C_/SRC/pico-sdk/src/rp2_common/pico_stdio_uart/stdio_uart.c.obj
 .text.stdio_uart_in_chars
                0x100050a4       0x84 CMakeFiles/book_kbd.dir/C_/SRC/pico-sdk/src/rp2_common/pico_stdio_uart/stdio_uart.c.obj
                0x100050a4                stdio_uart_in_chars
 .text.on_uart_rx
                0x10005128       0x28 CMakeFiles/book_kbd.dir/C_/SRC/pico-sdk/src/rp2_common/pico_stdio_uart/stdio_uart.c.obj
 .text.stdio_uart_set_chars_available_callback
                0x10005150       0x8c CMakeFiles/book_kbd.dir/C_/SRC/pico-sdk/src/rp2_common/pico_stdio_uart/stdio_uart.c.obj
 .text.stdio_uart_init_full
                0x100051dc       0x3c CMakeFiles/book_kbd.dir/C_/SRC/pico-sdk/src/rp2_common/pico_stdio_uart/stdio_uart.c.obj
                0x100051dc                stdio_uart_init_full
 .text.hcd_rp2040_irq
                0x10005218      0x34c CMakeFiles/book_kbd.dir/C_/SRC/pico-sdk/lib/tinyusb/src/portable/raspberrypi/rp2040/hcd_rp2040.c.obj
 .text.hcd_init
                0x10005564       0x54 CMakeFiles/book_kbd.dir/C_/SRC/pico-sdk/lib/tinyusb/src/portable/raspberrypi/rp2040/hcd_rp2040.c.obj
                0x10005564                hcd_init
 .text.hcd_port_reset
                0x100055b8        0x4 CMakeFiles/book_kbd.dir/C_/SRC/pico-sdk/lib/tinyusb/src/portable/raspberrypi/rp2040/hcd_rp2040.c.obj
                0x100055b8                hcd_port_reset
 .text.hcd_port_reset_end
                0x100055bc        0x4 CMakeFiles/book_kbd.dir/C_/SRC/pico-sdk/lib/tinyusb/src/portable/raspberrypi/rp2040/hcd_rp2040.c.obj
                0x100055bc                hcd_port_reset_end
 .text.hcd_port_connect_status
                0x100055c0       0x18 CMakeFiles/book_kbd.dir/C_/SRC/pico-sdk/lib/tinyusb/src/portable/raspberrypi/rp2040/hcd_rp2040.c.obj
                0x100055c0                hcd_port_connect_status
 .text.hcd_port_speed_get
                0x100055d8       0x24 CMakeFiles/book_kbd.dir/C_/SRC/pico-sdk/lib/tinyusb/src/portable/raspberrypi/rp2040/hcd_rp2040.c.obj
                0x100055d8                hcd_port_speed_get
 .text.hcd_device_close
                0x100055fc      0x470 CMakeFiles/book_kbd.dir/C_/SRC/pico-sdk/lib/tinyusb/src/portable/raspberrypi/rp2040/hcd_rp2040.c.obj
                0x100055fc                hcd_device_close
 .text.hcd_int_enable
                0x10005a6c        0xc CMakeFiles/book_kbd.dir/C_/SRC/pico-sdk/lib/tinyusb/src/portable/raspberrypi/rp2040/hcd_rp2040.c.obj
                0x10005a6c                hcd_int_enable
 .text.hcd_edpt_open
                0x10005a78      0x230 CMakeFiles/book_kbd.dir/C_/SRC/pico-sdk/lib/tinyusb/src/portable/raspberrypi/rp2040/hcd_rp2040.c.obj
                0x10005a78                hcd_edpt_open
 .text.hcd_edpt_xfer
                0x10005ca8      0x33c CMakeFiles/book_kbd.dir/C_/SRC/pico-sdk/lib/tinyusb/src/portable/raspberrypi/rp2040/hcd_rp2040.c.obj
                0x10005ca8                hcd_edpt_xfer
 .text.hcd_setup_send
                0x10005fe4       0xa8 CMakeFiles/book_kbd.dir/C_/SRC/pico-sdk/lib/tinyusb/src/portable/raspberrypi/rp2040/hcd_rp2040.c.obj
                0x10005fe4                hcd_setup_send
 .text._hw_endpoint_buffer_control_update32.part.0.isra.0
                0x1000608c       0x1c CMakeFiles/book_kbd.dir/C_/SRC/pico-sdk/lib/tinyusb/src/portable/raspberrypi/rp2040/rp2040_usb.c.obj
 .text.rp2040_usb_init
                0x100060a8       0x4c CMakeFiles/book_kbd.dir/C_/SRC/pico-sdk/lib/tinyusb/src/portable/raspberrypi/rp2040/rp2040_usb.c.obj
                0x100060a8                rp2040_usb_init
 .text.hw_endpoint_reset_transfer
                0x100060f4        0xc CMakeFiles/book_kbd.dir/C_/SRC/pico-sdk/lib/tinyusb/src/portable/raspberrypi/rp2040/rp2040_usb.c.obj
                0x100060f4                hw_endpoint_reset_transfer
 .text.hw_endpoint_start_next_buffer
                0x10006100      0x128 CMakeFiles/book_kbd.dir/C_/SRC/pico-sdk/lib/tinyusb/src/portable/raspberrypi/rp2040/rp2040_usb.c.obj
                0x10006100                hw_endpoint_start_next_buffer
 .text.hw_endpoint_xfer_start
                0x10006228      0x12c CMakeFiles/book_kbd.dir/C_/SRC/pico-sdk/lib/tinyusb/src/portable/raspberrypi/rp2040/rp2040_usb.c.obj
                0x10006228                hw_endpoint_xfer_start
 .text.hw_endpoint_xfer_continue
                0x10006354       0xc0 CMakeFiles/book_kbd.dir/C_/SRC/pico-sdk/lib/tinyusb/src/portable/raspberrypi/rp2040/rp2040_usb.c.obj
                0x10006354                hw_endpoint_xfer_continue
 .text._control_blocking_complete_cb
                0x10006414        0x8 CMakeFiles/book_kbd.dir/C_/SRC/pico-sdk/lib/tinyusb/src/host/usbh.c.obj
 .text.process_device_unplugged
                0x1000641c       0xf4 CMakeFiles/book_kbd.dir/C_/SRC/pico-sdk/lib/tinyusb/src/host/usbh.c.obj
 .text.usbh_control_xfer_cb.constprop.0.isra.0
                0x10006510      0x160 CMakeFiles/book_kbd.dir/C_/SRC/pico-sdk/lib/tinyusb/src/host/usbh.c.obj
 .text.tuh_task_ext.part.0
                0x10006670      0x1fc CMakeFiles/book_kbd.dir/C_/SRC/pico-sdk/lib/tinyusb/src/host/usbh.c.obj
 .text.tuh_control_xfer.part.0
                0x1000686c       0xd8 CMakeFiles/book_kbd.dir/C_/SRC/pico-sdk/lib/tinyusb/src/host/usbh.c.obj
 .text.process_enumeration
                0x10006944      0x570 CMakeFiles/book_kbd.dir/C_/SRC/pico-sdk/lib/tinyusb/src/host/usbh.c.obj
 .text.tuh_speed_get
                0x10006eb4       0x24 CMakeFiles/book_kbd.dir/C_/SRC/pico-sdk/lib/tinyusb/src/host/usbh.c.obj
                0x10006eb4                tuh_speed_get
 .text.tuh_inited
                0x10006ed8       0x14 CMakeFiles/book_kbd.dir/C_/SRC/pico-sdk/lib/tinyusb/src/host/usbh.c.obj
                0x10006ed8                tuh_inited
 .text.tuh_init
                0x10006eec       0xc8 CMakeFiles/book_kbd.dir/C_/SRC/pico-sdk/lib/tinyusb/src/host/usbh.c.obj
                0x10006eec                tuh_init
 .text.tuh_task_ext
                0x10006fb4       0x10 CMakeFiles/book_kbd.dir/C_/SRC/pico-sdk/lib/tinyusb/src/host/usbh.c.obj
                0x10006fb4                tuh_task_ext
 .text.tuh_control_xfer
                0x10006fc4       0x2c CMakeFiles/book_kbd.dir/C_/SRC/pico-sdk/lib/tinyusb/src/host/usbh.c.obj
                0x10006fc4                tuh_control_xfer
 .text.usbh_get_rhport
                0x10006ff0       0x20 CMakeFiles/book_kbd.dir/C_/SRC/pico-sdk/lib/tinyusb/src/host/usbh.c.obj
                0x10006ff0                usbh_get_rhport
 .text.usbh_get_enum_buf
                0x10007010        0x8 CMakeFiles/book_kbd.dir/C_/SRC/pico-sdk/lib/tinyusb/src/host/usbh.c.obj
                0x10007010                usbh_get_enum_buf
 .text.usbh_edpt_claim
                0x10007018       0x38 CMakeFiles/book_kbd.dir/C_/SRC/pico-sdk/lib/tinyusb/src/host/usbh.c.obj
                0x10007018                usbh_edpt_claim
 .text.usbh_edpt_release
                0x10007050       0x38 CMakeFiles/book_kbd.dir/C_/SRC/pico-sdk/lib/tinyusb/src/host/usbh.c.obj
                0x10007050                usbh_edpt_release
 .text.usbh_edpt_xfer_with_callback
                0x10007088       0x78 CMakeFiles/book_kbd.dir/C_/SRC/pico-sdk/lib/tinyusb/src/host/usbh.c.obj
                0x10007088                usbh_edpt_xfer_with_callback
 .text.tuh_edpt_open
                0x10007100       0x4c CMakeFiles/book_kbd.dir/C_/SRC/pico-sdk/lib/tinyusb/src/host/usbh.c.obj
                0x10007100                tuh_edpt_open
 .text.tuh_descriptor_get_hid_report
                0x1000714c       0x68 CMakeFiles/book_kbd.dir/C_/SRC/pico-sdk/lib/tinyusb/src/host/usbh.c.obj
                0x1000714c                tuh_descriptor_get_hid_report
 .text.usbh_driver_set_config_complete
                0x100071b4       0xe0 CMakeFiles/book_kbd.dir/C_/SRC/pico-sdk/lib/tinyusb/src/host/usbh.c.obj
                0x100071b4                usbh_driver_set_config_complete
 .text.connection_port_reset_complete
                0x10007294       0x34 CMakeFiles/book_kbd.dir/C_/SRC/pico-sdk/lib/tinyusb/src/host/hub.c.obj
 .text.hub_clear_feature_complete_stub
                0x100072c8       0x30 CMakeFiles/book_kbd.dir/C_/SRC/pico-sdk/lib/tinyusb/src/host/hub.c.obj
 .text.config_set_port_power
                0x100072f8       0x60 CMakeFiles/book_kbd.dir/C_/SRC/pico-sdk/lib/tinyusb/src/host/hub.c.obj
 .text.config_port_power_complete
                0x10007358       0x94 CMakeFiles/book_kbd.dir/C_/SRC/pico-sdk/lib/tinyusb/src/host/hub.c.obj
 .text.connection_clear_conn_change_complete
                0x100073ec       0xa0 CMakeFiles/book_kbd.dir/C_/SRC/pico-sdk/lib/tinyusb/src/host/hub.c.obj
 .text.hub_get_status_complete
                0x1000748c       0x98 CMakeFiles/book_kbd.dir/C_/SRC/pico-sdk/lib/tinyusb/src/host/hub.c.obj
 .text.hub_port_get_status_complete
                0x10007524      0x1c0 CMakeFiles/book_kbd.dir/C_/SRC/pico-sdk/lib/tinyusb/src/host/hub.c.obj
 .text.hub_port_clear_feature
                0x100076e4       0x4c CMakeFiles/book_kbd.dir/C_/SRC/pico-sdk/lib/tinyusb/src/host/hub.c.obj
                0x100076e4                hub_port_clear_feature
 .text.hub_port_get_status
                0x10007730       0x50 CMakeFiles/book_kbd.dir/C_/SRC/pico-sdk/lib/tinyusb/src/host/hub.c.obj
                0x10007730                hub_port_get_status
 .text.hub_init
                0x10007780       0x14 CMakeFiles/book_kbd.dir/C_/SRC/pico-sdk/lib/tinyusb/src/host/hub.c.obj
                0x10007780                hub_init
 .text.hub_open
                0x10007794       0x58 CMakeFiles/book_kbd.dir/C_/SRC/pico-sdk/lib/tinyusb/src/host/hub.c.obj
                0x10007794                hub_open
 .text.hub_close
                0x100077ec       0x28 CMakeFiles/book_kbd.dir/C_/SRC/pico-sdk/lib/tinyusb/src/host/hub.c.obj
                0x100077ec                hub_close
 .text.hub_edpt_status_xfer
                0x10007814       0x2c CMakeFiles/book_kbd.dir/C_/SRC/pico-sdk/lib/tinyusb/src/host/hub.c.obj
                0x10007814                hub_edpt_status_xfer
 .text.hub_set_config
                0x10007840       0x58 CMakeFiles/book_kbd.dir/C_/SRC/pico-sdk/lib/tinyusb/src/host/hub.c.obj
                0x10007840                hub_set_config
 .text.hub_xfer_cb
                0x10007898      0x15c CMakeFiles/book_kbd.dir/C_/SRC/pico-sdk/lib/tinyusb/src/host/hub.c.obj
                0x10007898                hub_xfer_cb
 .text.cdch_internal_control_complete
                0x100079f4       0x60 CMakeFiles/book_kbd.dir/C_/SRC/pico-sdk/lib/tinyusb/src/class/cdc/cdc_host.c.obj
 .text.process_cdc_config
                0x10007a54      0x124 CMakeFiles/book_kbd.dir/C_/SRC/pico-sdk/lib/tinyusb/src/class/cdc/cdc_host.c.obj
 .text.cdch_init
                0x10007b78       0x58 CMakeFiles/book_kbd.dir/C_/SRC/pico-sdk/lib/tinyusb/src/class/cdc/cdc_host.c.obj
                0x10007b78                cdch_init
 .text.cdch_close
                0x10007bd0       0x34 CMakeFiles/book_kbd.dir/C_/SRC/pico-sdk/lib/tinyusb/src/class/cdc/cdc_host.c.obj
                0x10007bd0                cdch_close
 .text.cdch_xfer_cb
                0x10007c04       0xa4 CMakeFiles/book_kbd.dir/C_/SRC/pico-sdk/lib/tinyusb/src/class/cdc/cdc_host.c.obj
                0x10007c04                cdch_xfer_cb
 .text.cdch_open
                0x10007ca8      0x13c CMakeFiles/book_kbd.dir/C_/SRC/pico-sdk/lib/tinyusb/src/class/cdc/cdc_host.c.obj
                0x10007ca8                cdch_open
 .text.cdch_set_config
                0x10007de4       0x6c CMakeFiles/book_kbd.dir/C_/SRC/pico-sdk/lib/tinyusb/src/class/cdc/cdc_host.c.obj
                0x10007de4                cdch_set_config
 .text.process_set_config
                0x10007e50      0x24c CMakeFiles/book_kbd.dir/C_/SRC/pico-sdk/lib/tinyusb/src/class/hid/hid_host.c.obj
 .text.set_report_complete
                0x1000809c      0x140 CMakeFiles/book_kbd.dir/C_/SRC/pico-sdk/lib/tinyusb/src/class/hid/hid_host.c.obj
 .text.tuh_hid_interface_protocol
                0x100081dc       0x20 CMakeFiles/book_kbd.dir/C_/SRC/pico-sdk/lib/tinyusb/src/class/hid/hid_host.c.obj
                0x100081dc                tuh_hid_interface_protocol
 .text.tuh_hid_set_report
                0x100081fc       0x60 CMakeFiles/book_kbd.dir/C_/SRC/pico-sdk/lib/tinyusb/src/class/hid/hid_host.c.obj
                0x100081fc                tuh_hid_set_report
 .text.tuh_hid_receive_report
                0x1000825c       0x6c CMakeFiles/book_kbd.dir/C_/SRC/pico-sdk/lib/tinyusb/src/class/hid/hid_host.c.obj
                0x1000825c                tuh_hid_receive_report
 .text.hidh_init
                0x100082c8       0x18 CMakeFiles/book_kbd.dir/C_/SRC/pico-sdk/lib/tinyusb/src/class/hid/hid_host.c.obj
                0x100082c8                hidh_init
 .text.hidh_xfer_cb
                0x100082e0       0xe4 CMakeFiles/book_kbd.dir/C_/SRC/pico-sdk/lib/tinyusb/src/class/hid/hid_host.c.obj
                0x100082e0                hidh_xfer_cb
 .text.hidh_close
                0x100083c4       0x5c CMakeFiles/book_kbd.dir/C_/SRC/pico-sdk/lib/tinyusb/src/class/hid/hid_host.c.obj
                0x100083c4                hidh_close
 .text.hidh_open
                0x10008420      0x134 CMakeFiles/book_kbd.dir/C_/SRC/pico-sdk/lib/tinyusb/src/class/hid/hid_host.c.obj
                0x10008420                hidh_open
 .text.hidh_set_config
                0x10008554      0x11c CMakeFiles/book_kbd.dir/C_/SRC/pico-sdk/lib/tinyusb/src/class/hid/hid_host.c.obj
                0x10008554                hidh_set_config
 .text.config_read_capacity_complete
                0x10008670       0x6c CMakeFiles/book_kbd.dir/C_/SRC/pico-sdk/lib/tinyusb/src/class/msc/msc_host.c.obj
 .text.config_get_maxlun_complete
                0x100086dc       0xac CMakeFiles/book_kbd.dir/C_/SRC/pico-sdk/lib/tinyusb/src/class/msc/msc_host.c.obj
 .text.config_request_sense_complete
                0x10008788       0xc4 CMakeFiles/book_kbd.dir/C_/SRC/pico-sdk/lib/tinyusb/src/class/msc/msc_host.c.obj
 .text.config_test_unit_ready_complete
                0x1000884c      0x180 CMakeFiles/book_kbd.dir/C_/SRC/pico-sdk/lib/tinyusb/src/class/msc/msc_host.c.obj
 .text.msch_init
                0x100089cc       0x14 CMakeFiles/book_kbd.dir/C_/SRC/pico-sdk/lib/tinyusb/src/class/msc/msc_host.c.obj
                0x100089cc                msch_init
 .text.msch_close
                0x100089e0       0x38 CMakeFiles/book_kbd.dir/C_/SRC/pico-sdk/lib/tinyusb/src/class/msc/msc_host.c.obj
                0x100089e0                msch_close
 .text.msch_xfer_cb
                0x10008a18       0xe8 CMakeFiles/book_kbd.dir/C_/SRC/pico-sdk/lib/tinyusb/src/class/msc/msc_host.c.obj
                0x10008a18                msch_xfer_cb
 .text.msch_open
                0x10008b00       0xb0 CMakeFiles/book_kbd.dir/C_/SRC/pico-sdk/lib/tinyusb/src/class/msc/msc_host.c.obj
                0x10008b00                msch_open
 .text.msch_set_config
                0x10008bb0       0x5c CMakeFiles/book_kbd.dir/C_/SRC/pico-sdk/lib/tinyusb/src/class/msc/msc_host.c.obj
                0x10008bb0                msch_set_config
 .text.tusb_inited
                0x10008c0c        0x8 CMakeFiles/book_kbd.dir/C_/SRC/pico-sdk/lib/tinyusb/src/tusb.c.obj
                0x10008c0c                tusb_inited
 .text.tu_edpt_claim
                0x10008c14       0x50 CMakeFiles/book_kbd.dir/C_/SRC/pico-sdk/lib/tinyusb/src/tusb.c.obj
                0x10008c14                tu_edpt_claim
 .text.tu_edpt_release
                0x10008c64       0x38 CMakeFiles/book_kbd.dir/C_/SRC/pico-sdk/lib/tinyusb/src/tusb.c.obj
                0x10008c64                tu_edpt_release
 .text.tu_edpt_validate
                0x10008c9c       0x78 CMakeFiles/book_kbd.dir/C_/SRC/pico-sdk/lib/tinyusb/src/tusb.c.obj
                0x10008c9c                tu_edpt_validate
 .text.tu_edpt_bind_driver
                0x10008d14       0x34 CMakeFiles/book_kbd.dir/C_/SRC/pico-sdk/lib/tinyusb/src/tusb.c.obj
                0x10008d14                tu_edpt_bind_driver
 .text.tu_desc_get_interface_total_len
                0x10008d48       0x4c CMakeFiles/book_kbd.dir/C_/SRC/pico-sdk/lib/tinyusb/src/tusb.c.obj
                0x10008d48                tu_desc_get_interface_total_len
 .text.tu_edpt_stream_init
                0x10008d94       0x6c CMakeFiles/book_kbd.dir/C_/SRC/pico-sdk/lib/tinyusb/src/tusb.c.obj
                0x10008d94                tu_edpt_stream_init
 .text.tu_edpt_stream_write_zlp_if_needed
                0x10008e00       0x54 CMakeFiles/book_kbd.dir/C_/SRC/pico-sdk/lib/tinyusb/src/tusb.c.obj
                0x10008e00                tu_edpt_stream_write_zlp_if_needed
 .text.tu_edpt_stream_write_xfer
                0x10008e54       0x68 CMakeFiles/book_kbd.dir/C_/SRC/pico-sdk/lib/tinyusb/src/tusb.c.obj
                0x10008e54                tu_edpt_stream_write_xfer
 .text.tu_edpt_stream_read_xfer
                0x10008ebc       0x84 CMakeFiles/book_kbd.dir/C_/SRC/pico-sdk/lib/tinyusb/src/tusb.c.obj
                0x10008ebc                tu_edpt_stream_read_xfer
 .text.tu_fifo_config
                0x10008f40       0x70 CMakeFiles/book_kbd.dir/C_/SRC/pico-sdk/lib/tinyusb/src/common/tusb_fifo.c.obj
                0x10008f40                tu_fifo_config
 .text.tu_fifo_count
                0x10008fb0       0x2c CMakeFiles/book_kbd.dir/C_/SRC/pico-sdk/lib/tinyusb/src/common/tusb_fifo.c.obj
                0x10008fb0                tu_fifo_count
 .text.tu_fifo_remaining
                0x10008fdc       0x2c CMakeFiles/book_kbd.dir/C_/SRC/pico-sdk/lib/tinyusb/src/common/tusb_fifo.c.obj
                0x10008fdc                tu_fifo_remaining
 .text.tu_fifo_read
                0x10009008       0xa0 CMakeFiles/book_kbd.dir/C_/SRC/pico-sdk/lib/tinyusb/src/common/tusb_fifo.c.obj
                0x10009008                tu_fifo_read
 .text.tu_fifo_read_n
                0x100090a8       0xec CMakeFiles/book_kbd.dir/C_/SRC/pico-sdk/lib/tinyusb/src/common/tusb_fifo.c.obj
                0x100090a8                tu_fifo_read_n
 .text.tu_fifo_write
                0x10009194       0x88 CMakeFiles/book_kbd.dir/C_/SRC/pico-sdk/lib/tinyusb/src/common/tusb_fifo.c.obj
                0x10009194                tu_fifo_write
 .text.tu_fifo_write_n
                0x1000921c      0x168 CMakeFiles/book_kbd.dir/C_/SRC/pico-sdk/lib/tinyusb/src/common/tusb_fifo.c.obj
                0x1000921c                tu_fifo_write_n
 .text.tu_fifo_clear
                0x10009384       0x40 CMakeFiles/book_kbd.dir/C_/SRC/pico-sdk/lib/tinyusb/src/common/tusb_fifo.c.obj
                0x10009384                tu_fifo_clear
 .text.board_init
                0x100093c4       0x30 CMakeFiles/book_kbd.dir/C_/SRC/pico-sdk/lib/tinyusb/hw/bsp/rp2040/family.c.obj
                0x100093c4                board_init
 .text.board_led_write
                0x100093f4       0x14 CMakeFiles/book_kbd.dir/C_/SRC/pico-sdk/lib/tinyusb/hw/bsp/rp2040/family.c.obj
                0x100093f4                board_led_write
 .text.strlen   0x10009408       0x5c c:/progra~1/raspbe~1/picosd~1.1/gcc-ar~1/bin/../lib/gcc/arm-none-eabi/10.3.1/../../../../arm-none-eabi/lib/thumb/v6-m/nofp\libc.a(lib_a-strlen-stub.o)
                0x10009408                strlen
 *(.fini)
 .fini          0x10009464        0x4 c:/progra~1/raspbe~1/picosd~1.1/gcc-ar~1/bin/../lib/gcc/arm-none-eabi/10.3.1/thumb/v6-m/nofp/crti.o
                0x10009464                _fini
 .fini.__stub   0x10009468       0x60 linker stubs
 *crtbegin.o(.ctors)
 *crtbegin?.o(.ctors)
 *(EXCLUDE_FILE(*crtend.o *crtend?.o) .ctors)
 *(SORT_BY_NAME(.ctors.*))
 *(.ctors)
 *crtbegin.o(.dtors)
 *crtbegin?.o(.dtors)
 *(EXCLUDE_FILE(*crtend.o *crtend?.o) .dtors)
 *(SORT_BY_NAME(.dtors.*))
 *(.dtors)
 *(.eh_frame*)
 .eh_frame      0x100094c8        0x0 c:/progra~1/raspbe~1/picosd~1.1/gcc-ar~1/bin/../lib/gcc/arm-none-eabi/10.3.1/thumb/v6-m/nofp/crtbegin.o
                0x100094c8                . = ALIGN (0x4)

.glue_7         0x100094c8        0x0
 .glue_7        0x100094c8        0x0 linker stubs

.glue_7t        0x100094c8        0x0
 .glue_7t       0x100094c8        0x0 linker stubs

.vfp11_veneer   0x100094c8        0x0
 .vfp11_veneer  0x100094c8        0x0 linker stubs

.v4_bx          0x100094c8        0x0
 .v4_bx         0x100094c8        0x0 linker stubs

.iplt           0x100094c8        0x0
 .iplt          0x100094c8        0x0 c:/progra~1/raspbe~1/picosd~1.1/gcc-ar~1/bin/../lib/gcc/arm-none-eabi/10.3.1/thumb/v6-m/nofp/crtbegin.o

.rodata         0x100094c8      0x510
 *(EXCLUDE_FILE(*libm.a: *libc.a:*lib_a-mem*.o *libgcc.a:) .rodata*)
 .rodata.send_key.part.0.str1.4
                0x100094c8        0xe CMakeFiles/book_kbd.dir/book_kbd.c.obj
 *fill*         0x100094d6        0x2 
 .rodata.main_cycle.str1.4
                0x100094d8       0x38 CMakeFiles/book_kbd.dir/book_kbd.c.obj
 .rodata.main.str1.4
                0x10009510       0x42 CMakeFiles/book_kbd.dir/book_kbd.c.obj
 *fill*         0x10009552        0x2 
 .rodata.tuh_hid_mount_cb.str1.4
                0x10009554       0x29 CMakeFiles/book_kbd.dir/book_kbd.c.obj
 *fill*         0x1000957d        0x3 
 .rodata.spin_lock_claim_unused.str1.4
                0x10009580       0x1b CMakeFiles/book_kbd.dir/C_/SRC/pico-sdk/src/rp2_common/hardware_sync/sync.c.obj
 *fill*         0x1000959b        0x1 
 .rodata.hardware_alarm_claim.str1.4
                0x1000959c       0x22 CMakeFiles/book_kbd.dir/C_/SRC/pico-sdk/src/rp2_common/hardware_timer/timer.c.obj
 *fill*         0x100095be        0x2 
 .rodata.panic.str1.4
                0x100095c0       0x12 CMakeFiles/book_kbd.dir/C_/SRC/pico-sdk/src/rp2_common/pico_runtime/runtime.c.obj
 *fill*         0x100095d2        0x2 
 .rodata.hard_assertion_failure.str1.4
                0x100095d4        0xc CMakeFiles/book_kbd.dir/C_/SRC/pico-sdk/src/rp2_common/pico_runtime/runtime.c.obj
 .rodata._ftoa.str1.4
                0x100095e0       0x15 CMakeFiles/book_kbd.dir/C_/SRC/pico-sdk/src/rp2_common/pico_printf/printf.c.obj
 *fill*         0x100095f5        0x3 
 .rodata._vsnprintf
                0x100095f8      0x1e0 CMakeFiles/book_kbd.dir/C_/SRC/pico-sdk/src/rp2_common/pico_printf/printf.c.obj
 .rodata.pow10.0
                0x100097d8       0x50 CMakeFiles/book_kbd.dir/C_/SRC/pico-sdk/src/rp2_common/pico_printf/printf.c.obj
 .rodata.str1.4
                0x10009828       0x40 CMakeFiles/book_kbd.dir/C_/SRC/pico-sdk/src/rp2_common/pico_standard_link/binary_info.c.obj
 .rodata.__bi_44
                0x10009868        0xc CMakeFiles/book_kbd.dir/C_/SRC/pico-sdk/src/rp2_common/pico_standard_link/binary_info.c.obj
 .rodata.__bi_75
                0x10009874        0xc CMakeFiles/book_kbd.dir/C_/SRC/pico-sdk/src/rp2_common/pico_standard_link/binary_info.c.obj
 .rodata.__bi_81
                0x10009880        0xc CMakeFiles/book_kbd.dir/C_/SRC/pico-sdk/src/rp2_common/pico_standard_link/binary_info.c.obj
 .rodata.crlf_str.0
                0x1000988c        0x2 CMakeFiles/book_kbd.dir/C_/SRC/pico-sdk/src/rp2_common/pico_stdio/stdio.c.obj
 *fill*         0x1000988e        0x2 
 .rodata.hcd_rp2040_irq.str1.4
                0x10009890       0x40 CMakeFiles/book_kbd.dir/C_/SRC/pico-sdk/lib/tinyusb/src/portable/raspberrypi/rp2040/hcd_rp2040.c.obj
 .rodata.hcd_port_speed_get.str1.4
                0x100098d0        0xf CMakeFiles/book_kbd.dir/C_/SRC/pico-sdk/lib/tinyusb/src/portable/raspberrypi/rp2040/hcd_rp2040.c.obj
 *fill*         0x100098df        0x1 
 .rodata._hw_endpoint_buffer_control_update32.part.0.isra.0.str1.4
                0x100098e0       0x1f CMakeFiles/book_kbd.dir/C_/SRC/pico-sdk/lib/tinyusb/src/portable/raspberrypi/rp2040/rp2040_usb.c.obj
 *fill*         0x100098ff        0x1 
 .rodata.hw_endpoint_xfer_continue.str1.4
                0x10009900       0x29 CMakeFiles/book_kbd.dir/C_/SRC/pico-sdk/lib/tinyusb/src/portable/raspberrypi/rp2040/rp2040_usb.c.obj
 *fill*         0x10009929        0x3 
 .rodata.str1.4
                0x1000992c        0x7 CMakeFiles/book_kbd.dir/C_/SRC/pico-sdk/lib/tinyusb/src/portable/raspberrypi/rp2040/rp2040_usb.c.obj
 *fill*         0x10009933        0x1 
 .rodata.process_enumeration
                0x10009934       0x34 CMakeFiles/book_kbd.dir/C_/SRC/pico-sdk/lib/tinyusb/src/host/usbh.c.obj
 .rodata.usbh_class_drivers
                0x10009968       0x50 CMakeFiles/book_kbd.dir/C_/SRC/pico-sdk/lib/tinyusb/src/host/usbh.c.obj
 .rodata        0x100099b8        0x8 CMakeFiles/book_kbd.dir/C_/SRC/pico-sdk/lib/tinyusb/src/host/hub.c.obj
 .rodata.str1.4
                0x100099c0        0x4 CMakeFiles/book_kbd.dir/C_/SRC/pico-sdk/lib/tinyusb/hw/bsp/rp2040/family.c.obj
 .rodata.__bi_142.0
                0x100099c4        0xc CMakeFiles/book_kbd.dir/C_/SRC/pico-sdk/lib/tinyusb/hw/bsp/rp2040/family.c.obj
 .rodata.__bi_152.1
                0x100099d0        0x8 CMakeFiles/book_kbd.dir/C_/SRC/pico-sdk/lib/tinyusb/hw/bsp/rp2040/family.c.obj
                0x100099d8                . = ALIGN (0x4)
 *(SORT_BY_ALIGNMENT(SORT_BY_NAME(.flashdata*)))
                0x100099d8                . = ALIGN (0x4)

.ARM.extab
 *(.ARM.extab* .gnu.linkonce.armextab.*)
                0x100099d8                __exidx_start = .

.ARM.exidx
 *(.ARM.exidx* .gnu.linkonce.armexidx.*)
                0x100099d8                __exidx_end = .
                0x100099d8                . = ALIGN (0x4)
                0x100099d8                __binary_info_start = .

.binary_info    0x100099d8       0x24
 *(.binary_info.keep.*)
 .binary_info.keep.__bi_ptr22
                0x100099d8        0x4 CMakeFiles/book_kbd.dir/C_/SRC/pico-sdk/src/rp2_common/pico_standard_link/binary_info.c.obj
 .binary_info.keep.__bi_ptr30
                0x100099dc        0x4 CMakeFiles/book_kbd.dir/C_/SRC/pico-sdk/src/rp2_common/pico_standard_link/binary_info.c.obj
 .binary_info.keep.__bi_ptr38
                0x100099e0        0x4 CMakeFiles/book_kbd.dir/C_/SRC/pico-sdk/src/rp2_common/pico_standard_link/binary_info.c.obj
 .binary_info.keep.__bi_ptr44
                0x100099e4        0x4 CMakeFiles/book_kbd.dir/C_/SRC/pico-sdk/src/rp2_common/pico_standard_link/binary_info.c.obj
 .binary_info.keep.__bi_ptr50
                0x100099e8        0x4 CMakeFiles/book_kbd.dir/C_/SRC/pico-sdk/src/rp2_common/pico_standard_link/binary_info.c.obj
 .binary_info.keep.__bi_ptr75
                0x100099ec        0x4 CMakeFiles/book_kbd.dir/C_/SRC/pico-sdk/src/rp2_common/pico_standard_link/binary_info.c.obj
 .binary_info.keep.__bi_ptr81
                0x100099f0        0x4 CMakeFiles/book_kbd.dir/C_/SRC/pico-sdk/src/rp2_common/pico_standard_link/binary_info.c.obj
 .binary_info.keep.__bi_ptr142
                0x100099f4        0x4 CMakeFiles/book_kbd.dir/C_/SRC/pico-sdk/lib/tinyusb/hw/bsp/rp2040/family.c.obj
 .binary_info.keep.__bi_ptr152
                0x100099f8        0x4 CMakeFiles/book_kbd.dir/C_/SRC/pico-sdk/lib/tinyusb/hw/bsp/rp2040/family.c.obj
 *(.binary_info.*)
                0x100099fc                __binary_info_end = .

.rel.dyn        0x100099fc        0x0
 .rel.iplt      0x100099fc        0x0 c:/progra~1/raspbe~1/picosd~1.1/gcc-ar~1/bin/../lib/gcc/arm-none-eabi/10.3.1/thumb/v6-m/nofp/crtbegin.o
                0x100099fc                . = ALIGN (0x4)

.ram_vector_table
                0x20000000       0xc0
 *(.ram_vector_table)
 .ram_vector_table
                0x20000000       0xc0 CMakeFiles/book_kbd.dir/C_/SRC/pico-sdk/src/rp2_common/pico_runtime/runtime.c.obj
                0x20000000                ram_vector_table

.data           0x200000c0      0x34c load address 0x100099fc
                0x200000c0                __data_start__ = .
 *(vtable)
 *(.time_critical*)
 .time_critical.mutex_try_enter_block_until
                0x200000c0       0x9c CMakeFiles/book_kbd.dir/C_/SRC/pico-sdk/src/common/pico_sync/mutex.c.obj
                0x200000c0                mutex_try_enter_block_until
 .time_critical.mutex_enter_timeout_ms
                0x2000015c       0x90 CMakeFiles/book_kbd.dir/C_/SRC/pico-sdk/src/common/pico_sync/mutex.c.obj
                0x2000015c                mutex_enter_timeout_ms
 .time_critical.mutex_exit
                0x200001ec       0x28 CMakeFiles/book_kbd.dir/C_/SRC/pico-sdk/src/common/pico_sync/mutex.c.obj
                0x200001ec                mutex_exit
 .time_critical.tinyusb
                0x20000214       0x38 CMakeFiles/book_kbd.dir/C_/SRC/pico-sdk/lib/tinyusb/src/host/usbh.c.obj
                0x20000214                hcd_event_handler
 *(.text*)
 .text          0x2000024c        0x4 c:/progra~1/raspbe~1/picosd~1.1/gcc-ar~1/bin/../lib/gcc/arm-none-eabi/10.3.1/thumb/v6-m/nofp\libgcc.a(_dvmd_tls.o)
                0x2000024c                __aeabi_idiv0
                0x2000024c                __aeabi_ldiv0
 .text.__stub   0x20000250       0x40 linker stubs
                0x20000290                . = ALIGN (0x4)
 *(.rodata*)
                0x20000290                . = ALIGN (0x4)
 *(.data*)
 .data.ALT      0x20000290        0x1 CMakeFiles/book_kbd.dir/book_kbd.c.obj
                0x20000290                ALT
 .data.CTRL     0x20000291        0x1 CMakeFiles/book_kbd.dir/book_kbd.c.obj
                0x20000291                CTRL
 *fill*         0x20000292        0x2 
 .data.HID2XT   0x20000294       0x65 CMakeFiles/book_kbd.dir/book_kbd.c.obj
                0x20000294                HID2XT
 .data.SHIFTL   0x200002f9        0x1 CMakeFiles/book_kbd.dir/book_kbd.c.obj
                0x200002f9                SHIFTL
 .data.SHIFTR   0x200002fa        0x1 CMakeFiles/book_kbd.dir/book_kbd.c.obj
                0x200002fa                SHIFTR
 .data.int_pin  0x200002fb        0x1 CMakeFiles/book_kbd.dir/book_kbd.c.obj
                0x200002fb                int_pin
 .data.kbd_in_pins
                0x200002fc        0x8 CMakeFiles/book_kbd.dir/book_kbd.c.obj
                0x200002fc                kbd_in_pins
 .data.kbd_out_pins
                0x20000304        0x8 CMakeFiles/book_kbd.dir/book_kbd.c.obj
                0x20000304                kbd_out_pins
 .data.non_rep  0x2000030c        0x8 CMakeFiles/book_kbd.dir/book_kbd.c.obj
                0x2000030c                non_rep
 .data.striped_spin_lock_num
                0x20000314        0x1 CMakeFiles/book_kbd.dir/C_/SRC/pico-sdk/src/rp2_common/hardware_sync/sync.c.obj
 *fill*         0x20000315        0x3 
 .data          0x20000318       0x48 CMakeFiles/book_kbd.dir/C_/SRC/pico-sdk/src/rp2_common/hardware_irq/irq_handler_chain.S.obj
                0x20000318                irq_handler_chain_slots
                0x20000348                irq_handler_chain_first_slot
                0x20000352                irq_handler_chain_remove_tail
 .data.default_alarm_pool
                0x20000360       0x18 CMakeFiles/book_kbd.dir/C_/SRC/pico-sdk/src/common/pico_time/time.c.obj
 .data.default_alarm_pool_heap
                0x20000378       0x10 CMakeFiles/book_kbd.dir/C_/SRC/pico-sdk/src/common/pico_time/time.c.obj
 *fill*         0x20000388        0x8 
 .data.aeabi_bits_funcs
                0x20000390       0x10 CMakeFiles/book_kbd.dir/C_/SRC/pico-sdk/src/rp2_common/pico_bit_ops/bit_ops_aeabi.S.obj
                0x20000390                aeabi_bits_funcs
                0x200003a0                aeabi_bits_funcs_end
 .data.aeabi_mem_funcs
                0x200003a0       0x10 CMakeFiles/book_kbd.dir/C_/SRC/pico-sdk/src/rp2_common/pico_mem_ops/mem_ops_aeabi.S.obj
                0x200003a0                aeabi_mem_funcs
                0x200003b0                aeabi_mem_funcs_end
 .data.stdio_uart
                0x200003b0       0x18 CMakeFiles/book_kbd.dir/C_/SRC/pico-sdk/src/rp2_common/pico_stdio_uart/stdio_uart.c.obj
                0x200003b0                stdio_uart
 .data.ep_dir_string
                0x200003c8        0x8 CMakeFiles/book_kbd.dir/C_/SRC/pico-sdk/lib/tinyusb/src/portable/raspberrypi/rp2040/rp2040_usb.c.obj
                0x200003c8                ep_dir_string
 .data._usbh_controller
                0x200003d0        0x1 CMakeFiles/book_kbd.dir/C_/SRC/pico-sdk/lib/tinyusb/src/host/usbh.c.obj
 *fill*         0x200003d1        0x3 
 .data._usbh_qdef
                0x200003d4       0x1c CMakeFiles/book_kbd.dir/C_/SRC/pico-sdk/lib/tinyusb/src/host/usbh.c.obj
                0x200003d4                _usbh_qdef
                0x200003f0                . = ALIGN (0x4)
 *(.after_data.*)
                0x200003f0                . = ALIGN (0x4)
                0x200003f0                PROVIDE (__mutex_array_start = .)
 *(SORT_BY_NAME(.mutex_array.*))
 *(.mutex_array)
 .mutex_array   0x200003f0        0x8 CMakeFiles/book_kbd.dir/C_/SRC/pico-sdk/src/rp2_common/pico_stdio/stdio.c.obj
                0x200003f8                PROVIDE (__mutex_array_end = .)
                0x200003f8                . = ALIGN (0x4)
                0x200003f8                PROVIDE (__preinit_array_start = .)
 *(SORT_BY_NAME(.preinit_array.*))
 .preinit_array.00001
                0x200003f8        0x4 CMakeFiles/book_kbd.dir/C_/SRC/pico-sdk/src/rp2_common/pico_mem_ops/mem_ops_aeabi.S.obj
 .preinit_array.00010
                0x200003fc        0x4 CMakeFiles/book_kbd.dir/C_/SRC/pico-sdk/src/rp2_common/pico_bit_ops/bit_ops_aeabi.S.obj
 .preinit_array.00020
                0x20000400        0x4 CMakeFiles/book_kbd.dir/C_/SRC/pico-sdk/src/rp2_common/pico_double/double_aeabi.S.obj
 .preinit_array.00020
                0x20000404        0x4 CMakeFiles/book_kbd.dir/C_/SRC/pico-sdk/src/rp2_common/pico_float/float_aeabi.S.obj
 *(.preinit_array)
                0x20000408                PROVIDE (__preinit_array_end = .)
                0x20000408                . = ALIGN (0x4)
                0x20000408                PROVIDE (__init_array_start = .)
 *(SORT_BY_NAME(.init_array.*))
 *(.init_array)
 .init_array    0x20000408        0x4 c:/progra~1/raspbe~1/picosd~1.1/gcc-ar~1/bin/../lib/gcc/arm-none-eabi/10.3.1/thumb/v6-m/nofp/crtbegin.o
                0x2000040c                PROVIDE (__init_array_end = .)
                0x2000040c                . = ALIGN (0x4)
                [!provide]                PROVIDE (__fini_array_start = .)
 *(SORT_BY_NAME(.fini_array.*))
 *(.fini_array)
                [!provide]                PROVIDE (__fini_array_end = .)
 *(.jcr)
                0x2000040c                . = ALIGN (0x4)
                0x2000040c                __data_end__ = .
                0x100099fc                __etext = LOADADDR (.data)

.igot.plt       0x2000040c        0x0 load address 0x10009d48
 .igot.plt      0x2000040c        0x0 c:/progra~1/raspbe~1/picosd~1.1/gcc-ar~1/bin/../lib/gcc/arm-none-eabi/10.3.1/thumb/v6-m/nofp/crtbegin.o

.uninitialized_data
                0x2000040c        0x0 load address 0x10009d48
                0x2000040c                . = ALIGN (0x4)
 *(.uninitialized_data*)

.scratch_x      0x20040000        0x0 load address 0x10009d48
                0x20040000                __scratch_x_start__ = .
 *(.scratch_x.*)
                0x20040000                . = ALIGN (0x4)
                0x20040000                __scratch_x_end__ = .
                0x10009d48                __scratch_x_source__ = LOADADDR (.scratch_x)

.scratch_y      0x20041000        0x0 load address 0x10009d48
                0x20041000                __scratch_y_start__ = .
 *(.scratch_y.*)
                0x20041000                . = ALIGN (0x4)
                0x20041000                __scratch_y_end__ = .
                0x10009d48                __scratch_y_source__ = LOADADDR (.scratch_y)

.bss            0x20000410     0x1580
                0x20000410                . = ALIGN (0x4)
                0x20000410                __bss_start__ = .
 *(SORT_BY_ALIGNMENT(SORT_BY_NAME(.bss*)))
 .bss.default_alarm_pool_entries
                0x20000410      0x100 CMakeFiles/book_kbd.dir/C_/SRC/pico-sdk/src/common/pico_time/time.c.obj
 .bss.sd_table  0x20000510      0x100 CMakeFiles/book_kbd.dir/C_/SRC/pico-sdk/src/rp2_common/pico_double/double_init_rom.c.obj
                0x20000510                sd_table
 .bss.sf_table  0x20000610      0x100 CMakeFiles/book_kbd.dir/C_/SRC/pico-sdk/src/rp2_common/pico_float/float_init_rom.c.obj
                0x20000610                sf_table
 .bss           0x20000710       0x1c c:/progra~1/raspbe~1/picosd~1.1/gcc-ar~1/bin/../lib/gcc/arm-none-eabi/10.3.1/thumb/v6-m/nofp/crtbegin.o
 .bss._ctrl_xfer
                0x2000072c       0x18 CMakeFiles/book_kbd.dir/C_/SRC/pico-sdk/lib/tinyusb/src/host/usbh.c.obj
                0x2000072c                _ctrl_xfer
 .bss._dev0     0x20000744        0x5 CMakeFiles/book_kbd.dir/C_/SRC/pico-sdk/lib/tinyusb/src/host/usbh.c.obj
 *fill*         0x20000749        0x3 
 .bss._hidh_dev
                0x2000074c      0x8c8 CMakeFiles/book_kbd.dir/C_/SRC/pico-sdk/lib/tinyusb/src/class/hid/hid_host.c.obj
 .bss._hub_buffer
                0x20001014        0x9 CMakeFiles/book_kbd.dir/C_/SRC/pico-sdk/lib/tinyusb/src/host/hub.c.obj
 *fill*         0x2000101d        0x3 
 .bss._msch_buffer
                0x20001020       0x24 CMakeFiles/book_kbd.dir/C_/SRC/pico-sdk/lib/tinyusb/src/class/msc/msc_host.c.obj
 .bss._msch_itf
                0x20001044      0x190 CMakeFiles/book_kbd.dir/C_/SRC/pico-sdk/lib/tinyusb/src/class/msc/msc_host.c.obj
 .bss._usbh_ctrl_buf
                0x200011d4      0x100 CMakeFiles/book_kbd.dir/C_/SRC/pico-sdk/lib/tinyusb/src/host/usbh.c.obj
 .bss._usbh_devices
                0x200012d4      0x186 CMakeFiles/book_kbd.dir/C_/SRC/pico-sdk/lib/tinyusb/src/host/usbh.c.obj
                0x200012d4                _usbh_devices
 *fill*         0x2000145a        0x2 
 .bss._usbh_mutex
                0x2000145c        0x4 CMakeFiles/book_kbd.dir/C_/SRC/pico-sdk/lib/tinyusb/src/host/usbh.c.obj
 .bss._usbh_mutexdef
                0x20001460        0x8 CMakeFiles/book_kbd.dir/C_/SRC/pico-sdk/lib/tinyusb/src/host/usbh.c.obj
 .bss._usbh_q   0x20001468        0x4 CMakeFiles/book_kbd.dir/C_/SRC/pico-sdk/lib/tinyusb/src/host/usbh.c.obj
 .bss._usbh_qdef_buf
                0x2000146c       0xc0 CMakeFiles/book_kbd.dir/C_/SRC/pico-sdk/lib/tinyusb/src/host/usbh.c.obj
                0x2000146c                _usbh_qdef_buf
 .bss.alarm_callbacks
                0x2000152c       0x10 CMakeFiles/book_kbd.dir/C_/SRC/pico-sdk/src/rp2_common/hardware_timer/timer.c.obj
 .bss.cdch_data
                0x2000153c      0x164 CMakeFiles/book_kbd.dir/C_/SRC/pico-sdk/lib/tinyusb/src/class/cdc/cdc_host.c.obj
 .bss.chars_available_callback
                0x200016a0        0x4 CMakeFiles/book_kbd.dir/C_/SRC/pico-sdk/src/rp2_common/pico_stdio_uart/stdio_uart.c.obj
 .bss.chars_available_param
                0x200016a4        0x4 CMakeFiles/book_kbd.dir/C_/SRC/pico-sdk/src/rp2_common/pico_stdio_uart/stdio_uart.c.obj
 .bss.claimed   0x200016a8        0x4 CMakeFiles/book_kbd.dir/C_/SRC/pico-sdk/src/rp2_common/hardware_sync/sync.c.obj
 .bss.configured_freq
                0x200016ac       0x28 CMakeFiles/book_kbd.dir/C_/SRC/pico-sdk/src/rp2_common/hardware_clocks/clocks.c.obj
 .bss.default_alarm_pool_entry_ids_high
                0x200016d4       0x10 CMakeFiles/book_kbd.dir/C_/SRC/pico-sdk/src/common/pico_time/time.c.obj
 .bss.default_alarm_pool_heap_nodes
                0x200016e4       0x30 CMakeFiles/book_kbd.dir/C_/SRC/pico-sdk/src/common/pico_time/time.c.obj
 .bss.drivers   0x20001714        0x4 CMakeFiles/book_kbd.dir/C_/SRC/pico-sdk/src/rp2_common/pico_stdio/stdio.c.obj
 .bss.ep_pool   0x20001718      0x200 CMakeFiles/book_kbd.dir/C_/SRC/pico-sdk/lib/tinyusb/src/portable/raspberrypi/rp2040/hcd_rp2040.c.obj
 .bss.filter    0x20001918        0x4 CMakeFiles/book_kbd.dir/C_/SRC/pico-sdk/src/rp2_common/pico_stdio/stdio.c.obj
 .bss.hub_data  0x2000191c        0xc CMakeFiles/book_kbd.dir/C_/SRC/pico-sdk/lib/tinyusb/src/host/hub.c.obj
 .bss.lazy_vsnprintf
                0x20001928        0x4 CMakeFiles/book_kbd.dir/C_/SRC/pico-sdk/src/rp2_common/pico_printf/printf.c.obj
 .bss.lifo      0x2000192c       0x11 CMakeFiles/book_kbd.dir/book_kbd.c.obj
                0x2000192c                lifo
 *fill*         0x2000193d        0x3 
 .bss.pools     0x20001940       0x10 CMakeFiles/book_kbd.dir/C_/SRC/pico-sdk/src/common/pico_time/time.c.obj
 .bss.prev_keys.4
                0x20001950        0x6 CMakeFiles/book_kbd.dir/book_kbd.c.obj
 *fill*         0x20001956        0x2 
 .bss.sf_clz_func
                0x20001958        0x4 CMakeFiles/book_kbd.dir/C_/SRC/pico-sdk/src/rp2_common/pico_double/double_init_rom.c.obj
                0x20001958                sf_clz_func
 .bss.sleep_notifier
                0x2000195c        0x4 CMakeFiles/book_kbd.dir/C_/SRC/pico-sdk/src/common/pico_time/time.c.obj
 .bss.target_hi
                0x20001960       0x10 CMakeFiles/book_kbd.dir/C_/SRC/pico-sdk/src/rp2_common/hardware_timer/timer.c.obj
 .bss.uart_char_to_line_feed
                0x20001970        0x4 CMakeFiles/book_kbd.dir/C_/SRC/pico-sdk/src/rp2_common/hardware_uart/uart.c.obj
                0x20001970                uart_char_to_line_feed
 .bss.uart_inst
                0x20001974        0x4 CMakeFiles/book_kbd.dir/C_/SRC/pico-sdk/lib/tinyusb/hw/bsp/rp2040/family.c.obj
 .bss.uart_instance
                0x20001978        0x4 CMakeFiles/book_kbd.dir/C_/SRC/pico-sdk/src/rp2_common/pico_stdio_uart/stdio_uart.c.obj
 .bss.caps_state.1
                0x2000197c        0x1 CMakeFiles/book_kbd.dir/book_kbd.c.obj
 .bss.claimed   0x2000197d        0x1 CMakeFiles/book_kbd.dir/C_/SRC/pico-sdk/src/rp2_common/hardware_timer/timer.c.obj
 .bss.failed_count.0
                0x2000197e        0x1 CMakeFiles/book_kbd.dir/C_/SRC/pico-sdk/lib/tinyusb/src/host/usbh.c.obj
 .bss.irq_hander_chain_free_slot_head
                0x2000197f        0x1 CMakeFiles/book_kbd.dir/C_/SRC/pico-sdk/src/rp2_common/hardware_irq/irq.c.obj
 .bss.kbd_addr  0x20001980        0x1 CMakeFiles/book_kbd.dir/book_kbd.c.obj
                0x20001980                kbd_addr
 .bss.kbd_conn  0x20001981        0x1 CMakeFiles/book_kbd.dir/book_kbd.c.obj
                0x20001981                kbd_conn
 .bss.kbd_inst  0x20001982        0x1 CMakeFiles/book_kbd.dir/book_kbd.c.obj
                0x20001982                kbd_inst
 .bss.last_key  0x20001983        0x1 CMakeFiles/book_kbd.dir/book_kbd.c.obj
                0x20001983                last_key
 .bss.lifo_ptr  0x20001984        0x1 CMakeFiles/book_kbd.dir/book_kbd.c.obj
                0x20001984                lifo_ptr
 .bss.local_key
                0x20001985        0x1 CMakeFiles/book_kbd.dir/book_kbd.c.obj
                0x20001985                local_key
 .bss.numlock_state.2
                0x20001986        0x1 CMakeFiles/book_kbd.dir/book_kbd.c.obj
 .bss.prev_alt_state.7
                0x20001987        0x1 CMakeFiles/book_kbd.dir/book_kbd.c.obj
 .bss.prev_ctrl_state.8
                0x20001988        0x1 CMakeFiles/book_kbd.dir/book_kbd.c.obj
 .bss.prev_shiftl_state.6
                0x20001989        0x1 CMakeFiles/book_kbd.dir/book_kbd.c.obj
 .bss.prev_shiftr_state.5
                0x2000198a        0x1 CMakeFiles/book_kbd.dir/book_kbd.c.obj
 .bss.rep_counter
                0x2000198b        0x1 CMakeFiles/book_kbd.dir/book_kbd.c.obj
                0x2000198b                rep_counter
 .bss.repeat_key
                0x2000198c        0x1 CMakeFiles/book_kbd.dir/book_kbd.c.obj
                0x2000198c                repeat_key
 .bss.scroll_state.0
                0x2000198d        0x1 CMakeFiles/book_kbd.dir/book_kbd.c.obj
 .bss.set_leds.3
                0x2000198e        0x1 CMakeFiles/book_kbd.dir/book_kbd.c.obj
 .bss.timer_callbacks_pending
                0x2000198f        0x1 CMakeFiles/book_kbd.dir/C_/SRC/pico-sdk/src/rp2_common/hardware_timer/timer.c.obj
 *(COMMON)
                0x20001990                . = ALIGN (0x4)
                0x20001990                __bss_end__ = .

.heap           0x20001990      0x800
                0x20001990                __end__ = .
                0x20001990                end = __end__
 *(.heap*)
 .heap          0x20001990      0x800 CMakeFiles/book_kbd.dir/C_/SRC/pico-sdk/src/rp2_common/pico_standard_link/crt0.S.obj
                0x20002190                __HeapLimit = .

.stack1_dummy   0x20040000        0x0
 *(.stack1*)

.stack_dummy    0x20041000      0x800
 *(.stack*)
 .stack         0x20041000      0x800 CMakeFiles/book_kbd.dir/C_/SRC/pico-sdk/src/rp2_common/pico_standard_link/crt0.S.obj

.flash_end      0x10009d48        0x0
                0x10009d48                PROVIDE (__flash_binary_end = .)
                0x20040000                __StackLimit = (ORIGIN (RAM) + LENGTH (RAM))
                0x20041000                __StackOneTop = (ORIGIN (SCRATCH_X) + LENGTH (SCRATCH_X))
                0x20042000                __StackTop = (ORIGIN (SCRATCH_Y) + LENGTH (SCRATCH_Y))
                0x20041000                __StackOneBottom = (__StackOneTop - SIZEOF (.stack1_dummy))
                0x20041800                __StackBottom = (__StackTop - SIZEOF (.stack_dummy))
                0x20042000                PROVIDE (__stack = __StackTop)
                0x00000001                ASSERT ((__StackLimit >= __HeapLimit), region RAM overflowed)
                0x00000001                ASSERT (((__binary_info_header_end - __logical_binary_start) <= 0x100), Binary info must be in first 256 bytes of the binary)
LOAD CMakeFiles/book_kbd.dir/book_kbd.c.obj
LOAD CMakeFiles/book_kbd.dir/C_/SRC/pico-sdk/src/rp2_common/pico_stdlib/stdlib.c.obj
LOAD CMakeFiles/book_kbd.dir/C_/SRC/pico-sdk/src/rp2_common/hardware_gpio/gpio.c.obj
LOAD CMakeFiles/book_kbd.dir/C_/SRC/pico-sdk/src/rp2_common/pico_platform/platform.c.obj
LOAD CMakeFiles/book_kbd.dir/C_/SRC/pico-sdk/src/rp2_common/hardware_claim/claim.c.obj
LOAD CMakeFiles/book_kbd.dir/C_/SRC/pico-sdk/src/rp2_common/hardware_sync/sync.c.obj
LOAD CMakeFiles/book_kbd.dir/C_/SRC/pico-sdk/src/rp2_common/hardware_irq/irq.c.obj
LOAD CMakeFiles/book_kbd.dir/C_/SRC/pico-sdk/src/rp2_common/hardware_irq/irq_handler_chain.S.obj
LOAD CMakeFiles/book_kbd.dir/C_/SRC/pico-sdk/src/common/pico_sync/sem.c.obj
LOAD CMakeFiles/book_kbd.dir/C_/SRC/pico-sdk/src/common/pico_sync/lock_core.c.obj
LOAD CMakeFiles/book_kbd.dir/C_/SRC/pico-sdk/src/common/pico_sync/mutex.c.obj
LOAD CMakeFiles/book_kbd.dir/C_/SRC/pico-sdk/src/common/pico_sync/critical_section.c.obj
LOAD CMakeFiles/book_kbd.dir/C_/SRC/pico-sdk/src/common/pico_time/time.c.obj
LOAD CMakeFiles/book_kbd.dir/C_/SRC/pico-sdk/src/common/pico_time/timeout_helper.c.obj
LOAD CMakeFiles/book_kbd.dir/C_/SRC/pico-sdk/src/rp2_common/hardware_timer/timer.c.obj
LOAD CMakeFiles/book_kbd.dir/C_/SRC/pico-sdk/src/common/pico_util/datetime.c.obj
LOAD CMakeFiles/book_kbd.dir/C_/SRC/pico-sdk/src/common/pico_util/pheap.c.obj
LOAD CMakeFiles/book_kbd.dir/C_/SRC/pico-sdk/src/common/pico_util/queue.c.obj
LOAD CMakeFiles/book_kbd.dir/C_/SRC/pico-sdk/src/rp2_common/hardware_uart/uart.c.obj
LOAD CMakeFiles/book_kbd.dir/C_/SRC/pico-sdk/src/rp2_common/hardware_clocks/clocks.c.obj
LOAD CMakeFiles/book_kbd.dir/C_/SRC/pico-sdk/src/rp2_common/hardware_pll/pll.c.obj
LOAD CMakeFiles/book_kbd.dir/C_/SRC/pico-sdk/src/rp2_common/hardware_vreg/vreg.c.obj
LOAD CMakeFiles/book_kbd.dir/C_/SRC/pico-sdk/src/rp2_common/hardware_watchdog/watchdog.c.obj
LOAD CMakeFiles/book_kbd.dir/C_/SRC/pico-sdk/src/rp2_common/hardware_xosc/xosc.c.obj
LOAD CMakeFiles/book_kbd.dir/C_/SRC/pico-sdk/src/rp2_common/hardware_divider/divider.S.obj
LOAD CMakeFiles/book_kbd.dir/C_/SRC/pico-sdk/src/rp2_common/pico_runtime/runtime.c.obj
LOAD CMakeFiles/book_kbd.dir/C_/SRC/pico-sdk/src/rp2_common/pico_printf/printf.c.obj
LOAD CMakeFiles/book_kbd.dir/C_/SRC/pico-sdk/src/rp2_common/pico_bit_ops/bit_ops_aeabi.S.obj
LOAD CMakeFiles/book_kbd.dir/C_/SRC/pico-sdk/src/rp2_common/pico_bootrom/bootrom.c.obj
LOAD CMakeFiles/book_kbd.dir/C_/SRC/pico-sdk/src/rp2_common/pico_divider/divider.S.obj
LOAD CMakeFiles/book_kbd.dir/C_/SRC/pico-sdk/src/rp2_common/pico_double/double_aeabi.S.obj
LOAD CMakeFiles/book_kbd.dir/C_/SRC/pico-sdk/src/rp2_common/pico_double/double_init_rom.c.obj
LOAD CMakeFiles/book_kbd.dir/C_/SRC/pico-sdk/src/rp2_common/pico_double/double_math.c.obj
LOAD CMakeFiles/book_kbd.dir/C_/SRC/pico-sdk/src/rp2_common/pico_double/double_v1_rom_shim.S.obj
LOAD CMakeFiles/book_kbd.dir/C_/SRC/pico-sdk/src/rp2_common/pico_int64_ops/pico_int64_ops_aeabi.S.obj
LOAD CMakeFiles/book_kbd.dir/C_/SRC/pico-sdk/src/rp2_common/pico_float/float_aeabi.S.obj
LOAD CMakeFiles/book_kbd.dir/C_/SRC/pico-sdk/src/rp2_common/pico_float/float_init_rom.c.obj
LOAD CMakeFiles/book_kbd.dir/C_/SRC/pico-sdk/src/rp2_common/pico_float/float_math.c.obj
LOAD CMakeFiles/book_kbd.dir/C_/SRC/pico-sdk/src/rp2_common/pico_float/float_v1_rom_shim.S.obj
LOAD CMakeFiles/book_kbd.dir/C_/SRC/pico-sdk/src/rp2_common/pico_malloc/pico_malloc.c.obj
LOAD CMakeFiles/book_kbd.dir/C_/SRC/pico-sdk/src/rp2_common/pico_mem_ops/mem_ops_aeabi.S.obj
LOAD CMakeFiles/book_kbd.dir/C_/SRC/pico-sdk/src/rp2_common/pico_standard_link/crt0.S.obj
LOAD CMakeFiles/book_kbd.dir/C_/SRC/pico-sdk/src/rp2_common/pico_standard_link/new_delete.cpp.obj
LOAD CMakeFiles/book_kbd.dir/C_/SRC/pico-sdk/src/rp2_common/pico_standard_link/binary_info.c.obj
LOAD CMakeFiles/book_kbd.dir/C_/SRC/pico-sdk/src/rp2_common/pico_stdio/stdio.c.obj
LOAD CMakeFiles/book_kbd.dir/C_/SRC/pico-sdk/src/rp2_common/pico_stdio_uart/stdio_uart.c.obj
LOAD CMakeFiles/book_kbd.dir/C_/SRC/pico-sdk/lib/tinyusb/src/portable/raspberrypi/rp2040/hcd_rp2040.c.obj
LOAD CMakeFiles/book_kbd.dir/C_/SRC/pico-sdk/lib/tinyusb/src/portable/raspberrypi/rp2040/rp2040_usb.c.obj
LOAD CMakeFiles/book_kbd.dir/C_/SRC/pico-sdk/lib/tinyusb/src/host/usbh.c.obj
LOAD CMakeFiles/book_kbd.dir/C_/SRC/pico-sdk/lib/tinyusb/src/host/hub.c.obj
LOAD CMakeFiles/book_kbd.dir/C_/SRC/pico-sdk/lib/tinyusb/src/class/cdc/cdc_host.c.obj
LOAD CMakeFiles/book_kbd.dir/C_/SRC/pico-sdk/lib/tinyusb/src/class/hid/hid_host.c.obj
LOAD CMakeFiles/book_kbd.dir/C_/SRC/pico-sdk/lib/tinyusb/src/class/msc/msc_host.c.obj
LOAD CMakeFiles/book_kbd.dir/C_/SRC/pico-sdk/lib/tinyusb/src/class/vendor/vendor_host.c.obj
LOAD CMakeFiles/book_kbd.dir/C_/SRC/pico-sdk/lib/tinyusb/src/tusb.c.obj
LOAD CMakeFiles/book_kbd.dir/C_/SRC/pico-sdk/lib/tinyusb/src/common/tusb_fifo.c.obj
LOAD CMakeFiles/book_kbd.dir/C_/SRC/pico-sdk/lib/tinyusb/hw/bsp/rp2040/family.c.obj
LOAD C:\Users\n0p\AppData\Local\Temp\ccsICG6s.o
LOAD c:/progra~1/raspbe~1/picosd~1.1/gcc-ar~1/bin/../lib/gcc/arm-none-eabi/10.3.1/../../../../arm-none-eabi/lib/thumb/v6-m/nofp\libstdc++.a
LOAD c:/progra~1/raspbe~1/picosd~1.1/gcc-ar~1/bin/../lib/gcc/arm-none-eabi/10.3.1/../../../../arm-none-eabi/lib/thumb/v6-m/nofp\libm.a
START GROUP
LOAD c:/progra~1/raspbe~1/picosd~1.1/gcc-ar~1/bin/../lib/gcc/arm-none-eabi/10.3.1/thumb/v6-m/nofp\libgcc.a
LOAD c:/progra~1/raspbe~1/picosd~1.1/gcc-ar~1/bin/../lib/gcc/arm-none-eabi/10.3.1/../../../../arm-none-eabi/lib/thumb/v6-m/nofp\libc.a
END GROUP
START GROUP
LOAD c:/progra~1/raspbe~1/picosd~1.1/gcc-ar~1/bin/../lib/gcc/arm-none-eabi/10.3.1/thumb/v6-m/nofp\libgcc.a
LOAD c:/progra~1/raspbe~1/picosd~1.1/gcc-ar~1/bin/../lib/gcc/arm-none-eabi/10.3.1/../../../../arm-none-eabi/lib/thumb/v6-m/nofp\libc.a
LOAD c:/progra~1/raspbe~1/picosd~1.1/gcc-ar~1/bin/../lib/gcc/arm-none-eabi/10.3.1/../../../../arm-none-eabi/lib/thumb/v6-m/nofp\libnosys.a
END GROUP
LOAD c:/progra~1/raspbe~1/picosd~1.1/gcc-ar~1/bin/../lib/gcc/arm-none-eabi/10.3.1/thumb/v6-m/nofp/crtend.o
LOAD c:/progra~1/raspbe~1/picosd~1.1/gcc-ar~1/bin/../lib/gcc/arm-none-eabi/10.3.1/thumb/v6-m/nofp/crtn.o
OUTPUT(book_kbd.elf elf32-littlearm)
LOAD linker stubs

.ARM.attributes
                0x00000000       0x28
 .ARM.attributes
                0x00000000       0x1e c:/progra~1/raspbe~1/picosd~1.1/gcc-ar~1/bin/../lib/gcc/arm-none-eabi/10.3.1/thumb/v6-m/nofp/crti.o
 .ARM.attributes
                0x0000001e       0x2c c:/progra~1/raspbe~1/picosd~1.1/gcc-ar~1/bin/../lib/gcc/arm-none-eabi/10.3.1/thumb/v6-m/nofp/crtbegin.o
 .ARM.attributes
                0x0000004a       0x2c CMakeFiles/book_kbd.dir/book_kbd.c.obj
 .ARM.attributes
                0x00000076       0x2c CMakeFiles/book_kbd.dir/C_/SRC/pico-sdk/src/rp2_common/hardware_gpio/gpio.c.obj
 .ARM.attributes
                0x000000a2       0x2c CMakeFiles/book_kbd.dir/C_/SRC/pico-sdk/src/rp2_common/pico_platform/platform.c.obj
 .ARM.attributes
                0x000000ce       0x2c CMakeFiles/book_kbd.dir/C_/SRC/pico-sdk/src/rp2_common/hardware_claim/claim.c.obj
 .ARM.attributes
                0x000000fa       0x2c CMakeFiles/book_kbd.dir/C_/SRC/pico-sdk/src/rp2_common/hardware_sync/sync.c.obj
 .ARM.attributes
                0x00000126       0x2c CMakeFiles/book_kbd.dir/C_/SRC/pico-sdk/src/rp2_common/hardware_irq/irq.c.obj
 .ARM.attributes
                0x00000152       0x22 CMakeFiles/book_kbd.dir/C_/SRC/pico-sdk/src/rp2_common/hardware_irq/irq_handler_chain.S.obj
 .ARM.attributes
                0x00000174       0x2c CMakeFiles/book_kbd.dir/C_/SRC/pico-sdk/src/common/pico_sync/lock_core.c.obj
 .ARM.attributes
                0x000001a0       0x2c CMakeFiles/book_kbd.dir/C_/SRC/pico-sdk/src/common/pico_sync/mutex.c.obj
 .ARM.attributes
                0x000001cc       0x2c CMakeFiles/book_kbd.dir/C_/SRC/pico-sdk/src/common/pico_sync/critical_section.c.obj
 .ARM.attributes
                0x000001f8       0x2c CMakeFiles/book_kbd.dir/C_/SRC/pico-sdk/src/common/pico_time/time.c.obj
 .ARM.attributes
                0x00000224       0x2c CMakeFiles/book_kbd.dir/C_/SRC/pico-sdk/src/rp2_common/hardware_timer/timer.c.obj
 .ARM.attributes
                0x00000250       0x2c CMakeFiles/book_kbd.dir/C_/SRC/pico-sdk/src/common/pico_util/pheap.c.obj
 .ARM.attributes
                0x0000027c       0x2c CMakeFiles/book_kbd.dir/C_/SRC/pico-sdk/src/rp2_common/hardware_uart/uart.c.obj
 .ARM.attributes
                0x000002a8       0x2c CMakeFiles/book_kbd.dir/C_/SRC/pico-sdk/src/rp2_common/hardware_clocks/clocks.c.obj
 .ARM.attributes
                0x000002d4       0x2c CMakeFiles/book_kbd.dir/C_/SRC/pico-sdk/src/rp2_common/hardware_pll/pll.c.obj
 .ARM.attributes
                0x00000300       0x2c CMakeFiles/book_kbd.dir/C_/SRC/pico-sdk/src/rp2_common/hardware_watchdog/watchdog.c.obj
 .ARM.attributes
                0x0000032c       0x2c CMakeFiles/book_kbd.dir/C_/SRC/pico-sdk/src/rp2_common/hardware_xosc/xosc.c.obj
 .ARM.attributes
                0x00000358       0x2c CMakeFiles/book_kbd.dir/C_/SRC/pico-sdk/src/rp2_common/pico_runtime/runtime.c.obj
 .ARM.attributes
                0x00000384       0x2c CMakeFiles/book_kbd.dir/C_/SRC/pico-sdk/src/rp2_common/pico_printf/printf.c.obj
 .ARM.attributes
                0x000003b0       0x22 CMakeFiles/book_kbd.dir/C_/SRC/pico-sdk/src/rp2_common/pico_bit_ops/bit_ops_aeabi.S.obj
 .ARM.attributes
                0x000003d2       0x2c CMakeFiles/book_kbd.dir/C_/SRC/pico-sdk/src/rp2_common/pico_bootrom/bootrom.c.obj
 .ARM.attributes
                0x000003fe       0x22 CMakeFiles/book_kbd.dir/C_/SRC/pico-sdk/src/rp2_common/pico_divider/divider.S.obj
 .ARM.attributes
                0x00000420       0x22 CMakeFiles/book_kbd.dir/C_/SRC/pico-sdk/src/rp2_common/pico_double/double_aeabi.S.obj
 .ARM.attributes
                0x00000442       0x2c CMakeFiles/book_kbd.dir/C_/SRC/pico-sdk/src/rp2_common/pico_double/double_init_rom.c.obj
 .ARM.attributes
                0x0000046e       0x22 CMakeFiles/book_kbd.dir/C_/SRC/pico-sdk/src/rp2_common/pico_double/double_v1_rom_shim.S.obj
 .ARM.attributes
                0x00000490       0x22 CMakeFiles/book_kbd.dir/C_/SRC/pico-sdk/src/rp2_common/pico_int64_ops/pico_int64_ops_aeabi.S.obj
 .ARM.attributes
                0x000004b2       0x22 CMakeFiles/book_kbd.dir/C_/SRC/pico-sdk/src/rp2_common/pico_float/float_aeabi.S.obj
 .ARM.attributes
                0x000004d4       0x2c CMakeFiles/book_kbd.dir/C_/SRC/pico-sdk/src/rp2_common/pico_float/float_init_rom.c.obj
 .ARM.attributes
                0x00000500       0x22 CMakeFiles/book_kbd.dir/C_/SRC/pico-sdk/src/rp2_common/pico_float/float_v1_rom_shim.S.obj
 .ARM.attributes
                0x00000522       0x22 CMakeFiles/book_kbd.dir/C_/SRC/pico-sdk/src/rp2_common/pico_mem_ops/mem_ops_aeabi.S.obj
 .ARM.attributes
                0x00000544       0x22 CMakeFiles/book_kbd.dir/C_/SRC/pico-sdk/src/rp2_common/pico_standard_link/crt0.S.obj
 .ARM.attributes
                0x00000566       0x2c CMakeFiles/book_kbd.dir/C_/SRC/pico-sdk/src/rp2_common/pico_standard_link/binary_info.c.obj
 .ARM.attributes
                0x00000592       0x2c CMakeFiles/book_kbd.dir/C_/SRC/pico-sdk/src/rp2_common/pico_stdio/stdio.c.obj
 .ARM.attributes
                0x000005be       0x2c CMakeFiles/book_kbd.dir/C_/SRC/pico-sdk/src/rp2_common/pico_stdio_uart/stdio_uart.c.obj
 .ARM.attributes
                0x000005ea       0x2c CMakeFiles/book_kbd.dir/C_/SRC/pico-sdk/lib/tinyusb/src/portable/raspberrypi/rp2040/hcd_rp2040.c.obj
 .ARM.attributes
                0x00000616       0x2c CMakeFiles/book_kbd.dir/C_/SRC/pico-sdk/lib/tinyusb/src/portable/raspberrypi/rp2040/rp2040_usb.c.obj
 .ARM.attributes
                0x00000642       0x2c CMakeFiles/book_kbd.dir/C_/SRC/pico-sdk/lib/tinyusb/src/host/usbh.c.obj
 .ARM.attributes
                0x0000066e       0x2c CMakeFiles/book_kbd.dir/C_/SRC/pico-sdk/lib/tinyusb/src/host/hub.c.obj
 .ARM.attributes
                0x0000069a       0x2c CMakeFiles/book_kbd.dir/C_/SRC/pico-sdk/lib/tinyusb/src/class/cdc/cdc_host.c.obj
 .ARM.attributes
                0x000006c6       0x2c CMakeFiles/book_kbd.dir/C_/SRC/pico-sdk/lib/tinyusb/src/class/hid/hid_host.c.obj
 .ARM.attributes
                0x000006f2       0x2c CMakeFiles/book_kbd.dir/C_/SRC/pico-sdk/lib/tinyusb/src/class/msc/msc_host.c.obj
 .ARM.attributes
                0x0000071e       0x2c CMakeFiles/book_kbd.dir/C_/SRC/pico-sdk/lib/tinyusb/src/tusb.c.obj
 .ARM.attributes
                0x0000074a       0x2c CMakeFiles/book_kbd.dir/C_/SRC/pico-sdk/lib/tinyusb/src/common/tusb_fifo.c.obj
 .ARM.attributes
                0x00000776       0x2c CMakeFiles/book_kbd.dir/C_/SRC/pico-sdk/lib/tinyusb/hw/bsp/rp2040/family.c.obj
 .ARM.attributes
                0x000007a2       0x22 C:\Users\n0p\AppData\Local\Temp\ccsICG6s.o
 .ARM.attributes
                0x000007c4       0x1e c:/progra~1/raspbe~1/picosd~1.1/gcc-ar~1/bin/../lib/gcc/arm-none-eabi/10.3.1/thumb/v6-m/nofp\libgcc.a(_dvmd_tls.o)
 .ARM.attributes
                0x000007e2       0x2c c:/progra~1/raspbe~1/picosd~1.1/gcc-ar~1/bin/../lib/gcc/arm-none-eabi/10.3.1/../../../../arm-none-eabi/lib/thumb/v6-m/nofp\libc.a(lib_a-strlen-stub.o)

.comment        0x00000000       0x49
 .comment       0x00000000       0x49 CMakeFiles/book_kbd.dir/book_kbd.c.obj
                                 0x4a (size before relaxing)
 .comment       0x00000049       0x4a CMakeFiles/book_kbd.dir/C_/SRC/pico-sdk/src/rp2_common/hardware_gpio/gpio.c.obj
 .comment       0x00000049       0x4a CMakeFiles/book_kbd.dir/C_/SRC/pico-sdk/src/rp2_common/pico_platform/platform.c.obj
 .comment       0x00000049       0x4a CMakeFiles/book_kbd.dir/C_/SRC/pico-sdk/src/rp2_common/hardware_claim/claim.c.obj
 .comment       0x00000049       0x4a CMakeFiles/book_kbd.dir/C_/SRC/pico-sdk/src/rp2_common/hardware_sync/sync.c.obj
 .comment       0x00000049       0x4a CMakeFiles/book_kbd.dir/C_/SRC/pico-sdk/src/rp2_common/hardware_irq/irq.c.obj
 .comment       0x00000049       0x4a CMakeFiles/book_kbd.dir/C_/SRC/pico-sdk/src/common/pico_sync/lock_core.c.obj
 .comment       0x00000049       0x4a CMakeFiles/book_kbd.dir/C_/SRC/pico-sdk/src/common/pico_sync/mutex.c.obj
 .comment       0x00000049       0x4a CMakeFiles/book_kbd.dir/C_/SRC/pico-sdk/src/common/pico_sync/critical_section.c.obj
 .comment       0x00000049       0x4a CMakeFiles/book_kbd.dir/C_/SRC/pico-sdk/src/common/pico_time/time.c.obj
 .comment       0x00000049       0x4a CMakeFiles/book_kbd.dir/C_/SRC/pico-sdk/src/rp2_common/hardware_timer/timer.c.obj
 .comment       0x00000049       0x4a CMakeFiles/book_kbd.dir/C_/SRC/pico-sdk/src/common/pico_util/pheap.c.obj
 .comment       0x00000049       0x4a CMakeFiles/book_kbd.dir/C_/SRC/pico-sdk/src/rp2_common/hardware_uart/uart.c.obj
 .comment       0x00000049       0x4a CMakeFiles/book_kbd.dir/C_/SRC/pico-sdk/src/rp2_common/hardware_clocks/clocks.c.obj
 .comment       0x00000049       0x4a CMakeFiles/book_kbd.dir/C_/SRC/pico-sdk/src/rp2_common/hardware_pll/pll.c.obj
 .comment       0x00000049       0x4a CMakeFiles/book_kbd.dir/C_/SRC/pico-sdk/src/rp2_common/hardware_watchdog/watchdog.c.obj
 .comment       0x00000049       0x4a CMakeFiles/book_kbd.dir/C_/SRC/pico-sdk/src/rp2_common/hardware_xosc/xosc.c.obj
 .comment       0x00000049       0x4a CMakeFiles/book_kbd.dir/C_/SRC/pico-sdk/src/rp2_common/pico_runtime/runtime.c.obj
 .comment       0x00000049       0x4a CMakeFiles/book_kbd.dir/C_/SRC/pico-sdk/src/rp2_common/pico_printf/printf.c.obj
 .comment       0x00000049       0x4a CMakeFiles/book_kbd.dir/C_/SRC/pico-sdk/src/rp2_common/pico_bootrom/bootrom.c.obj
 .comment       0x00000049       0x4a CMakeFiles/book_kbd.dir/C_/SRC/pico-sdk/src/rp2_common/pico_double/double_init_rom.c.obj
 .comment       0x00000049       0x4a CMakeFiles/book_kbd.dir/C_/SRC/pico-sdk/src/rp2_common/pico_float/float_init_rom.c.obj
 .comment       0x00000049       0x4a CMakeFiles/book_kbd.dir/C_/SRC/pico-sdk/src/rp2_common/pico_standard_link/binary_info.c.obj
 .comment       0x00000049       0x4a CMakeFiles/book_kbd.dir/C_/SRC/pico-sdk/src/rp2_common/pico_stdio/stdio.c.obj
 .comment       0x00000049       0x4a CMakeFiles/book_kbd.dir/C_/SRC/pico-sdk/src/rp2_common/pico_stdio_uart/stdio_uart.c.obj
 .comment       0x00000049       0x4a CMakeFiles/book_kbd.dir/C_/SRC/pico-sdk/lib/tinyusb/src/portable/raspberrypi/rp2040/hcd_rp2040.c.obj
 .comment       0x00000049       0x4a CMakeFiles/book_kbd.dir/C_/SRC/pico-sdk/lib/tinyusb/src/portable/raspberrypi/rp2040/rp2040_usb.c.obj
 .comment       0x00000049       0x4a CMakeFiles/book_kbd.dir/C_/SRC/pico-sdk/lib/tinyusb/src/host/usbh.c.obj
 .comment       0x00000049       0x4a CMakeFiles/book_kbd.dir/C_/SRC/pico-sdk/lib/tinyusb/src/host/hub.c.obj
 .comment       0x00000049       0x4a CMakeFiles/book_kbd.dir/C_/SRC/pico-sdk/lib/tinyusb/src/class/cdc/cdc_host.c.obj
 .comment       0x00000049       0x4a CMakeFiles/book_kbd.dir/C_/SRC/pico-sdk/lib/tinyusb/src/class/hid/hid_host.c.obj
 .comment       0x00000049       0x4a CMakeFiles/book_kbd.dir/C_/SRC/pico-sdk/lib/tinyusb/src/class/msc/msc_host.c.obj
 .comment       0x00000049       0x4a CMakeFiles/book_kbd.dir/C_/SRC/pico-sdk/lib/tinyusb/src/tusb.c.obj
 .comment       0x00000049       0x4a CMakeFiles/book_kbd.dir/C_/SRC/pico-sdk/lib/tinyusb/src/common/tusb_fifo.c.obj
 .comment       0x00000049       0x4a CMakeFiles/book_kbd.dir/C_/SRC/pico-sdk/lib/tinyusb/hw/bsp/rp2040/family.c.obj

.debug_frame    0x00000000       0x28
 .debug_frame   0x00000000       0x28 c:/progra~1/raspbe~1/picosd~1.1/gcc-ar~1/bin/../lib/gcc/arm-none-eabi/10.3.1/../../../../arm-none-eabi/lib/thumb/v6-m/nofp\libc.a(lib_a-strlen-stub.o)
